******************************************************************************
                  TI ARM Linker PC v15.12.3                    
******************************************************************************
>> Linked Wed Jul 26 22:34:17 2017

OUTPUT FILE NAME:   <blefi.out>
ENTRY POINT SYMBOL: "_c_int00"  address: 2001aefd


MEMORY CONFIGURATION

         name            origin    length      used     unused   attr    fill
----------------------  --------  ---------  --------  --------  ----  --------
  SRAM_CODE             20004000   00027eff  0001b7d8  0000c727  RW X
  SRAM_DATA             2002bf00   00012eff  000105e4  0000291b  RW X


SEGMENT ALLOCATION MAP

run origin  load origin   length   init length attrs members
----------  ----------- ---------- ----------- ----- -------
20004000    20004000    0001b7e4   0001b7e4    r-x
  20004000    20004000    0000030c   0000030c    r-- .resetVecs
  20004310    20004310    00018a22   00018a22    r-x .text
  2001cd34    2001cd34    00002726   00002726    r-- .const
  2001f460    2001f460    00000384   00000384    r-- .cinit
2002bf00    2002bf00    0000e5e4   00000000    rw-
  2002bf00    2002bf00    0000e134   00000000    rw- .bss
  2003a034    2003a034    000004b0   00000000    rw- .data
2003cdfc    2003cdfc    00002000   00000000    rw-
  2003cdfc    2003cdfc    00002000   00000000    rw- .stack


SECTION ALLOCATION MAP

 output                                  attributes/
section   page    origin      length       input sections
--------  ----  ----------  ----------   ----------------
.init_array 
*          0    20004000    00000000     UNINITIALIZED

.resetVecs 
*          0    20004000    0000030c     
                  20004000    0000030c     app_pem4.oem4 (.resetVecs)

.text      0    20004310    00018a22     
                  20004310    00001ae4     generic_task.obj (.text)
                  20005df4    00001180     gateway.a : database.obj (.text)
                  20006f74    000010fc     rtsv7M4_T_le_eabi.lib : _printfi.obj (.text)
                  20008070    00000dfc     cli.a : cli_handler.obj (.text)
                  20008e6c    00000bc0     gateway.a : gateway_events.obj (.text)
                  20009a2c    00000b94     cli.a : cli.obj (.text)
                  2000a5c0    000009d8     cc26xxdnld.obj (.text)
                  2000af98    00000940     wifi.obj (.text)
                  2000b8d8    0000082c     gateway.a : gapbondmgr.obj (.text)
                  2000c104    00000768               : gateway_task.obj (.text)
                  2000c86c    000006ac               : gateway_api.obj (.text)
                  2000cf18    000005f8     ota.a : OtaHttp.obj (.text)
                  2000d510    000005ec     simplelink.a : driver.obj (.text:_SlDrvMsgRead)
                  2000dafc    000005dc     cc3200.obj (.text)
                  2000e0d8    000005ac     npi.a : gap_packets.obj (.text)
                  2000e684    00000548     otatask.obj (.text)
                  2000ebcc    00000544     ti_rtos.a : osi_tirtos.obj (.text)
                  2000f110    00000530     npi.a : gatt.obj (.text)
                  2000f640    000004a2           : gap.obj (.text)
                  2000fae2    00000006     driverlib.a : utils.obj (.text:UtilsDelay)
                  2000fae8    00000430     sysbios.aem4 : BIOS.obj (.text:ti_sysbios_family_arm_m3_Hwi_excDumpRegs__I)
                  2000ff18    0000042c     ota.a : OtaClient.obj (.text)
                  20010344    000003fc           : OtaApp.obj (.text)
                  20010740    00000374     npi.a : uart_def.obj (.text)
                  20010ab4    0000035c     ota.a : CdnClient.obj (.text)
                  20010e10    0000034c     ti.targets.arm.rtsarm.aem4 : System.oem4 (.text:xdc_runtime_System_doPrint__I)
                  2001115c    00000334     npi.a : npi_cc3200_if.obj (.text)
                  20011490    00000334     ota.a : LogClient.obj (.text)
                  200117c4    00000324     rtsv7M4_T_le_eabi.lib : trgdrv.obj (.text)
                  20011ae8    00000314     sysbios.aem4 : BIOS.obj (.text:ti_sysbios_knl_Semaphore_pend__E)
                  20011dfc    000002d4     gateway.a : gateway_cmds.obj (.text)
                  200120d0    00000270     simplelink.a : wlan.obj (.text:sl_WlanProfileAdd)
                  20012340    00000254     sysbios.aem4 : BIOS.obj (.text:ti_sysbios_heaps_HeapMem_free__E)
                  20012594    00000248     simplelink.a : driver.obj (.text:_SlDrvRxHdrRead)
                  200127dc    00000248     gateway.a : ble_central.obj (.text)
                  20012a24    00000004     app_pem4.oem4 (.text:ti_sysbios_BIOS_RtsGateProxy_enter__E)
                  20012a28    00000248     sysbios.aem4 : BIOS.obj (.text:ti_sysbios_heaps_HeapMem_alloc__E)
                  20012c70    00000244     simplelink.a : wlan.obj (.text:sl_WlanConnect)
                  20012eb4    00000234     uart_if.obj (.text)
                  200130e8    0000022c     sysbios.aem4 : BIOS.obj (.text:ti_sysbios_knl_Task_Instance_finalize__E)
                  20013314    00000004     app_pem4.oem4 (.text:ti_sysbios_BIOS_RtsGateProxy_leave__E)
                  20013318    00000200     sysbios.aem4 : BIOS.obj (.text:ti_sysbios_knl_Task_sleep__E)
                  20013518    000001fc                  : BIOS.obj (.text:ti_sysbios_family_arm_m3_Hwi_excHandlerMax__I)
                  20013714    000001f4     rtsv7M4_T_le_eabi.lib : ull_div_t2.obj (.text)
                  20013908    000001d0     simplelink.a : driver.obj (.text:_SlDrvReleasePoolObj)
                  20013ad8    000001cc                  : driver.obj (.text:_SlDrvMsgWrite)
                  20013ca4    00000004     app_pem4.oem4 (.text:ti_sysbios_family_arm_m3_Hwi_delete)
                  20013ca8    000001c8     sysbios.aem4 : BIOS.obj (.text:ti_sysbios_knl_Task_Instance_init__E)
                  20013e70    000001b6     rtsv7M4_T_le_eabi.lib : fd_add_t2.obj (.text)
                  20014026    00000002                           : i_div0.obj (.text)
                  20014028    0000019c     sysbios.aem4 : BIOS.obj (.text:ti_sysbios_knl_Task_Module_startup__E)
                  200141c4    00000190     simplelink.a : driver.obj (.text:_SlDrvWaitForPoolObj)
                  20014354    00000190     npi.a : ble_events.obj (.text)
                  200144e4    00000184     flc.a : flc.obj (.text)
                  20014668    00000180     blefi_gpio_if.obj (.text)
                  200147e8    00000174     simplelink.a : driver.obj (.text:_SlDrvDriverCBInit)
                  2001495c    00000004     app_pem4.oem4 (.text:ti_sysbios_family_arm_m3_TaskSupport_Module__startupDone__S)
                  20014960    00000174     sysbios.aem4 : BIOS.obj (.text:ti_sysbios_family_arm_m3_Hwi_excBusFault__I)
                  20014ad4    00000170     simplelink.a : driver.obj (.text:_SlFindAndSetActiveObj)
                  20014c44    00000004     app_pem4.oem4 (.text:ti_sysbios_heaps_HeapMem_Module_GateProxy_enter__E)
                  20014c48    00000164     sysbios.aem4 : BIOS.obj (.text:ti_sysbios_family_arm_m3_Hwi_excUsageFault__I)
                  20014dac    00000160     main.obj (.text)
                  20014f0c    00000004     app_pem4.oem4 (.text:ti_sysbios_heaps_HeapMem_Module_GateProxy_leave__E)
                  20014f10    00000158     sysbios.aem4 : BIOS.obj (.text:ti_sysbios_knl_Mailbox_Instance_init__E)
                  20015068    00000150     simplelink.a : cc_pal.obj (.text:spi_Open)
                  200151b8    00000148     sysbios.aem4 : BIOS.obj (.text:ti_sysbios_family_arm_m3_Hwi_excMemFault__I)
                  20015300    00000140                  : BIOS.obj (.text:ti_sysbios_knl_Semaphore_post__E)
                  20015440    0000013c     simplelink.a : socket.obj (.text:sl_Select)
                  2001557c    00000004     app_pem4.oem4 (.text:ti_sysbios_knl_Clock_TimerProxy_getMaxTicks__E)
                  20015580    0000013c     sysbios.aem4 : BIOS.obj (.text:ti_sysbios_heaps_HeapMem_Instance_init__E)
                  200156bc    00000138     pinmux.obj (.text)
                  200157f4    00000004     app_pem4.oem4 (.text:ti_sysbios_knl_Mailbox_delete)
                  200157f8    00000138     sysbios.aem4 : BIOS.obj (.text:ti_sysbios_family_arm_m3_Hwi_dispatchC__I)
                  20015930    00000138     ti.targets.arm.rtsarm.aem4 : LoggerBuf.oem4 (.text:xdc_runtime_LoggerBuf_write8__E)
                  20015a68    00000136     rtsv7M4_T_le_eabi.lib : fd_div_t2.obj (.text)
                  20015b9e    00000002     app_pem4.oem4 (.text:ti_sysbios_BIOS_nullFunc__I)
                  20015ba0    00000134     driverlib.a : prcm.obj (.text:PRCMCC3200MCUInit)
                  20015cd4    00000004     app_pem4.oem4 (.text:ti_sysbios_knl_Queue_destruct)
                  20015cd8    00000134     sysbios.aem4 : BIOS.obj (.text:ti_sysbios_knl_Clock_workFunc__E)
                  20015e0c    00000128     simplelink.a : driver.obj (.text:_SlDrvDataReadOp)
                  20015f34    00000004     app_pem4.oem4 (.text:ti_sysbios_knl_Semaphore_delete)
                  20015f38    0000011c     sysbios.aem4 : BIOS.obj (.text:ti_sysbios_knl_Swi_run__I)
                  20016054    00000118     ti.targets.arm.rtsarm.aem4 : Error.oem4 (.text:xdc_runtime_Error_policyDefault__E)
                  2001616c    00000114     rtsv7M4_T_le_eabi.lib : strtoul.obj (.text)
                  20016280    00000108     simplelink.a : socket.obj (.text:sl_Connect)
                  20016388    00000108                  : socket.obj (.text:sl_Send)
                  20016490    00000104                  : driver.obj (.text:_SlDrvDataWriteOp)
                  20016594    00000104                  : netapp.obj (.text:sl_NetAppDnsGetHostByName)
                  20016698    00000100     ti.targets.arm.rtsarm.aem4 : Core-mem.oem4 (.text:xdc_runtime_Core_createObject__I)
                  20016798    000000fe     simplelink.a : netapp.obj (.text:_SlDrvNetAppEventHandler)
                  20016896    000000fc     rtsv7M4_T_le_eabi.lib : fd_mul_t2.obj (.text)
                  20016992    00000002     app_pem4.oem4 (.text:xdc_runtime_Startup_reset__I)
                  20016994    000000f8     ti.targets.arm.rtsarm.aem4 : Startup.oem4 (.text:xdc_runtime_Startup_startMods__I)
                  20016a8c    000000f8     app_pem4.oem4 (.text:xdc_runtime_System_printfExtend__I)
                  20016b84    000000f4     simplelink.a : fs.obj (.text:sl_FsRead)
                  20016c78    000000f0     driverlib.a : udma.obj (.text:uDMAChannelTransferSet)
                  20016d68    000000ec     simplelink.a : fs.obj (.text:sl_FsWrite)
                  20016e54    000000dc                  : cc_pal.obj (.text:spi_Read)
                  20016f30    000000d8                  : driver.obj (.text:_SlDrvClassifyRxMsg)
                  20017008    000000d4     ti.targets.arm.rtsarm.aem4 : LoggerBuf.oem4 (.text:xdc_runtime_LoggerBuf_write4__E)
                  200170dc    000000d0     rtsv7M4_T_le_eabi.lib : s_scalbn.obj (.text)
                  200171ac    00000004     app_pem4.oem4 (.text:ti_sysbios_knl_Semaphore_destruct)
                  200171b0    000000d0     sysbios.aem4 : BIOS.obj (.text:ti_sysbios_family_arm_m3_Hwi_Module_startup__E)
                  20017280    000000d0                  : m3_Hwi_asm.obj (.text:ti_sysbios_family_arm_m3_Hwi_dispatch__I)
                  20017350    000000cc                  : BIOS.obj (.text:ti_sysbios_knl_Task_schedule__I)
                  2001741c    000000cc     ti.targets.arm.rtsarm.aem4 : Core-smem.oem4 (.text:xdc_runtime_Core_constructObject__I)
                  200174e8    000000c8     simplelink.a : netapp.obj (.text:_sl_HandleAsync_DnsGetHostByService)
                  200175b0    000000c4                  : driver.obj (.text:_SlRemoveFromList)
                  20017674    000000bc                  : driver.obj (.text:_SlDrvMsgReadCmdCtx)
                  20017730    000000bc                  : device.obj (.text:sl_Start)
                  200177ec    00000004     app_pem4.oem4 (.text:ti_sysbios_knl_Task_delete)
                  200177f0    000000bc     sysbios.aem4 : BIOS.obj (.text:ti_sysbios_family_arm_m3_Hwi_excDebugMon__I)
                  200178ac    00000004     ti.targets.arm.rtsarm.aem4 : Error.oem4 (.text:xdc_runtime_Error_getSite__E)
                  200178b0    000000bc     sysbios.aem4 : BIOS.obj (.text:ti_sysbios_family_arm_m3_Hwi_excHardFault__I)
                  2001796c    00000004     app_pem4.oem4 (.text:xdc_runtime_LoggerBuf_Module_GateProxy_enter__E)
                  20017970    000000bc     sysbios.aem4 : BIOS.obj (.text:ti_sysbios_knl_Task_startCore__E)
                  20017a2c    000000b8     simplelink.a : driver.obj (.text:_SlAsyncEventGenericHandler)
                  20017ae4    00000004     app_pem4.oem4 (.text:xdc_runtime_LoggerBuf_Module_GateProxy_leave__E)
                  20017ae8    000000b4     sysbios.aem4 : BIOS.obj (.text:ti_sysbios_gates_GateMutex_enter__E)
                  20017b9c    00000004     app_pem4.oem4 (.text:xdc_runtime_System_Module_GateProxy_enter__E)
                  20017ba0    000000b4     sysbios.aem4 : BIOS.obj (.text:ti_sysbios_knl_Task_checkStacks__E)
                  20017c54    00000004     app_pem4.oem4 (.text:xdc_runtime_System_Module_GateProxy_leave__E)
                  20017c58    000000b4     sysbios.aem4 : BIOS.obj (.text:ti_sysbios_knl_Task_yield__E)
                  20017d0c    000000b0     smartconfig.obj (.text)
                  20017dbc    00000004     ti.targets.arm.rtsarm.aem4 : System.oem4 (.text:xdc_runtime_System_aprintf_va__F)
                  20017dc0    000000ac     sysbios.aem4 : BIOS.obj (.text:ti_sysbios_knl_Swi_post__E)
                  20017e6c    000000a8     driverlib.a : interrupt.obj (.text:IntDisable)
                  20017f14    000000a8                 : interrupt.obj (.text:IntEnable)
                  20017fbc    000000a8     simplelink.a : netcfg.obj (.text:sl_NetCfgGet)
                  20018064    00000004     ti.targets.arm.rtsarm.aem4 : System.oem4 (.text:xdc_runtime_System_printf_va__F)
                  20018068    000000a8     sysbios.aem4 : BIOS.obj (.text:ti_sysbios_knl_Task_blockI__E)
                  20018110    000000a8                  : BIOS.obj (.text:ti_sysbios_knl_Task_postInit__I)
                  200181b8    000000a0     driverlib.a : spi.obj (.text:SPIConfigSetExpClk)
                  20018258    000000a0     auto_init.aem4 : auto_init.oem4 (.text)
                  200182f8    000000a0     ti.targets.arm.rtsarm.aem4 : Text.oem4 (.text:xdc_runtime_Text_putMod__E)
                  20018398    0000009c     simplelink.a : driver.obj (.text:_SlDrvMsgReadSpawnCtx)
                  20018434    0000009c     rtsv7M4_T_le_eabi.lib : memcpy_t2.obj (.text)
                  200184d0    0000009c     sysbios.aem4 : BIOS.obj (.text:ti_sysbios_knl_Semaphore_Instance_init__E)
                  2001856c    0000009c     ti.targets.arm.rtsarm.aem4 : LoggerBuf.oem4 (.text:xdc_runtime_LoggerBuf_setFilterLevel__E)
                  20018608    0000009a                                : Text.oem4 (.text:xdc_runtime_Text_putSite__E)
                  200186a2    00000002     --HOLE-- [fill = 0]
                  200186a4    00000098     simplelink.a : fs.obj (.text:_sl_GetCreateFsMode)
                  2001873c    00000004     --HOLE-- [fill = 0]
                  20018740    00000098     sysbios.aem4 : BIOS.obj (.text:ti_sysbios_knl_Mailbox_post__E)
                  200187d8    00000094     driverlib.a : prcm.obj (.text:PRCMPeripheralClockGet)
                  2001886c    00000094     rtsv7M4_T_le_eabi.lib : snprintf.obj (.text)
                  20018900    00000094     sysbios.aem4 : BIOS.obj (.text:ti_sysbios_family_arm_m3_Hwi_Instance_init__E)
                  20018994    00000004     --HOLE-- [fill = 0]
                  20018998    00000094                  : BIOS.obj (.text:ti_sysbios_knl_Task_exit__E)
                  20018a2c    00000090     simplelink.a : wlan.obj (.text:sl_WlanSmartConfigStart)
                  20018abc    00000004     --HOLE-- [fill = 0]
                  20018ac0    00000090     sysbios.aem4 : BIOS.obj (.text:ti_sysbios_knl_Task_unblockI__E)
                  20018b50    0000008c     simplelink.a : cc_pal.obj (.text:SetupDMAReceive)
                  20018bdc    0000008c                  : cc_pal.obj (.text:SetupDMASend)
                  20018c68    0000008c                  : netapp.obj (.text:_sl_HandleAsync_DnsGetHostByName)
                  20018cf4    0000008c                  : netapp.obj (.text:_sl_HandleAsync_PingResponse)
                  20018d80    0000008c                  : cc_pal.obj (.text:spi_Write)
                  20018e0c    00000004     --HOLE-- [fill = 0]
                  20018e10    0000008c     sysbios.aem4 : BIOS.obj (.text:ti_sysbios_knl_Mailbox_pend__E)
                  20018e9c    00000088     driverlib.a : prcm.obj (.text:PRCMHibernateIntervalSet)
                  20018f24    00000088                 : pin.obj (.text:PinConfigSet)
                  20018fac    00000088     rtsv7M4_T_le_eabi.lib : vsnprintf.obj (.text)
                  20019034    00000088     simplelink.a : fs.obj (.text:sl_FsClose)
                  200190bc    00000004     --HOLE-- [fill = 0]
                  200190c0    00000088     sysbios.aem4 : BIOS.obj (.text:ti_sysbios_family_arm_m3_Hwi_initNVIC__E)
                  20019148    00000088                  : BIOS.obj (.text:ti_sysbios_knl_Mailbox_Module_startup__E)
                  200191d0    00000086     rtsv7M4_T_le_eabi.lib : fd_cmp_t2.obj (.text:__aeabi_cdcmple)
                  20019256    00000086                           : fd_cmp_t2.obj (.text:__aeabi_cdrcmple)
                  200192dc    00000084     simplelink.a : cc_pal.obj (.text:NwpPowerOnPreamble)
                  20019360    00000084     sysbios.aem4 : BIOS.obj (.text:ti_sysbios_family_arm_m3_Hwi_postInit__I)
                  200193e4    00000082     driverlib.a : gpio.obj (.text:GPIOIntTypeSet)
                  20019466    00000002     --HOLE-- [fill = 0]
                  20019468    00000080     simplelink.a : driver.obj (.text:_SlDrvCmdOp)
                  200194e8    00000080                  : cc_pal.obj (.text:spi_Read_CPU)
                  20019568    00000080                  : cc_pal.obj (.text:spi_Write_CPU)
                  200195e8    0000007c                  : device.obj (.text:_sl_HandleAsync_InitComplete)
                  20019664    0000007c                  : fs.obj (.text:sl_FsGetInfo)
                  200196e0    0000007c     sysbios.aem4 : BIOS.obj (.text:ti_sysbios_family_arm_m3_TimestampProvider_get64__E)
                  2001975c    0000007a     rtsv7M4_T_le_eabi.lib : memset_t2.obj (.text)
                  200197d6    00000002     --HOLE-- [fill = 0]
                  200197d8    00000078     simplelink.a : socket.obj (.text:_sl_HandleAsync_Connect)
                  20019850    00000078                  : fs.obj (.text:sl_FsOpen)
                  200198c8    00000076     driverlib.a : uart.obj (.text:UARTConfigSetExpClk)
                  2001993e    00000002     --HOLE-- [fill = 0]
                  20019940    00000074     simplelink.a : socket.obj (.text:sl_Recv)
                  200199b4    00000074     ti.targets.arm.rtsarm.aem4 : LoggerBuf.oem4 (.text:xdc_runtime_LoggerBuf_getFilterLevel__E)
                  20019a28    00000070     sysbios.aem4 : BIOS.obj (.text:ti_sysbios_knl_Mailbox_Instance_finalize__E)
                  20019a98    0000006d     ti.targets.arm.rtsarm.aem4 : System.oem4 (.text:xdc_runtime_System_formatNum__I)
                  20019b05    00000003     --HOLE-- [fill = 0]
                  20019b08    0000006c     simplelink.a : driver.obj (.text:_SlDrvCmdSend)
                  20019b74    00000004     --HOLE-- [fill = 0]
                  20019b78    0000006c     sysbios.aem4 : BIOS.obj (.text:ti_sysbios_knl_Swi_restoreHwi__E)
                  20019be4    0000006c     ti.targets.arm.rtsarm.aem4 : Error.oem4 (.text:xdc_runtime_Error_print__E)
                  20019c50    0000006c                                : Memory.oem4 (.text:xdc_runtime_Memory_alloc__E)
                  20019cbc    0000006a     rtsv7M4_T_le_eabi.lib : copy_decompress_rle.obj (.text)
                  20019d26    00000002     --HOLE-- [fill = 0]
                  20019d28    00000068     simplelink.a : netapp.obj (.text:_sl_NetAppSendTokenValue)
                  20019d90    00000068     rtsv7M4_T_le_eabi.lib : trgmsg.obj (.text)
                  20019df8    00000068     simplelink.a : socket.obj (.text:sl_SetSockOpt)
                  20019e60    00000066     ti.targets.arm.rtsarm.aem4 : Core-mem.oem4 (.text:xdc_runtime_Core_deleteObject__I)
                  20019ec6    00000002     --HOLE-- [fill = 0]
                  20019ec8    00000064     app_pem4.oem4 (.text:ti_sysbios_family_arm_m3_Hwi_create)
                  20019f2c    00000064     app_pem4.oem4 (.text:ti_sysbios_knl_Mailbox_create)
                  20019f90    00000064     driverlib.a : udma.obj (.text:uDMAChannelAttributeDisable)
                  20019ff4    00000064                 : udma.obj (.text:uDMAChannelAttributeEnable)
                  2001a058    00000060     simplelink.a : socket.obj (.text:_sl_HandleAsync_Accept)
                  2001a0b8    00000060     npi.a : hci.obj (.text)
                  2001a118    00000060     rtsv7M4_T_le_eabi.lib : sprintf.obj (.text)
                  2001a178    00000060     simplelink.a : wlan.obj (.text:sl_WlanPolicySet)
                  2001a1d8    00000060     sysbios.aem4 : BIOS.obj (.text:ti_sysbios_knl_Clock_logTick__E)
                  2001a238    0000005c     rtsv7M4_T_le_eabi.lib : s_frexp.obj (.text)
                  2001a294    0000005c     simplelink.a : socket.obj (.text:sl_Socket)
                  2001a2f0    0000005c     sysbios.aem4 : BIOS.obj (.text:ti_sysbios_knl_Swi_schedule__I)
                  2001a34c    0000005c     app_pem4.oem4 (.text:ti_sysbios_knl_Task_create)
                  2001a3a8    0000005c     app_pem4.oem4 (.text:xdc_runtime_LoggerBuf_Object__create__S)
                  2001a404    0000005b     ti.targets.arm.rtsarm.aem4 : Text.oem4 (.text:xdc_runtime_Text_putLab__E)
                  2001a45f    00000001     --HOLE-- [fill = 0]
                  2001a460    00000058     driverlib.a : interrupt.obj (.text:IntPendClear)
                  2001a4b8    00000058                 : prcm.obj (.text:PRCMPeripheralReset)
                  2001a510    00000058     sysbios.aem4 : BIOS.obj (.text:ti_sysbios_family_arm_m3_Timer_setPeriod__E)
                  2001a568    00000056     rtsv7M4_T_le_eabi.lib : ltoa.obj (.text)
                  2001a5be    00000002     --HOLE-- [fill = 0]
                  2001a5c0    00000054     simplelink.a : socket.obj (.text:_sl_HandleAsync_Select)
                  2001a614    00000054     rtsv7M4_T_le_eabi.lib : exit.obj (.text)
                  2001a668    00000054     sysbios.aem4 : BIOS.obj (.text:ti_sysbios_family_arm_m3_Timer_start__E)
                  2001a6bc    00000054     ti.targets.arm.rtsarm.aem4 : Assert.oem4 (.text:xdc_runtime_Assert_raise__I)
                  2001a710    00000050     simplelink.a : device.obj (.text:_sl_HandleAsync_Stop)
                  2001a760    00000050                  : fs.obj (.text:sl_FsDel)
                  2001a7b0    00000050     ti.targets.arm.rtsarm.aem4 : Startup.oem4 (.text:xdc_runtime_Startup_exec__E)
                  2001a800    00000050                                : Text.oem4 (.text:xdc_runtime_Text_visitRope2__I)
                  2001a850    0000004c     driverlib.a : spi.obj (.text:SPIIntEnable)
                  2001a89c    0000004c     simplelink.a : driver.obj (.text:_SlDrvProtectAsyncRespSetting)
                  2001a8e8    0000004c                  : driver.obj (.text:_SlDrvRxIrqHandler)
                  2001a934    0000004c                  : socket.obj (.text:_sl_BuildAddress)
                  2001a980    0000004c     rtsv7M4_T_le_eabi.lib : atoi.obj (.text)
                  2001a9cc    0000004c                           : atol.obj (.text)
                  2001aa18    0000004c                           : cpy_tbl.obj (.text)
                  2001aa64    0000004c     sysbios.aem4 : m3_TaskSupport_asm.obj (.text:ti_sysbios_family_arm_m3_TaskSupport_buildTaskStack)
                  2001aab0    0000004c                  : BIOS.obj (.text:ti_sysbios_heaps_HeapMem_getStats__E)
                  2001aafc    00000004     --HOLE-- [fill = 0]
                  2001ab00    0000004c                  : BIOS.obj (.text:ti_sysbios_knl_Swi_runLoop__I)
                  2001ab4c    00000004     --HOLE-- [fill = 0]
                  2001ab50    0000004c                  : BIOS.obj (.text:ti_sysbios_knl_Task_allBlockedFunction__I)
                  2001ab9c    0000004c     driverlib.a : udma.obj (.text:uDMAChannelAssign)
                  2001abe8    00000048                 : prcm.obj (.text:PRCMHibernateWakeupSourceEnable)
                  2001ac30    00000048                 : spi.obj (.text:SPIIntClear)
                  2001ac78    00000048     simplelink.a : driver.obj (.text:_SlDrvBasicCmd)
                  2001acc0    00000048     rtsv7M4_T_le_eabi.lib : fd_toi_t2.obj (.text)
                  2001ad08    00000048     sysbios.aem4 : BIOS.obj (.text:ti_sysbios_family_arm_m3_Hwi_disableInterrupt__E)
                  2001ad50    00000048                  : BIOS.obj (.text:ti_sysbios_family_arm_m3_Hwi_enableInterrupt__E)
                  2001ad98    00000048                  : BIOS.obj (.text:ti_sysbios_family_arm_m3_Hwi_excReserved__I)
                  2001ade0    00000048                  : m3_Hwi_asm_switch.obj (.text:ti_sysbios_family_arm_m3_Hwi_initStacks__E)
                  2001ae28    00000048                  : BIOS.obj (.text:ti_sysbios_family_arm_m3_Timer_initDevice__I)
                  2001ae70    00000046     ti.targets.arm.rtsarm.aem4 : Core-params.oem4 (.text:xdc_runtime_Core_assignParams__I)
                  2001aeb6    00000002     --HOLE-- [fill = 0]
                  2001aeb8    00000044     driverlib.a : spi.obj (.text:SPIDmaMaskGet)
                  2001aefc    00000044     boot.aem4 : boot.oem4 (.text)
                  2001af40    00000044     simplelink.a : cc_pal.obj (.text:cc_SetupTransfer)
                  2001af84    00000004     --HOLE-- [fill = 0]
                  2001af88    00000044     sysbios.aem4 : BIOS.obj (.text:ti_sysbios_family_arm_m3_Hwi_getStackInfo__E)
                  2001afcc    00000004     --HOLE-- [fill = 0]
                  2001afd0    00000044                  : BIOS.obj (.text:ti_sysbios_knl_Mailbox_postInit__I)
                  2001b014    00000044     ti.targets.arm.rtsarm.aem4 : Error.oem4 (.text:xdc_runtime_Error_setX__E)
                  2001b058    00000044                                : LoggerBuf.oem4 (.text:xdc_runtime_LoggerBuf_filterOutEvent__I)
                  2001b09c    00000044                                : SysMin.oem4 (.text:xdc_runtime_SysMin_flush__E)
                  2001b0e0    00000044                                : Text.oem4 (.text:xdc_runtime_Text_xprintf__I)
                  2001b124    00000042     simplelink.a : socket.obj (.text:sl_Htonl)
                  2001b166    00000002     --HOLE-- [fill = 0]
                  2001b168    00000040     driverlib.a : pin.obj (.text:PinModeSet)
                  2001b1a8    00000040     rtsv7M4_T_le_eabi.lib : u_divt2.obj (.text)
                  2001b1e8    00000040     sysbios.aem4 : BIOS.obj (.text:ti_sysbios_family_arm_m3_Timer_Module_startup__E)
                  2001b228    0000003e     app_pem4.oem4 (.text:realloc)
                  2001b266    0000003c     simplelink.a : netapp.obj (.text:CopyPingResultsToReport)
                  2001b2a2    00000002     --HOLE-- [fill = 0]
                  2001b2a4    0000003c     driverlib.a : prcm.obj (.text:PRCMPeripheralClkEnable)
                  2001b2e0    0000003c     simplelink.a : socket.obj (.text:_sl_TruncatePayloadByProtocol)
                  2001b31c    0000003c                  : socket.obj (.text:sl_Htons)
                  2001b358    0000003c     sysbios.aem4 : BIOS.obj (.text:ti_sysbios_family_arm_m3_Hwi_excSvCall__I)
                  2001b394    00000004     --HOLE-- [fill = 0]
                  2001b398    0000003c                  : BIOS.obj (.text:ti_sysbios_heaps_HeapMem_init__I)
                  2001b3d4    00000004     --HOLE-- [fill = 0]
                  2001b3d8    0000003c                  : BIOS.obj (.text:ti_sysbios_knl_Swi_startup__E)
                  2001b414    0000003c     driverlib.a : udma.obj (.text:uDMAChannelControlSet)
                  2001b450    0000003a     ti.targets.arm.rtsarm.aem4 : LoggerBuf.oem4 (.text:xdc_runtime_LoggerBuf_Instance_init__E)
                  2001b48a    00000002     --HOLE-- [fill = 0]
                  2001b48c    00000038     simplelink.a : cc_pal.obj (.text:NwpPowerOff)
                  2001b4c4    00000004     --HOLE-- [fill = 0]
                  2001b4c8    00000038     sysbios.aem4 : BIOS.obj (.text:ti_sysbios_family_arm_m3_Hwi_excNoIsr__I)
                  2001b500    00000038                  : BIOS.obj (.text:ti_sysbios_knl_Task_processVitalTaskFlag__I)
                  2001b538    00000038     ti.targets.arm.rtsarm.aem4 : SysMin.oem4 (.text:xdc_runtime_SysMin_putch__E)
                  2001b570    00000038                                : System.oem4 (.text:xdc_runtime_System_atexit__E)
                  2001b5a8    00000036     driverlib.a : gpio.obj (.text:GPIODirModeSet)
                  2001b5de    00000002     --HOLE-- [fill = 0]
                  2001b5e0    00000034                 : prcm.obj (.text:PRCMPeripheralStatusGet)
                  2001b614    00000034                 : spi.obj (.text:SPIFIFOLevelSet)
                  2001b648    00000034     rtsv7M4_T_le_eabi.lib : strstr.obj (.text)
                  2001b67c    00000004     --HOLE-- [fill = 0]
                  2001b680    00000034     sysbios.aem4 : BIOS.obj (.text:ti_sysbios_family_arm_m3_Hwi_Instance_finalize__E)
                  2001b6b4    00000004     --HOLE-- [fill = 0]
                  2001b6b8    00000034                  : BIOS.obj (.text:ti_sysbios_family_arm_m3_Hwi_excNmi__I)
                  2001b6ec    00000004     --HOLE-- [fill = 0]
                  2001b6f0    00000034                  : BIOS.obj (.text:ti_sysbios_family_arm_m3_Timer_periodicStub__I)
                  2001b724    00000004     --HOLE-- [fill = 0]
                  2001b728    00000034                  : BIOS.obj (.text:ti_sysbios_hal_Hwi_checkStack)
                  2001b75c    00000034     app_pem4.oem4 (.text:ti_sysbios_knl_Semaphore_create)
                  2001b790    00000034     ti.targets.arm.rtsarm.aem4 : Core-label.oem4 (.text:xdc_runtime_Core_assignLabel__I)
                  2001b7c4    00000033                                : Text.oem4 (.text:xdc_runtime_Text_printVisFxn__I)
                  2001b7f7    00000001     --HOLE-- [fill = 0]
                  2001b7f8    00000032     sysbios.aem4 : BIOS.obj (.text:ti_sysbios_hal_Hwi_initStack)
                  2001b82a    00000006     rtsv7M4_T_le_eabi.lib : copy_decompress_rle.obj (.text:decompress:rle24)
                  2001b830    00000032     sysbios.aem4 : BIOS.obj (.text:ti_sysbios_knl_Semaphore_pendTimeout__I)
                  2001b862    00000030     driverlib.a : pin.obj (.text:PinTypeGPIO)
                  2001b892    00000002     --HOLE-- [fill = 0]
                  2001b894    00000030                 : uart.obj (.text:UARTDisable)
                  2001b8c4    00000030     simplelink.a : device.obj (.text:_SlDrvDeviceEventHandler)
                  2001b8f4    00000030                  : fs.obj (.text:_sl_Strlen)
                  2001b924    00000030     rtsv7M4_T_le_eabi.lib : strncpy.obj (.text)
                  2001b954    00000030     simplelink.a : socket.obj (.text:sl_Close)
                  2001b984    00000030     app_pem4.oem4 (.text:ti_sysbios_BIOS_atExitFunc__I)
                  2001b9b4    00000004     --HOLE-- [fill = 0]
                  2001b9b8    00000030     sysbios.aem4 : BIOS.obj (.text:ti_sysbios_family_arm_m3_TaskSupport_start__E)
                  2001b9e8    00000030     app_pem4.oem4 (.text:ti_sysbios_gates_GateHwi_Object__create__S)
                  2001ba18    00000030     app_pem4.oem4 (.text:ti_sysbios_gates_GateMutex_Object__create__S)
                  2001ba48    00000030     app_pem4.oem4 (.text:ti_sysbios_heaps_HeapMem_Object__create__S)
                  2001ba78    00000030     app_pem4.oem4 (.text:ti_sysbios_knl_Semaphore_construct)
                  2001baa8    00000030     ti.targets.arm.rtsarm.aem4 : SysMin.oem4 (.text:xdc_runtime_SysMin_abort__E)
                  2001bad8    00000030                                : System.oem4 (.text:xdc_runtime_System_processAtExit__E)
                  2001bb08    0000002e     app_pem4.oem4 (.text:malloc)
                  2001bb36    0000002e     rtsv7M4_T_le_eabi.lib : i_tofd_t2.obj (.text)
                  2001bb64    0000002c     simplelink.a : cc_pal.obj (.text:DmaSpiSwIntHandler)
                  2001bb90    0000002c                  : cc_pal.obj (.text:NwpPowerOn)
                  2001bbbc    0000002c     driverlib.a : prcm.obj (.text:PRCMSysResetCauseGet)
                  2001bbe8    0000002c     app_pem4.oem4 (.text:ti_sysbios_knl_Clock_doTick__I)
                  2001bc14    0000002c     app_pem4.oem4 (.text:ti_sysbios_knl_Queue_construct)
                  2001bc40    0000002c     sysbios.aem4 : BIOS.obj (.text:ti_sysbios_knl_Task_restore__E)
                  2001bc6c    0000002c     ti.targets.arm.rtsarm.aem4 : Text.oem4 (.text:xdc_runtime_Text_cordText__E)
                  2001bc98    0000002a                                : System.oem4 (.text:xdc_runtime_System_putchar__I)
                  2001bcc2    00000002     --HOLE-- [fill = 0]
                  2001bcc4    00000028     driverlib.a : prcm.obj (.text:PRCMPeripheralClkDisable)
                  2001bcec    00000028     simplelink.a : socket.obj (.text:SL_FD_ISSET)
                  2001bd14    00000004     --HOLE-- [fill = 0]
                  2001bd18    00000028     sysbios.aem4 : BIOS.obj (.text:ti_sysbios_knl_Swi_Module_startup__E)
                  2001bd40    00000028     ti.targets.arm.rtsarm.aem4 : LoggerBuf.oem4 (.text:xdc_runtime_LoggerBuf_Module_startup__E)
                  2001bd68    00000026     simplelink.a : cc_pal.obj (.text:NwpRegisterInterruptHandler)
                  2001bd8e    00000026     rtsv7M4_T_le_eabi.lib : strncmp.obj (.text)
                  2001bdb4    00000026     ti.targets.arm.rtsarm.aem4 : System.oem4 (.text:xdc_runtime_System_avprintf__E)
                  2001bdda    00000024     driverlib.a : uart.obj (.text:UARTEnable)
                  2001bdfe    00000002     --HOLE-- [fill = 0]
                  2001be00    00000024     simplelink.a : driver.obj (.text:_SlDrvProtectionObjLockWaitForever)
                  2001be24    00000024     rtsv7M4_T_le_eabi.lib : memmov.obj (.text)
                  2001be48    00000024     app_pem4.oem4 (.text:ti_sysbios_BIOS_errorRaiseHook__I)
                  2001be6c    00000024     app_pem4.oem4 (.text:ti_sysbios_BIOS_registerRTSLock__I)
                  2001be90    00000024     app_pem4.oem4 (.text:ti_sysbios_BIOS_removeRTSLock__I)
                  2001beb4    00000024     app_pem4.oem4 (.text:ti_sysbios_BIOS_startFunc__I)
                  2001bed8    00000024     sysbios.aem4 : BIOS.obj (.text:ti_sysbios_family_arm_m3_Hwi_doTaskRestore__I)
                  2001befc    00000004     --HOLE-- [fill = 0]
                  2001bf00    00000024                  : BIOS.obj (.text:ti_sysbios_family_arm_m3_Timer_startup__E)
                  2001bf24    00000024     app_pem4.oem4 (.text:ti_sysbios_gates_GateMutex_Object__delete__S)
                  2001bf48    00000024     sysbios.aem4 : BIOS.obj (.text:ti_sysbios_knl_Clock_Module_startup__E)
                  2001bf6c    00000024     app_pem4.oem4 (.text:ti_sysbios_knl_Semaphore_Object__delete__S)
                  2001bf90    00000024     ti.targets.arm.rtsarm.aem4 : System.oem4 (.text:xdc_runtime_System_vprintf__E)
                  2001bfb4    00000022     driverlib.a : gpio.obj (.text:GPIOIntStatus)
                  2001bfd6    00000022     simplelink.a : socket.obj (.text:SL_FD_SET)
                  2001bff8    00000022     driverlib.a : spi.obj (.text:SPIReset)
                  2001c01a    00000022                 : spi.obj (.text:SPIWordCountSet)
                  2001c03c    00000022     rtsv7M4_T_le_eabi.lib : memcmp.obj (.text)
                  2001c05e    00000022     app_pem4.oem4 (.text:xdc_runtime_SysMin_output__I)
                  2001c080    00000020     driverlib.a : gpio.obj (.text:GPIOPinWrite)
                  2001c0a0    00000020                 : spi.obj (.text:SPIDataGet)
                  2001c0c0    00000020     simplelink.a : driver.obj (.text:_SlDrvProtectionObjUnLock)
                  2001c0e0    00000020     app_pem4.oem4 (.text:ti_sysbios_BIOS_rtsLock__I)
                  2001c100    00000020     app_pem4.oem4 (.text:ti_sysbios_family_arm_m3_Hwi_Object__delete__S)
                  2001c120    00000020     sysbios.aem4 : m3_Hwi_asm.obj (.text:ti_sysbios_family_arm_m3_Hwi_excHandlerAsm__I)
                  2001c140    00000020                  : BIOS.obj (.text:ti_sysbios_family_arm_m3_Hwi_excHandler__I)
                  2001c160    00000020                  : BIOS.obj (.text:ti_sysbios_family_arm_m3_TimestampProvider_Module_startup__E)
                  2001c180    00000020     app_pem4.oem4 (.text:ti_sysbios_gates_GateHwi_Object__delete__S)
                  2001c1a0    00000020     app_pem4.oem4 (.text:ti_sysbios_heaps_HeapMem_Object__delete__S)
                  2001c1c0    00000020     sysbios.aem4 : BIOS.obj (.text:ti_sysbios_knl_Idle_run__E)
                  2001c1e0    00000020     app_pem4.oem4 (.text:ti_sysbios_knl_Mailbox_Object__delete__S)
                  2001c200    00000020     app_pem4.oem4 (.text:ti_sysbios_knl_Semaphore_Object__destruct__S)
                  2001c220    00000020     app_pem4.oem4 (.text:ti_sysbios_knl_Task_Object__delete__S)
                  2001c240    00000020     app_pem4.oem4 (.text:xdc_runtime_LoggerBuf_Object__delete__S)
                  2001c260    00000020     ti.targets.arm.rtsarm.aem4 : LoggerBuf.oem4 (.text:xdc_runtime_LoggerBuf_reset__E)
                  2001c280    00000020                                : Registry.oem4 (.text:xdc_runtime_Registry_findById__E)
                  2001c2a0    00000020                                : SysMin.oem4 (.text:xdc_runtime_SysMin_Module_startup__E)
                  2001c2c0    0000001e     driverlib.a : spi.obj (.text:SPIDataPut)
                  2001c2de    0000001e                 : uart.obj (.text:UARTCharPut)
                  2001c2fc    0000001e     simplelink.a : cc_pal.obj (.text:cc_UDMAChannelSelect)
                  2001c31a    0000001e     rtsv7M4_T_le_eabi.lib : strcat.obj (.text)
                  2001c338    0000001e     sysbios.aem4 : m3_Hwi_asm_switch.obj (.text:ti_sysbios_family_xxx_Hwi_switchAndRunFunc)
                  2001c356    0000001c     driverlib.a : uart.obj (.text:UARTCharGetNonBlocking)
                  2001c372    0000001c     simplelink.a : driver.obj (.text:_SlDrvObjLockWaitForever)
                  2001c38e    0000001c                  : driver.obj (.text:_SlDrvSyncObjWaitForever)
                  2001c3aa    0000001c     rtsv7M4_T_le_eabi.lib : memccpy.obj (.text)
                  2001c3c6    00000002     --HOLE-- [fill = 0]
                  2001c3c8    0000001c     sysbios.aem4 : BIOS.obj (.text:ti_sysbios_family_arm_m3_Hwi_setPriority__E)
                  2001c3e4    00000004     --HOLE-- [fill = 0]
                  2001c3e8    0000001c                  : BIOS.obj (.text:ti_sysbios_gates_GateMutex_Instance_init__E)
                  2001c404    0000001c     app_pem4.oem4 (.text:ti_sysbios_knl_Queue_Object__destruct__S)
                  2001c420    0000001c     sysbios.aem4 : BIOS.obj (.text:ti_sysbios_knl_Task_enter__I)
                  2001c43c    0000001c     driverlib.a : udma.obj (.text:uDMAChannelEnable)
                  2001c458    0000001c     ti.targets.arm.rtsarm.aem4 : Error.oem4 (.text:xdc_runtime_Error_raiseX__E)
                  2001c474    0000001c                                : Memory.oem4 (.text:xdc_runtime_Memory_valloc__E)
                  2001c490    0000001c                                : SysMin.oem4 (.text:xdc_runtime_SysMin_exit__E)
                  2001c4ac    0000001c                                : System.oem4 (.text:xdc_runtime_System_abort__E)
                  2001c4c8    0000001a     driverlib.a : gpio.obj (.text:GPIOIntDisable)
                  2001c4e2    0000001a                 : gpio.obj (.text:GPIOIntEnable)
                  2001c4fc    0000001a                 : pin.obj (.text:PinTypeUART)
                  2001c516    0000001a                 : spi.obj (.text:SPIDmaEnable)
                  2001c530    0000001a                 : spi.obj (.text:SPIFIFOEnable)
                  2001c54a    0000001a     app_pem4.oem4 (.text:ti_sysbios_family_arm_m3_Hwi_Handle__label__S)
                  2001c564    0000001a     sysbios.aem4 : m3_Hwi_asm.obj (.text:ti_sysbios_family_arm_m3_Hwi_pendSV__I)
                  2001c57e    0000001a     app_pem4.oem4 (.text:ti_sysbios_gates_GateHwi_Handle__label__S)
                  2001c598    0000001a     app_pem4.oem4 (.text:ti_sysbios_gates_GateMutex_Handle__label__S)
                  2001c5b2    0000001a     app_pem4.oem4 (.text:ti_sysbios_heaps_HeapMem_Handle__label__S)
                  2001c5cc    0000001a     app_pem4.oem4 (.text:ti_sysbios_knl_Swi_Handle__label__S)
                  2001c5e6    0000001a     app_pem4.oem4 (.text:ti_sysbios_knl_Task_Handle__label__S)
                  2001c600    0000001a     sysbios.aem4 : BIOS.obj (.text:ti_sysbios_knl_Task_sleepTimeout__I)
                  2001c61a    0000001a     app_pem4.oem4 (.text:xdc_runtime_LoggerBuf_Handle__label__S)
                  2001c634    0000001a     app_pem4.oem4 (.text:xdc_runtime_System_aprintf__E)
                  2001c64e    0000001a     app_pem4.oem4 (.text:xdc_runtime_System_printf__E)
                  2001c668    00000018     driverlib.a : gpio.obj (.text:GPIOPinRead)
                  2001c680    00000018                 : prcm.obj (.text:PRCMHibernateEnter)
                  2001c698    00000018                 : spi.obj (.text:SPICSDisable)
                  2001c6b0    00000018                 : spi.obj (.text:SPICSEnable)
                  2001c6c8    00000018                 : spi.obj (.text:SPIDisable)
                  2001c6e0    00000018                 : spi.obj (.text:SPIEnable)
                  2001c6f8    00000018                 : uart.obj (.text:UARTCharsAvail)
                  2001c710    00000018                 : uart.obj (.text:UARTFIFOLevelSet)
                  2001c728    00000018                 : uart.obj (.text:UARTIntDisable)
                  2001c740    00000018                 : uart.obj (.text:UARTIntEnable)
                  2001c758    00000018     simplelink.a : driver.obj (.text:_SlDrvObjUnLock)
                  2001c770    00000018                  : driver.obj (.text:_SlDrvSyncObjSignal)
                  2001c788    00000018                  : device.obj (.text:_sl_GetStartResponseConvert)
                  2001c7a0    00000018     app_pem4.oem4 (.text:free)
                  2001c7b8    00000018     rtsv7M4_T_le_eabi.lib : args_main.obj (.text)
                  2001c7d0    00000018                           : strcmp.obj (.text)
                  2001c7e8    00000018     app_pem4.oem4 (.text:ti_sysbios_BIOS_rtsUnlock__I)
                  2001c800    00000018     app_pem4.oem4 (.text:ti_sysbios_family_arm_m3_Hwi_Module__startupDone__F)
                  2001c818    00000018     app_pem4.oem4 (.text:ti_sysbios_family_arm_m3_Timer_Module__startupDone__F)
                  2001c830    00000018     sysbios.aem4 : BIOS.obj (.text:ti_sysbios_gates_GateMutex_leave__E)
                  2001c848    00000018     ti.targets.arm.rtsarm.aem4 : Error.oem4 (.text:xdc_runtime_Error_check__E)
                  2001c860    00000018                                : System.oem4 (.text:xdc_runtime_System_exit__E)
                  2001c878    00000018                                : Text.oem4 (.text:xdc_runtime_Text_ropeText__E)
                  2001c890    00000016     driverlib.a : prcm.obj (.text:PRCMHIBRegRead)
                  2001c8a6    00000016                 : prcm.obj (.text:PRCMHIBRegWrite)
                  2001c8bc    00000016                 : uart.obj (.text:UARTCharGet)
                  2001c8d2    00000016     simplelink.a : driver.obj (.text:_SlDrvMemZero)
                  2001c8e8    00000016     rtsv7M4_T_le_eabi.lib : strchr.obj (.text)
                  2001c8fe    00000016     app_pem4.oem4 (.text:ti_sysbios_BIOS_exitFunc__I)
                  2001c914    00000014     driverlib.a : cpu.obj (.text:CPUcpsie)
                  2001c928    00000014                 : gpio.obj (.text:GPIOIntClear)
                  2001c93c    00000014     rtsv7M4_T_le_eabi.lib : _lock.obj (.text)
                  2001c950    00000014                           : strcpy.obj (.text)
                  2001c964    00000014                           : strlen.obj (.text)
                  2001c978    00000014     app_pem4.oem4 (.text:ti_sysbios_family_arm_m3_Hwi_Object__get__S)
                  2001c98c    00000004     --HOLE-- [fill = 0]
                  2001c990    00000014     sysbios.aem4 : BIOS.obj (.text:ti_sysbios_family_arm_m3_Hwi_switchFromBootStack__E)
                  2001c9a4    00000014     app_pem4.oem4 (.text:ti_sysbios_heaps_HeapMem_Object__get__S)
                  2001c9b8    00000014     app_pem4.oem4 (.text:ti_sysbios_knl_Swi_Object__get__S)
                  2001c9cc    00000014     app_pem4.oem4 (.text:xdc_runtime_LoggerBuf_Object__get__S)
                  2001c9e0    00000012     driverlib.a : uart.obj (.text:UARTIntClear)
                  2001c9f2    00000006     ti.targets.arm.rtsarm.aem4 : System.oem4 (.text:xdc_runtime_System_Module_startup__E)
                  2001c9f8    00000012     sysbios.aem4 : BIOS.obj (.text:ti_sysbios_hal_Hwi_Module_startup__E)
                  2001ca0a    00000006     --HOLE-- [fill = 0]
                  2001ca10    00000012                  : BIOS.obj (.text:ti_sysbios_hal_Timer_Module_startup__E)
                  2001ca22    00000012     ti.targets.arm.rtsarm.aem4 : LoggerBuf.oem4 (.text:xdc_runtime_LoggerBuf_Instance_finalize__E)
                  2001ca34    00000012                                : LoggerBuf.oem4 (.text:xdc_runtime_LoggerBuf_write1__E)
                  2001ca46    00000012                                : LoggerBuf.oem4 (.text:xdc_runtime_LoggerBuf_write2__E)
                  2001ca58    00000012     app_pem4.oem4 (.text:xdc_runtime_Startup_exec__I)
                  2001ca6a    00000010     simplelink.a : socket.obj (.text:SL_FD_ZERO)
                  2001ca7a    00000006     --HOLE-- [fill = 0]
                  2001ca80    00000010     sysbios.aem4 : BIOS.obj (.text:ti_sysbios_BIOS_setThreadType__E)
                  2001ca90    00000010                  : BIOS.obj (.text:ti_sysbios_BIOS_start__E)
                  2001caa0    00000010                  : BIOS.obj (.text:ti_sysbios_family_arm_m3_Hwi_getHandle__E)
                  2001cab0    00000010                  : m3_TaskSupport_asm.obj (.text:ti_sysbios_family_arm_m3_TaskSupport_glue)
                  2001cac0    00000010                  : m3_TaskSupport_asm.obj (.text:ti_sysbios_family_arm_m3_TaskSupport_swap__E)
                  2001cad0    00000010                  : BIOS.obj (.text:ti_sysbios_gates_GateMutex_Instance_finalize__E)
                  2001cae0    00000010     app_pem4.oem4 (.text:ti_sysbios_knl_Mailbox_Object__get__S)
                  2001caf0    00000010     sysbios.aem4 : BIOS.obj (.text:ti_sysbios_knl_Semaphore_Instance_finalize__E)
                  2001cb00    00000010                  : BIOS.obj (.text:ti_sysbios_knl_Swi_disable__E)
                  2001cb10    00000010     app_pem4.oem4 (.text:ti_sysbios_knl_Task_Object__get__S)
                  2001cb20    00000010     sysbios.aem4 : BIOS.obj (.text:ti_sysbios_knl_Task_disable__E)
                  2001cb30    00000010     ti.targets.arm.rtsarm.aem4 : Gate.oem4 (.text:xdc_runtime_Gate_leaveSystem__E)
                  2001cb40    00000010                                : LoggerBuf.oem4 (.text:xdc_runtime_LoggerBuf_write0__E)
                  2001cb50    00000010                                : Memory.oem4 (.text:xdc_runtime_Memory_free__E)
                  2001cb60    00000010                                : SysMin.oem4 (.text:xdc_runtime_SysMin_ready__E)
                  2001cb70    00000010                                : System.oem4 (.text:xdc_runtime_System_vsnprintf__E)
                  2001cb80    00000010     app_pem4.oem4 (.text:xdc_runtime_Text_visitRope__I)
                  2001cb90    0000000e     simplelink.a : driver.obj (.text:_SlDrvResetCmdExt)
                  2001cb9e    0000000e     rtsv7M4_T_le_eabi.lib : copy_decompress_none.obj (.text:decompress:none)
                  2001cbac    00000004     --HOLE-- [fill = 0]
                  2001cbb0    0000000e     sysbios.aem4 : BIOS.obj (.text:ti_sysbios_knl_Idle_loop__E)
                  2001cbbe    00000002     --HOLE-- [fill = 0]
                  2001cbc0    0000000e                  : BIOS.obj (.text:ti_sysbios_knl_Queue_empty__E)
                  2001cbce    00000002     --HOLE-- [fill = 0]
                  2001cbd0    0000000c     simplelink.a : cc_pal.obj (.text:NwpMaskInterrupt)
                  2001cbdc    0000000c                  : cc_pal.obj (.text:NwpUnMaskInterrupt)
                  2001cbe8    0000000c                  : wlan.obj (.text:sl_WlanDisconnect)
                  2001cbf4    0000000c                  : wlan.obj (.text:sl_WlanSmartConfigStop)
                  2001cc00    0000000c     app_pem4.oem4 (.text:ti_sysbios_family_arm_m3_Hwi_Params__init__S)
                  2001cc0c    00000004     --HOLE-- [fill = 0]
                  2001cc10    0000000c     sysbios.aem4 : BIOS.obj (.text:ti_sysbios_family_arm_m3_Hwi_disableFxn__E)
                  2001cc1c    00000004     --HOLE-- [fill = 0]
                  2001cc20    0000000c                  : BIOS.obj (.text:ti_sysbios_family_arm_m3_TaskSupport_checkStack__E)
                  2001cc2c    00000004     --HOLE-- [fill = 0]
                  2001cc30    0000000c                  : BIOS.obj (.text:ti_sysbios_family_arm_m3_TaskSupport_getStackAlignment__E)
                  2001cc3c    00000004     --HOLE-- [fill = 0]
                  2001cc40    0000000c                  : BIOS.obj (.text:ti_sysbios_gates_GateHwi_enter__E)
                  2001cc4c    0000000c     app_pem4.oem4 (.text:ti_sysbios_knl_Queue_Object__get__S)
                  2001cc58    0000000c     app_pem4.oem4 (.text:ti_sysbios_knl_Semaphore_Params__init__S)
                  2001cc64    0000000c     app_pem4.oem4 (.text:ti_sysbios_knl_Task_Params__init__S)
                  2001cc70    0000000c     ti.targets.arm.rtsarm.aem4 : Error.oem4 (.text:xdc_runtime_Error_init__E)
                  2001cc7c    0000000c                                : Gate.oem4 (.text:xdc_runtime_Gate_enterSystem__E)
                  2001cc88    0000000c                                : Memory.oem4 (.text:xdc_runtime_Memory_calloc__E)
                  2001cc94    0000000c                                : Memory.oem4 (.text:xdc_runtime_Memory_getMaxDefaultTypeAlign__E)
                  2001cca0    0000000a     driverlib.a : interrupt.obj (.text:IntMasterEnable)
                  2001ccaa    0000000a     app_pem4.oem4 (.text:xdc_runtime_IHeap_alloc)
                  2001ccb4    0000000a     app_pem4.oem4 (.text:xdc_runtime_IHeap_free)
                  2001ccbe    0000000a     ti.targets.arm.rtsarm.aem4 : LoggerBuf.oem4 (.text:xdc_runtime_LoggerBuf_disable__E)
                  2001ccc8    0000000a                                : LoggerBuf.oem4 (.text:xdc_runtime_LoggerBuf_enable__E)
                  2001ccd2    00000008     rtsv7M4_T_le_eabi.lib : s_copysign.obj (.text)
                  2001ccda    00000006     --HOLE-- [fill = 0]
                  2001cce0    00000008     sysbios.aem4 : BIOS.obj (.text:ti_sysbios_family_arm_m3_Hwi_doSwiRestore__I)
                  2001cce8    00000008                  : BIOS.obj (.text:ti_sysbios_family_arm_m3_Hwi_startup__E)
                  2001ccf0    00000006                  : BIOS.obj (.text:ti_sysbios_family_arm_m3_Hwi_restoreFxn__E)
                  2001ccf6    00000002     --HOLE-- [fill = 0]
                  2001ccf8    00000006                  : BIOS.obj (.text:ti_sysbios_gates_GateHwi_leave__E)
                  2001ccfe    00000002     --HOLE-- [fill = 0]
                  2001cd00    00000006                  : BIOS.obj (.text:ti_sysbios_heaps_HeapMem_isBlocking__E)
                  2001cd06    00000002     --HOLE-- [fill = 0]
                  2001cd08    00000006                  : BIOS.obj (.text:ti_sysbios_knl_Queue_Instance_init__E)
                  2001cd0e    00000002     --HOLE-- [fill = 0]
                  2001cd10    00000004                  : BIOS.obj (.text:ti_sysbios_family_arm_m3_Timer_getMaxTicks__E)
                  2001cd14    00000004     --HOLE-- [fill = 0]
                  2001cd18    00000004                  : BIOS.obj (.text:ti_sysbios_gates_GateHwi_query__E)
                  2001cd1c    00000004     --HOLE-- [fill = 0]
                  2001cd20    00000004                  : BIOS.obj (.text:ti_sysbios_gates_GateMutex_query__E)
                  2001cd24    00000004     --HOLE-- [fill = 0]
                  2001cd28    00000004                  : BIOS.obj (.text:ti_sysbios_knl_Task_startup__E)
                  2001cd2c    00000004     --HOLE-- [fill = 0]
                  2001cd30    00000002                  : BIOS.obj (.text:ti_sysbios_gates_GateHwi_Instance_init__E)

.const     0    2001cd34    00002726     
                  2001cd34    000018cb     app_pem4.oem4 (.const:xdc_runtime_Text_charTab__A)
                  2001e5ff    00000101     rtsv7M4_T_le_eabi.lib : ctype.obj (.const:.string:_ctypes_)
                  2001e700    00000100     driverlib.a : pin.obj (.const:g_ulPinToPadMap)
                  2001e800    000000b8     app_pem4.oem4 (.const:xdc_runtime_Text_nodeTab__A)
                  2001e8b8    000000b0     simplelink.a : wlan.obj (.const:$P$T0$1)
                  2001e968    000000a8     driverlib.a : prcm.obj (.const:PRCM_PeriphRegsList)
                  2001ea10    00000048     app_pem4.oem4 (.const:.string)
                  2001ea58    00000040     cc26xxdnld.obj (.const:$P$T0$1)
                  2001ea98    00000040     cli.a : cli_handler.obj (.const:.string:$P$T0$1)
                  2001ead8    0000003c     simplelink.a : driver.obj (.const:OpcodeTranslateTable)
                  2001eb14    0000003c     app_pem4.oem4 (.const:ti_sysbios_knl_Task_Object__PARAMS__C)
                  2001eb50    0000003c     app_pem4.oem4 (.const:xdc_runtime_LoggerBuf_Module__FXNS__C)
                  2001eb8c    00000038     simplelink.a : driver.obj (.const:_SlActionLookupTable)
                  2001ebc4    00000034     app_pem4.oem4 (.const:ti_sysbios_knl_Mailbox_Object__PARAMS__C)
                  2001ebf8    00000032     generic_task.obj (.const:.string:$P$T2$4)
                  2001ec2a    00000002     app_pem4.oem4 (.const:ti_sysbios_family_arm_m3_Hwi_Module__id__C)
                  2001ec2c    00000030     app_pem4.oem4 (.const:ti_sysbios_family_arm_m3_Hwi_Object__PARAMS__C)
                  2001ec5c    00000030     app_pem4.oem4 (.const:xdc_runtime_Startup_sfxnTab__A)
                  2001ec8c    00000028     app_pem4.oem4 (.const:ti_sysbios_heaps_HeapMem_Module__FXNS__C)
                  2001ecb4    00000024     app_pem4.oem4 (.const:ti_sysbios_gates_GateHwi_Module__FXNS__C)
                  2001ecd8    00000024     app_pem4.oem4 (.const:ti_sysbios_gates_GateMutex_Module__FXNS__C)
                  2001ecfc    00000024     app_pem4.oem4 (.const:ti_sysbios_heaps_HeapMem_Object__PARAMS__C)
                  2001ed20    00000024     app_pem4.oem4 (.const:ti_sysbios_knl_Semaphore_Object__PARAMS__C)
                  2001ed44    00000024     app_pem4.oem4 (.const:xdc_runtime_LoggerBuf_Object__PARAMS__C)
                  2001ed68    00000020     gateway.a : gateway_events.obj (.const:.string:$P$T1$2)
                  2001ed88    00000020     simplelink.a : driver.obj (.const:RxMsgClassLUT)
                  2001eda8    00000020     app_pem4.oem4 (.const:ti_sysbios_family_arm_m3_Hwi_Object__DESC__C)
                  2001edc8    00000020     app_pem4.oem4 (.const:ti_sysbios_gates_GateHwi_Object__DESC__C)
                  2001ede8    00000020     app_pem4.oem4 (.const:ti_sysbios_gates_GateMutex_Object__DESC__C)
                  2001ee08    00000020     app_pem4.oem4 (.const:ti_sysbios_heaps_HeapMem_Object__DESC__C)
                  2001ee28    00000020     app_pem4.oem4 (.const:ti_sysbios_knl_Mailbox_Object__DESC__C)
                  2001ee48    00000020     app_pem4.oem4 (.const:ti_sysbios_knl_Queue_Object__DESC__C)
                  2001ee68    00000020     app_pem4.oem4 (.const:ti_sysbios_knl_Semaphore_Object__DESC__C)
                  2001ee88    00000020     app_pem4.oem4 (.const:ti_sysbios_knl_Task_Object__DESC__C)
                  2001eea8    00000020     app_pem4.oem4 (.const:xdc_runtime_LoggerBuf_Object__DESC__C)
                  2001eec8    0000001a     generic_task.obj (.const:.string:$P$T3$6)
                  2001eee2    00000018     npi.a : uart_def.obj (.const:.string:$P$T1$2)
                  2001eefa    00000018     generic_task.obj (.const:.string:$P$T1$3)
                  2001ef12    00000002     app_pem4.oem4 (.const:ti_sysbios_family_arm_m3_Hwi_Module__loggerDefined__C)
                  2001ef14    00000018     driverlib.a : interrupt.obj (.const:g_pulDisRegs)
                  2001ef2c    00000018                 : interrupt.obj (.const:g_pulEnRegs)
                  2001ef44    00000018                 : interrupt.obj (.const:g_pulUnpendRegs)
                  2001ef5c    00000018                 : spi.obj (.const:g_ulSPIDmaMaskMap)
                  2001ef74    00000018     app_pem4.oem4 (.const:ti_sysbios_gates_GateHwi_Object__PARAMS__C)
                  2001ef8c    00000018     app_pem4.oem4 (.const:ti_sysbios_gates_GateMutex_Object__PARAMS__C)
                  2001efa4    00000018     app_pem4.oem4 (.const:ti_sysbios_knl_Queue_Object__PARAMS__C)
                  2001efbc    00000018     app_pem4.oem4 (.const:xdc_runtime_Startup_sfxnRts__A)
                  2001efd4    00000015     npi.a : uart_def.obj (.const:.string:$P$T0$1)
                  2001efe9    00000001     app_pem4.oem4 (.const:xdc_runtime_Error_policy__C)
                  2001efea    00000002     app_pem4.oem4 (.const:ti_sysbios_family_arm_m3_Timer_Module__id__C)
                  2001efec    00000014     simplelink.a : fs.obj (.const:$P$T0$1)
                  2001f000    00000013     smartconfig.obj (.const:.string:$P$T0$1)
                  2001f013    00000012     generic_task.obj (.const:.string:$P$T0$2)
                  2001f025    00000011     wifi.obj (.const:.string:$P$T0$1)
                  2001f036    00000011     gateway.a : gateway_task.obj (.const:.string:$P$T1$3)
                  2001f047    00000010     smartconfig.obj (.const:.string:$P$T1$2)
                  2001f057    00000010     wifi.obj (.const:.string:$P$T3$4)
                  2001f067    00000010     generic_task.obj (.const:.string:$P$T4$7)
                  2001f077    00000010     generic_task.obj (.const:.string:$P$T5$8)
                  2001f087    00000010     simplelink.a : socket.obj (.const:.string:_SlPayloadByProtocolLUT)
                  2001f097    0000000f     gateway.a : gateway_events.obj (.const:.string:$P$T0$1)
                  2001f0a6    0000000e     cc3200.obj (.const:.string:$P$T0$1)
                  2001f0b4    0000000e     gateway.a : database.obj (.const:.string:$P$T0$1)
                  2001f0c2    0000000d               : ble_central.obj (.const:.string:$P$T0$1)
                  2001f0cf    0000000d               : gateway_task.obj (.const:.string:$P$T0$1)
                  2001f0dc    0000000c     simplelink.a : fs.obj (.const:$P$T1$2)
                  2001f0e8    0000000c     wifi.obj (.const:$P$T1$2)
                  2001f0f4    0000000c     wifi.obj (.const:.string:$P$T2$3)
                  2001f100    0000000c     app_pem4.oem4 (.const:xdc_runtime_Startup_firstFxns__A)
                  2001f10c    0000000b     wifi.obj (.const:.string:pcDigits)
                  2001f117    00000009     cli.a : cli.obj (.const:.string:$P$T0$2)
                  2001f120    00000008     simplelink.a : device.obj (.const:.string:StartResponseLUT)
                  2001f128    00000008                  : driver.obj (.const:g_H2NCnysPattern)
                  2001f130    00000008                  : driver.obj (.const:g_H2NSyncPattern)
                  2001f138    00000008     app_pem4.oem4 (.const:ti_sysbios_family_arm_m3_Hwi_excHookFuncs__A)
                  2001f140    00000008     app_pem4.oem4 (.const:ti_sysbios_knl_Idle_funcList__C)
                  2001f148    00000008     app_pem4.oem4 (.const:xdc_runtime_Startup_firstFxns__C)
                  2001f150    00000008     app_pem4.oem4 (.const:xdc_runtime_Startup_lastFxns__C)
                  2001f158    00000005     gateway.a : database.obj (.const:.string:$P$T1$2)
                  2001f15d    00000005               : database.obj (.const:.string:$P$T2$3)
                  2001f162    00000004     simplelink.a : driver.obj (.const:$P$T0$1)
                  2001f166    00000004                  : wlan.obj (.const:$P$T1$2)
                  2001f16a    00000004                  : socket.obj (.const:$P$T2$3)
                  2001f16e    00000004                  : wlan.obj (.const:$P$T2$3)
                  2001f172    00000004                  : fs.obj (.const:_SlFsCloseCmdCtrl)
                  2001f176    00000004                  : fs.obj (.const:_SlFsDeleteCmdCtrl)
                  2001f17a    00000004                  : fs.obj (.const:_SlFsGetInfoCmdCtrl)
                  2001f17e    00000004                  : fs.obj (.const:_SlFsOpenCmdCtrl)
                  2001f182    00000004                  : fs.obj (.const:_SlFsReadCmdCtrl)
                  2001f186    00000004                  : fs.obj (.const:_SlFsWriteCmdCtrl)
                  2001f18a    00000004                  : netapp.obj (.const:_SlGetHostByNameCtrl)
                  2001f18e    00000004                  : netapp.obj (.const:_SlNetAppSendTokenValueCmdCtrl)
                  2001f192    00000004                  : netcfg.obj (.const:_SlNetCfgGetCmdCtrl)
                  2001f196    00000004                  : wlan.obj (.const:_SlPolicySetCmdCtrl)
                  2001f19a    00000004                  : socket.obj (.const:_SlRecvCmdCtrl)
                  2001f19e    00000004                  : socket.obj (.const:_SlSelectCmdCtrl)
                  2001f1a2    00000004                  : socket.obj (.const:_SlSendCmdCtrl)
                  2001f1a6    00000004                  : socket.obj (.const:_SlSetSockOptCmdCtrl)
                  2001f1aa    00000004                  : wlan.obj (.const:_SlSmartConfigStartCmdCtrl)
                  2001f1ae    00000004                  : socket.obj (.const:_SlSockCloseCmdCtrl)
                  2001f1b2    00000004                  : socket.obj (.const:_SlSockSocketCmdCtrl)
                  2001f1b6    00000002     app_pem4.oem4 (.const:ti_sysbios_family_arm_m3_TimestampProvider_configTimer__C)
                  2001f1b8    00000004     app_pem4.oem4 (.const:ti_sysbios_family_arm_m3_Hwi_E_NMI__C)
                  2001f1bc    00000004     app_pem4.oem4 (.const:ti_sysbios_family_arm_m3_Hwi_E_alreadyDefined__C)
                  2001f1c0    00000004     app_pem4.oem4 (.const:ti_sysbios_family_arm_m3_Hwi_E_busFault__C)
                  2001f1c4    00000004     app_pem4.oem4 (.const:ti_sysbios_family_arm_m3_Hwi_E_debugMon__C)
                  2001f1c8    00000004     app_pem4.oem4 (.const:ti_sysbios_family_arm_m3_Hwi_E_hardFault__C)
                  2001f1cc    00000004     app_pem4.oem4 (.const:ti_sysbios_family_arm_m3_Hwi_E_memFault__C)
                  2001f1d0    00000004     app_pem4.oem4 (.const:ti_sysbios_family_arm_m3_Hwi_E_noIsr__C)
                  2001f1d4    00000004     app_pem4.oem4 (.const:ti_sysbios_family_arm_m3_Hwi_E_reserved__C)
                  2001f1d8    00000004     app_pem4.oem4 (.const:ti_sysbios_family_arm_m3_Hwi_E_svCall__C)
                  2001f1dc    00000004     app_pem4.oem4 (.const:ti_sysbios_family_arm_m3_Hwi_E_usageFault__C)
                  2001f1e0    00000004     app_pem4.oem4 (.const:ti_sysbios_family_arm_m3_Hwi_LD_end__C)
                  2001f1e4    00000004     app_pem4.oem4 (.const:ti_sysbios_family_arm_m3_Hwi_LM_begin__C)
                  2001f1e8    00000004     app_pem4.oem4 (.const:ti_sysbios_family_arm_m3_Hwi_Module__diagsEnabled__C)
                  2001f1ec    00000004     app_pem4.oem4 (.const:ti_sysbios_family_arm_m3_Hwi_Module__diagsIncluded__C)
                  2001f1f0    00000004     app_pem4.oem4 (.const:ti_sysbios_family_arm_m3_Hwi_Module__diagsMask__C)
                  2001f1f4    00000004     app_pem4.oem4 (.const:ti_sysbios_family_arm_m3_Hwi_Module__loggerFxn1__C)
                  2001f1f8    00000004     app_pem4.oem4 (.const:ti_sysbios_family_arm_m3_Hwi_Module__loggerFxn8__C)
                  2001f1fc    00000004     app_pem4.oem4 (.const:ti_sysbios_family_arm_m3_Hwi_Module__loggerObj__C)
                  2001f200    00000004     app_pem4.oem4 (.const:ti_sysbios_family_arm_m3_Hwi_NUM_INTERRUPTS__C)
                  2001f204    00000004     app_pem4.oem4 (.const:ti_sysbios_family_arm_m3_Hwi_Object__count__C)
                  2001f208    00000004     app_pem4.oem4 (.const:ti_sysbios_family_arm_m3_Hwi_ccr__C)
                  2001f20c    00000004     app_pem4.oem4 (.const:ti_sysbios_family_arm_m3_Hwi_excHandlerFunc__C)
                  2001f210    00000004     app_pem4.oem4 (.const:ti_sysbios_family_arm_m3_Hwi_excHookFuncs__C)
                  2001f214    00000004     app_pem4.oem4 (.const:ti_sysbios_family_arm_m3_Hwi_nullIsrFunc__C)
                  2001f218    00000004     app_pem4.oem4 (.const:ti_sysbios_family_arm_m3_Hwi_priGroup__C)
                  2001f21c    00000004     app_pem4.oem4 (.const:ti_sysbios_family_arm_m3_TaskSupport_stackAlignment__C)
                  2001f220    00000004     app_pem4.oem4 (.const:ti_sysbios_family_arm_m3_Timer_E_cannotSupport__C)
                  2001f224    00000004     app_pem4.oem4 (.const:ti_sysbios_family_arm_m3_Timer_startupNeeded__C)
                  2001f228    00000004     app_pem4.oem4 (.const:ti_sysbios_gates_GateMutex_A_badContext__C)
                  2001f22c    00000004     app_pem4.oem4 (.const:ti_sysbios_gates_GateMutex_Instance_State_sem__O)
                  2001f230    00000004     app_pem4.oem4 (.const:ti_sysbios_gates_GateMutex_Module__diagsEnabled__C)
                  2001f234    00000004     app_pem4.oem4 (.const:ti_sysbios_gates_GateMutex_Module__diagsIncluded__C)
                  2001f238    00000004     app_pem4.oem4 (.const:ti_sysbios_gates_GateMutex_Module__diagsMask__C)
                  2001f23c    00000004     app_pem4.oem4 (.const:ti_sysbios_hal_Hwi_E_stackOverflow__C)
                  2001f240    00000004     app_pem4.oem4 (.const:ti_sysbios_heaps_HeapMem_A_align__C)
                  2001f244    00000004     app_pem4.oem4 (.const:ti_sysbios_heaps_HeapMem_A_heapSize__C)
                  2001f248    00000004     app_pem4.oem4 (.const:ti_sysbios_heaps_HeapMem_A_invalidFree__C)
                  2001f24c    00000004     app_pem4.oem4 (.const:ti_sysbios_heaps_HeapMem_A_zeroBlock__C)
                  2001f250    00000004     app_pem4.oem4 (.const:ti_sysbios_heaps_HeapMem_E_memory__C)
                  2001f254    00000004     app_pem4.oem4 (.const:ti_sysbios_heaps_HeapMem_Module__diagsEnabled__C)
                  2001f258    00000004     app_pem4.oem4 (.const:ti_sysbios_heaps_HeapMem_Module__diagsIncluded__C)
                  2001f25c    00000004     app_pem4.oem4 (.const:ti_sysbios_heaps_HeapMem_Module__diagsMask__C)
                  2001f260    00000004     app_pem4.oem4 (.const:ti_sysbios_heaps_HeapMem_Module__gateObj__C)
                  2001f264    00000004     app_pem4.oem4 (.const:ti_sysbios_heaps_HeapMem_Object__count__C)
                  2001f268    00000004     app_pem4.oem4 (.const:ti_sysbios_heaps_HeapMem_reqAlign__C)
                  2001f26c    00000004     app_pem4.oem4 (.const:ti_sysbios_knl_Clock_LM_begin__C)
                  2001f270    00000004     app_pem4.oem4 (.const:ti_sysbios_knl_Clock_LM_tick__C)
                  2001f274    00000004     app_pem4.oem4 (.const:ti_sysbios_knl_Clock_LW_delayed__C)
                  2001f278    00000004     app_pem4.oem4 (.const:ti_sysbios_knl_Clock_Module_State_clockQ__O)
                  2001f27c    00000004     app_pem4.oem4 (.const:ti_sysbios_knl_Clock_Module__diagsEnabled__C)
                  2001f280    00000004     app_pem4.oem4 (.const:ti_sysbios_knl_Clock_Module__diagsIncluded__C)
                  2001f284    00000004     app_pem4.oem4 (.const:ti_sysbios_knl_Clock_Module__diagsMask__C)
                  2001f288    00000004     app_pem4.oem4 (.const:ti_sysbios_knl_Clock_Module__loggerFxn1__C)
                  2001f28c    00000004     app_pem4.oem4 (.const:ti_sysbios_knl_Clock_Module__loggerFxn2__C)
                  2001f290    00000004     app_pem4.oem4 (.const:ti_sysbios_knl_Clock_Module__loggerObj__C)
                  2001f294    00000004     app_pem4.oem4 (.const:ti_sysbios_knl_Clock_tickPeriod__C)
                  2001f298    00000004     app_pem4.oem4 (.const:ti_sysbios_knl_Idle_funcList__A)
                  2001f29c    00000004     app_pem4.oem4 (.const:ti_sysbios_knl_Mailbox_A_invalidBufSize__C)
                  2001f2a0    00000004     app_pem4.oem4 (.const:ti_sysbios_knl_Mailbox_Instance_State_dataQue__O)
                  2001f2a4    00000004     app_pem4.oem4 (.const:ti_sysbios_knl_Mailbox_Instance_State_dataSem__O)
                  2001f2a8    00000004     app_pem4.oem4 (.const:ti_sysbios_knl_Mailbox_Instance_State_freeQue__O)
                  2001f2ac    00000004     app_pem4.oem4 (.const:ti_sysbios_knl_Mailbox_Instance_State_freeSem__O)
                  2001f2b0    00000004     app_pem4.oem4 (.const:ti_sysbios_knl_Mailbox_Module__diagsEnabled__C)
                  2001f2b4    00000004     app_pem4.oem4 (.const:ti_sysbios_knl_Mailbox_Module__diagsIncluded__C)
                  2001f2b8    00000004     app_pem4.oem4 (.const:ti_sysbios_knl_Mailbox_Module__diagsMask__C)
                  2001f2bc    00000004     app_pem4.oem4 (.const:ti_sysbios_knl_Mailbox_Object__count__C)
                  2001f2c0    00000004     app_pem4.oem4 (.const:ti_sysbios_knl_Mailbox_maxTypeAlign__C)
                  2001f2c4    00000004     app_pem4.oem4 (.const:ti_sysbios_knl_Semaphore_A_badContext__C)
                  2001f2c8    00000004     app_pem4.oem4 (.const:ti_sysbios_knl_Semaphore_A_noEvents__C)
                  2001f2cc    00000004     app_pem4.oem4 (.const:ti_sysbios_knl_Semaphore_A_overflow__C)
                  2001f2d0    00000004     app_pem4.oem4 (.const:ti_sysbios_knl_Semaphore_A_pendTaskDisabled__C)
                  2001f2d4    00000004     app_pem4.oem4 (.const:ti_sysbios_knl_Semaphore_Instance_State_pendQ__O)
                  2001f2d8    00000004     app_pem4.oem4 (.const:ti_sysbios_knl_Semaphore_LM_pend__C)
                  2001f2dc    00000004     app_pem4.oem4 (.const:ti_sysbios_knl_Semaphore_LM_post__C)
                  2001f2e0    00000004     app_pem4.oem4 (.const:ti_sysbios_knl_Semaphore_Module__diagsEnabled__C)
                  2001f2e4    00000004     app_pem4.oem4 (.const:ti_sysbios_knl_Semaphore_Module__diagsIncluded__C)
                  2001f2e8    00000004     app_pem4.oem4 (.const:ti_sysbios_knl_Semaphore_Module__diagsMask__C)
                  2001f2ec    00000004     app_pem4.oem4 (.const:ti_sysbios_knl_Semaphore_Module__loggerFxn2__C)
                  2001f2f0    00000004     app_pem4.oem4 (.const:ti_sysbios_knl_Semaphore_Module__loggerFxn4__C)
                  2001f2f4    00000004     app_pem4.oem4 (.const:ti_sysbios_knl_Semaphore_Module__loggerObj__C)
                  2001f2f8    00000004     app_pem4.oem4 (.const:ti_sysbios_knl_Swi_LD_end__C)
                  2001f2fc    00000004     app_pem4.oem4 (.const:ti_sysbios_knl_Swi_LM_begin__C)
                  2001f300    00000004     app_pem4.oem4 (.const:ti_sysbios_knl_Swi_LM_post__C)
                  2001f304    00000004     app_pem4.oem4 (.const:ti_sysbios_knl_Swi_Module__diagsEnabled__C)
                  2001f308    00000004     app_pem4.oem4 (.const:ti_sysbios_knl_Swi_Module__diagsIncluded__C)
                  2001f30c    00000004     app_pem4.oem4 (.const:ti_sysbios_knl_Swi_Module__diagsMask__C)
                  2001f310    00000004     app_pem4.oem4 (.const:ti_sysbios_knl_Swi_Module__loggerFxn1__C)
                  2001f314    00000004     app_pem4.oem4 (.const:ti_sysbios_knl_Swi_Module__loggerFxn4__C)
                  2001f318    00000004     app_pem4.oem4 (.const:ti_sysbios_knl_Swi_Module__loggerObj__C)
                  2001f31c    00000004     app_pem4.oem4 (.const:ti_sysbios_knl_Swi_Object__count__C)
                  2001f320    00000004     app_pem4.oem4 (.const:ti_sysbios_knl_Task_A_badPriority__C)
                  2001f324    00000004     app_pem4.oem4 (.const:ti_sysbios_knl_Task_A_badTaskState__C)
                  2001f328    00000004     app_pem4.oem4 (.const:ti_sysbios_knl_Task_A_badThreadType__C)
                  2001f32c    00000004     app_pem4.oem4 (.const:ti_sysbios_knl_Task_A_badTimeout__C)
                  2001f330    00000004     app_pem4.oem4 (.const:ti_sysbios_knl_Task_A_noPendElem__C)
                  2001f334    00000004     app_pem4.oem4 (.const:ti_sysbios_knl_Task_A_sleepTaskDisabled__C)
                  2001f338    00000004     app_pem4.oem4 (.const:ti_sysbios_knl_Task_E_spOutOfBounds__C)
                  2001f33c    00000004     app_pem4.oem4 (.const:ti_sysbios_knl_Task_E_stackOverflow__C)
                  2001f340    00000004     app_pem4.oem4 (.const:ti_sysbios_knl_Task_LD_block__C)
                  2001f344    00000004     app_pem4.oem4 (.const:ti_sysbios_knl_Task_LD_exit__C)
                  2001f348    00000004     app_pem4.oem4 (.const:ti_sysbios_knl_Task_LD_ready__C)
                  2001f34c    00000004     app_pem4.oem4 (.const:ti_sysbios_knl_Task_LM_sleep__C)
                  2001f350    00000004     app_pem4.oem4 (.const:ti_sysbios_knl_Task_LM_switch__C)
                  2001f354    00000004     app_pem4.oem4 (.const:ti_sysbios_knl_Task_LM_yield__C)
                  2001f358    00000004     app_pem4.oem4 (.const:ti_sysbios_knl_Task_Module_State_inactiveQ__O)
                  2001f35c    00000004     app_pem4.oem4 (.const:ti_sysbios_knl_Task_Module__diagsEnabled__C)
                  2001f360    00000004     app_pem4.oem4 (.const:ti_sysbios_knl_Task_Module__diagsIncluded__C)
                  2001f364    00000004     app_pem4.oem4 (.const:ti_sysbios_knl_Task_Module__diagsMask__C)
                  2001f368    00000004     app_pem4.oem4 (.const:ti_sysbios_knl_Task_Module__loggerFxn2__C)
                  2001f36c    00000004     app_pem4.oem4 (.const:ti_sysbios_knl_Task_Module__loggerFxn4__C)
                  2001f370    00000004     app_pem4.oem4 (.const:ti_sysbios_knl_Task_Module__loggerObj__C)
                  2001f374    00000004     app_pem4.oem4 (.const:ti_sysbios_knl_Task_Object__count__C)
                  2001f378    00000004     app_pem4.oem4 (.const:ti_sysbios_knl_Task_allBlockedFunc__C)
                  2001f37c    00000004     app_pem4.oem4 (.const:ti_sysbios_knl_Task_defaultStackHeap__C)
                  2001f380    00000004     app_pem4.oem4 (.const:ti_sysbios_knl_Task_defaultStackSize__C)
                  2001f384    00000004     app_pem4.oem4 (.const:ti_sysbios_knl_Task_numConstructedTasks__C)
                  2001f388    00000004     app_pem4.oem4 (.const:xdc_runtime_Assert_E_assertFailed__C)
                  2001f38c    00000004     app_pem4.oem4 (.const:xdc_runtime_Core_A_initializedParams__C)
                  2001f390    00000004     app_pem4.oem4 (.const:xdc_runtime_Core_Module__diagsEnabled__C)
                  2001f394    00000004     app_pem4.oem4 (.const:xdc_runtime_Core_Module__diagsIncluded__C)
                  2001f398    00000004     app_pem4.oem4 (.const:xdc_runtime_Core_Module__diagsMask__C)
                  2001f39c    00000004     app_pem4.oem4 (.const:xdc_runtime_Error_E_memory__C)
                  2001f3a0    00000004     app_pem4.oem4 (.const:xdc_runtime_Error_Module__diagsEnabled__C)
                  2001f3a4    00000004     app_pem4.oem4 (.const:xdc_runtime_Error_Module__diagsIncluded__C)
                  2001f3a8    00000004     app_pem4.oem4 (.const:xdc_runtime_Error_Module__diagsMask__C)
                  2001f3ac    00000004     app_pem4.oem4 (.const:xdc_runtime_Error_Module__loggerFxn8__C)
                  2001f3b0    00000004     app_pem4.oem4 (.const:xdc_runtime_Error_Module__loggerObj__C)
                  2001f3b4    00000004     app_pem4.oem4 (.const:xdc_runtime_Error_policyFxn__C)
                  2001f3b8    00000004     app_pem4.oem4 (.const:xdc_runtime_Error_raiseHook__C)
                  2001f3bc    00000004     app_pem4.oem4 (.const:xdc_runtime_IFilterLogger_Interface__BASE__C)
                  2001f3c0    00000004     app_pem4.oem4 (.const:xdc_runtime_IGateProvider_Interface__BASE__C)
                  2001f3c4    00000004     app_pem4.oem4 (.const:xdc_runtime_IHeap_Interface__BASE__C)
                  2001f3c8    00000004     app_pem4.oem4 (.const:xdc_runtime_ILogger_Interface__BASE__C)
                  2001f3cc    00000004     app_pem4.oem4 (.const:xdc_runtime_IModule_Interface__BASE__C)
                  2001f3d0    00000004     app_pem4.oem4 (.const:xdc_runtime_Log_L_error__C)
                  2001f3d4    00000004     app_pem4.oem4 (.const:xdc_runtime_LoggerBuf_E_badLevel__C)
                  2001f3d8    00000004     app_pem4.oem4 (.const:xdc_runtime_LoggerBuf_Module__gateObj__C)
                  2001f3dc    00000004     app_pem4.oem4 (.const:xdc_runtime_LoggerBuf_Object__count__C)
                  2001f3e0    00000004     app_pem4.oem4 (.const:xdc_runtime_LoggerBuf_statusLogger__C)
                  2001f3e4    00000004     app_pem4.oem4 (.const:xdc_runtime_Memory_defaultHeapInstance__C)
                  2001f3e8    00000004     app_pem4.oem4 (.const:xdc_runtime_Startup_execImpl__C)
                  2001f3ec    00000004     app_pem4.oem4 (.const:xdc_runtime_Startup_maxPasses__C)
                  2001f3f0    00000004     app_pem4.oem4 (.const:xdc_runtime_Startup_sfxnRts__C)
                  2001f3f4    00000004     app_pem4.oem4 (.const:xdc_runtime_Startup_sfxnTab__C)
                  2001f3f8    00000004     app_pem4.oem4 (.const:xdc_runtime_SysMin_bufSize__C)
[...]
2001f300  ti_sysbios_knl_Swi_LM_post__C                               
2001f304  ti_sysbios_knl_Swi_Module__diagsEnabled__C                  
2001f308  ti_sysbios_knl_Swi_Module__diagsIncluded__C                 
2001f30c  ti_sysbios_knl_Swi_Module__diagsMask__C                     
2001f310  ti_sysbios_knl_Swi_Module__loggerFxn1__C                    
2001f314  ti_sysbios_knl_Swi_Module__loggerFxn4__C                    
2001f318  ti_sysbios_knl_Swi_Module__loggerObj__C                     
2001f31c  ti_sysbios_knl_Swi_Object__count__C                         
2001f320  ti_sysbios_knl_Task_A_badPriority__C                        
2001f324  ti_sysbios_knl_Task_A_badTaskState__C                       
2001f328  ti_sysbios_knl_Task_A_badThreadType__C                      
2001f32c  ti_sysbios_knl_Task_A_badTimeout__C                         
2001f330  ti_sysbios_knl_Task_A_noPendElem__C                         
2001f334  ti_sysbios_knl_Task_A_sleepTaskDisabled__C                  
2001f338  ti_sysbios_knl_Task_E_spOutOfBounds__C                      
2001f33c  ti_sysbios_knl_Task_E_stackOverflow__C                      
2001f340  ti_sysbios_knl_Task_LD_block__C                             
2001f344  ti_sysbios_knl_Task_LD_exit__C                              
2001f348  ti_sysbios_knl_Task_LD_ready__C                             
2001f34c  ti_sysbios_knl_Task_LM_sleep__C                             
2001f350  ti_sysbios_knl_Task_LM_switch__C                            
2001f354  ti_sysbios_knl_Task_LM_yield__C                             
2001f358  ti_sysbios_knl_Task_Module_State_inactiveQ__O               
2001f35c  ti_sysbios_knl_Task_Module__diagsEnabled__C                 
2001f360  ti_sysbios_knl_Task_Module__diagsIncluded__C                
2001f364  ti_sysbios_knl_Task_Module__diagsMask__C                    
2001f368  ti_sysbios_knl_Task_Module__loggerFxn2__C                   
2001f36c  ti_sysbios_knl_Task_Module__loggerFxn4__C                   
2001f370  ti_sysbios_knl_Task_Module__loggerObj__C                    
2001f374  ti_sysbios_knl_Task_Object__count__C                        
2001f378  ti_sysbios_knl_Task_allBlockedFunc__C                       
2001f37c  ti_sysbios_knl_Task_defaultStackHeap__C                     
2001f380  ti_sysbios_knl_Task_defaultStackSize__C                     
2001f384  ti_sysbios_knl_Task_numConstructedTasks__C                  
2001f388  xdc_runtime_Assert_E_assertFailed__C                        
2001f38c  xdc_runtime_Core_A_initializedParams__C                     
2001f390  xdc_runtime_Core_Module__diagsEnabled__C                    
2001f394  xdc_runtime_Core_Module__diagsIncluded__C                   
2001f398  xdc_runtime_Core_Module__diagsMask__C                       
2001f39c  xdc_runtime_Error_E_memory__C                               
2001f3a0  xdc_runtime_Error_Module__diagsEnabled__C                   
2001f3a4  xdc_runtime_Error_Module__diagsIncluded__C                  
2001f3a8  xdc_runtime_Error_Module__diagsMask__C                      
2001f3ac  xdc_runtime_Error_Module__loggerFxn8__C                     
2001f3b0  xdc_runtime_Error_Module__loggerObj__C                      
2001f3b4  xdc_runtime_Error_policyFxn__C                              
2001f3b8  xdc_runtime_Error_raiseHook__C                              
2001f3bc  xdc_runtime_IFilterLogger_Interface__BASE__C                
2001f3c0  xdc_runtime_IGateProvider_Interface__BASE__C                
2001f3c4  xdc_runtime_IHeap_Interface__BASE__C                        
2001f3c8  xdc_runtime_ILogger_Interface__BASE__C                      
2001f3cc  xdc_runtime_IModule_Interface__BASE__C                      
2001f3d0  xdc_runtime_Log_L_error__C                                  
2001f3d4  xdc_runtime_LoggerBuf_E_badLevel__C                         
2001f3d8  xdc_runtime_LoggerBuf_Module__gateObj__C                    
2001f3dc  xdc_runtime_LoggerBuf_Object__count__C                      
2001f3e0  xdc_runtime_LoggerBuf_statusLogger__C                       
2001f3e4  xdc_runtime_Memory_defaultHeapInstance__C                   
2001f3e8  xdc_runtime_Startup_execImpl__C                             
2001f3ec  xdc_runtime_Startup_maxPasses__C                            
2001f3f0  xdc_runtime_Startup_sfxnRts__C                              
2001f3f4  xdc_runtime_Startup_sfxnTab__C                              
2001f3f8  xdc_runtime_SysMin_bufSize__C                               
2001f3fc  xdc_runtime_SysMin_outputFunc__C                            
2001f400  xdc_runtime_System_Module__gateObj__C                       
2001f404  xdc_runtime_System_abortFxn__C                              
2001f408  xdc_runtime_System_exitFxn__C                               
2001f40c  xdc_runtime_System_extendFxn__C                             
2001f410  xdc_runtime_System_maxAtexitHandlers__C                     
2001f414  xdc_runtime_Text_charTab__C                                 
2001f418  xdc_runtime_Text_nameEmpty__C                               
2001f41c  xdc_runtime_Text_nameStatic__C                              
2001f420  xdc_runtime_Text_nameUnknown__C                             
2001f424  xdc_runtime_Text_nodeTab__C                                 
2001f428  xdc_runtime_Text_visitRopeFxn__C                            
2001f42c  ti_sysbios_gates_GateMutex_Module__id__C                    
2001f42e  ti_sysbios_hal_Hwi_Module__id__C                            
2001f430  ti_sysbios_heaps_HeapMem_Module__id__C                      
2001f432  ti_sysbios_knl_Clock_Module__id__C                          
2001f434  ti_sysbios_knl_Clock_Module__loggerDefined__C               
2001f436  ti_sysbios_knl_Mailbox_Module__id__C                        
2001f438  ti_sysbios_knl_Semaphore_Module__id__C                      
2001f43a  ti_sysbios_knl_Semaphore_Module__loggerDefined__C           
2001f43c  ti_sysbios_knl_Swi_Module__id__C                            
2001f43e  ti_sysbios_knl_Swi_Module__loggerDefined__C                 
2001f440  ti_sysbios_knl_Task_Module__id__C                           
2001f442  ti_sysbios_knl_Task_Module__loggerDefined__C                
2001f444  xdc_runtime_Core_Module__id__C                              
2001f446  xdc_runtime_Error_Module__loggerDefined__C                  
2001f448  xdc_runtime_Error_maxDepth__C                               
2001f44a  xdc_runtime_LoggerBuf_Module__id__C                         
2001f44c  xdc_runtime_LoggerBuf_filterByLevel__C                      
2001f44e  xdc_runtime_Memory_Module__id__C                            
2001f450  xdc_runtime_SysMin_flushAtExit__C                           
2001f452  xdc_runtime_Text_charCnt__C                                 
2001f454  xdc_runtime_Text_isLoaded__C                                
2001f456  xdc_runtime_Text_registryModsLastId__C                      
2001f458  xdc_runtime_Text_unnamedModsLastId__C                       
2001f460  __TI_static_base__                                          
2001f7cc  __TI_Handler_Table_Base                                     
2001f7d4  __TI_CINIT_Base                                             
2001f7d4  __TI_Handler_Table_Limit                                    
2001f7e4  __TI_CINIT_Limit                                            
2002bf00  ti_sysbios_heaps_HeapMem_Instance_State_0_buf__A            
20035f00  ti_sysbios_knl_Task_Instance_State_0_stack__A               
20036700  g_ucUartAckRxBuffer                                         
20036f00  g_ucUartRxBuffer                                            
20037ca0  g_OtaCheckUpdateResponse                                    
200380ec  xdc_runtime_LoggerBuf_Instance_State_0_entryArr__A          
200384ec  xdc_runtime_SysMin_Module_State_0_outbuf__A                 
20038ce8  g_OtaFileMetadata                                           
200390c0  ti_sysbios_family_arm_m3_Hwi_dispatchTable                  
2003980c  g_StatMem                                                   
20039984  cmd_tbl                                                     
20039ad4  __CIOBUF_                                                   
20039bf4  g_CdnClient                                                 
20039ccc  gw_context                                                  
20039d28  g_ucDinDout                                                 
20039d78  g_OtaApp                                                    
20039dc4  g_OtaApp_statistics                                         
20039e10  gGapPacket                                                  
20039e40  gGattPacket                                                 
20039e70  DeviceRec                                                   
20039e98  g_OtaClient                                                 
20039ebc  g_ucConnectionSSID                                          
20039ee0  attWriteReq                                                 
20039efa  attReadReq                                                  
20039efc  blefiCfgRec                                                 
20039f14  attReadByTypeReq                                            
20039f29  RxIrqCnt                                                    
20039f2a  lock_conn_handle                                            
20039f2c  g_FlcSflashCb                                               
20039f60  gapCentralRoleIRK                                           
20039f70  gapCentralRoleSRK                                           
20039fa0  g_LogClient                                                 
20039fa8  g_macAddressVal                                             
20039fb0  g_ucConnectionBSSID                                         
20039fb8  gapCentralRoleBdAddr                                        
20039fc0  gwRandomKey                                                 
20039fdc  DMAMsgQ                                                     
20039fe0  GC_ApiLockObj                                               
20039fe4  ReportLockObj                                               
20039fe8  SimpleLinkSpawnTaskHndl                                     
20039fec  gIntHdlr                                                    
20039ff0  gNPI_SyncObj                                                
20039ff4  g_GWConSyncObj                                              
20039ff8  g_GWGenSyncObj                                              
20039ffc  g_GWRespSyncObj                                             
2003a000  g_NetStatSyncObj                                            
2003a004  g_ReadFds                                                   
2003a008  g_cDummy                                                    
2003a00c  pGC_StateCB                                                 
2003a010  pNpiEvtCb                                                   
2003a014  pcliSyncObj                                                 
2003a018  sGC_AppMsgQueue                                             
2003a01c  sGC_StackMsgQueue                                           
2003a020  sMsg                                                        
2003a024  sblFileHandle                                               
2003a028  simpleLink_mailbox                                          
2003a02c  current_state                                               
2003a02d  g_ucLED1Pin                                                 
2003a02e  g_ucLED2Pin                                                 
2003a02f  g_ucLED3Pin                                                 
2003a030  g_ucPacketEvent                                             
2003a031  g_ucPacketLen                                               
2003a032  g_ucPacketType                                              
2003a033  lastCmdResponse                                             
2003a034  ti_sysbios_knl_Swi_Module_State_0_readyQ__A                 
2003a0b4  ti_sysbios_knl_Task_Module_State_0_readyQ__A                
2003a134  ti_sysbios_knl_Task_Object__table__V                        
2003a180  ti_sysbios_knl_Task_Module__state__V                        
2003a1c4  ti_sysbios_gates_GateMutex_Object__table__V                 
2003a1fc  ti_sysbios_family_arm_m3_Hwi_Module__state__V               
2003a230  ti_sysbios_family_arm_m3_Timer_Object__table__V             
2003a260  ti_sysbios_knl_Swi_Object__table__V                         
2003a290  ti_sysbios_knl_Clock_Module__state__V                       
2003a2bc  ti_sysbios_BIOS_Module__state__V                            
2003a2e0  xdc_runtime_LoggerBuf_Object__table__V                      
2003a304  is_blefiCfgReady                                            
2003a305  is_blefiCfgupdate                                           
2003a308  cfgSize                                                     
2003a30c  autoScanTimeout                                             
2003a314  num_fds_ready                                               
2003a318  cloud_connected                                             
2003a31c  g_ulDestinationIP                                           
2003a320  g_uiPortNum                                                 
2003a325  g_bleCurrState                                              
2003a326  selfEntity                                                  
2003a328  ti_sysbios_knl_Swi_Module__state__V                         
2003a344  ti_sysbios_family_arm_m3_Hwi_Object__table__V               
2003a35c  ti_sysbios_heaps_HeapMem_Object__table__V                   
2003a374  uuid_1_handle                                               
2003a376  uuid_1_handle_found                                         
2003a378  uuid_2_handle                                               
2003a37a  uuid_2_handle_found                                         
2003a37c  uuid_3_handle                                               
2003a37e  uuid_3_handle_found                                         
2003a380  uuid_4_handle                                               
2003a382  uuid_4_handle_found                                         
2003a384  uuid_5_handle                                               
2003a386  uuid_5_handle_found                                         
2003a388  uuid_noti_handle                                            
2003a38a  uuid_noti_handle_found                                      
2003a38b  is_notiEnable                                               
2003a3c3  is_bleStackReady                                            
2003a3c4  xdc_runtime_System_Module_State_0_atexitHandlers__A         
2003a3d4  is_slReady                                                  
2003a3d8  g_ulStatus                                                  
2003a3dc  g_ucConnectedToConfAP                                       
2003a3dd  g_ucProvisioningDone                                        
2003a3de  g_ucPriority                                                
2003a3df  g_macAddressLen                                             
2003a3e0  g_macAddressGet                                             
2003a3e1  gOutGoingPacket                                             
2003a3e2  gCC2650Packet                                               
2003a3e3  gAckEvent                                                   
2003a3e4  __TI_cleanup_ptr                                            
2003a3e8  __TI_dtors_ptr                                              
2003a3ec  __TI_enable_exit_profile_output                             
2003a3f0  g_uiLED1Port                                                
2003a3f4  g_uiLED2Port                                                
2003a3f8  g_uiLED3Port                                                
2003a3fc  gNpiReady                                                   
2003a400  g_uiUartRxBufHead                                           
2003a404  g_ucUartReadLen                                             
2003a405  g_ucUartByteCount                                           
2003a406  g_ucUartReadState                                           
2003a407  g_ucUartPacketState                                         
2003a408  ti_sysbios_family_arm_m3_Timer_Module__state__V             
2003a414  xdc_runtime_SysMin_Module__state__V                         
2003a420  g_SpiFd                                                     
2003a424  g_pHostIntHdl                                               
2003a428  g_ucDMAEnabled                                              
2003a429  gSblDone                                                    
2003a42a  ti_sysbios_family_arm_m3_Hwi_Module_State_0_excActive__A    
2003a42c  g_pCB                                                       
2003a430  pPingCallBackFunc                                           
2003a434  gFirstCmdMode                                               
2003a435  g_ucStartUARTSend                                           
2003a436  xdc_runtime_Error_Module__state__V                          
2003a438  _lock                                                       
2003a43c  _unlock                                                     
2003a440  cli_cmd_count                                               
2003a441  gCLIChar                                                    
2003a448  ti_sysbios_family_arm_m3_Hwi_Module__root__V                
2003a450  ti_sysbios_gates_GateHwi_Module__root__V                    
2003a458  ti_sysbios_gates_GateMutex_Module__root__V                  
2003a460  ti_sysbios_heaps_HeapMem_Module__root__V                    
2003a468  ti_sysbios_knl_Mailbox_Module__root__V                      
2003a470  ti_sysbios_knl_Queue_Module__root__V                        
2003a478  ti_sysbios_knl_Semaphore_Module__root__V                    
2003a480  ti_sysbios_knl_Task_Module__root__V                         
2003a488  xdc_runtime_LoggerBuf_Module__root__V                       
2003a490  xdc_runtime_Registry_Module__state__V                       
2003a498  xdc_runtime_Startup_Module__state__V                        
2003a4a0  xdc_runtime_System_Module__state__V                         
2003a4a8  gw_wlan_mac                                                 
2003a4ae  xdc_runtime_LoggerBuf_Module__state__V                      
2003a4b4  gapCentralRoleSignCounter                                   
2003a4b8  gapCentralRoleMaxScanRes                                    
2003a4bc  g_uiUartRxBufTail                                           
2003a4c0  g_ConsecutiveNetAccessNetErrors                             
2003a4c4  errno                                                       
2003a4c8  main_func_sp                                                
2003a4cc  ti_sysbios_family_arm_m3_Hwi_Module_State_0_excContext__A   
2003a4d0  ti_sysbios_family_arm_m3_Hwi_Module_State_0_excStack__A     
2003a4d4  ti_sysbios_family_arm_m3_TimestampProvider_Module__state__V 
2003a4d8  ti_sysbios_gates_GateHwi_Object__table__V                   
2003a4dc  ti_sysbios_knl_Task_Module_State_0_idleTask__A              
2003a4e0  xdc_runtime_Memory_Module__state__V                         
2003cdfc  __stack                                                     
2003edfc  __STACK_END                                                 
e000e000  ti_sysbios_family_arm_m3_Hwi_nvic                           
ffffffff  __TI_pprof_out_hndl                                         
ffffffff  __TI_prof_data_size                                         
ffffffff  __TI_prof_data_start                                        
ffffffff  __binit__                                                   
ffffffff  __c_args__                                                  
ffffffff  binit                                                       
UNDEFED   SHT$$INIT_ARRAY$$Base                                       
UNDEFED   SHT$$INIT_ARRAY$$Limit                                      

[1416 symbols]
