******************************************************************************
                  TI ARM Linker PC v15.12.3                    
******************************************************************************
>> Linked Mon Jun 05 23:59:43 2017

OUTPUT FILE NAME:   <blefi.out>
ENTRY POINT SYMBOL: "_c_int00"  address: 2001af35


MEMORY CONFIGURATION

         name            origin    length      used     unused   attr    fill
----------------------  --------  ---------  --------  --------  ----  --------
  SRAM_CODE             20004000   00027eff  0001b810  0000c6ef  RW X
  SRAM_DATA             2002bf00   00012eff  000105f0  0000290f  RW X


SEGMENT ALLOCATION MAP

run origin  load origin   length   init length attrs members
----------  ----------- ---------- ----------- ----- -------
20004000    20004000    0001b81c   0001b81c    r-x
  20004000    20004000    0000030c   0000030c    r-- .resetVecs
  20004310    20004310    00018a5a   00018a5a    r-x .text
  2001cd6c    2001cd6c    00002726   00002726    r-- .const
  2001f498    2001f498    00000384   00000384    r-- .cinit
2002bf00    2002bf00    0000e5f0   00000000    rw-
  2002bf00    2002bf00    0000e13c   00000000    rw- .bss
  2003a03c    2003a03c    000004b4   00000000    rw- .data
2003cdfc    2003cdfc    00002000   00000000    rw-
  2003cdfc    2003cdfc    00002000   00000000    rw- .stack


SECTION ALLOCATION MAP

 output                                  attributes/
section   page    origin      length       input sections
--------  ----  ----------  ----------   ----------------
.init_array 
*          0    20004000    00000000     UNINITIALIZED

.resetVecs 
*          0    20004000    0000030c     
                  20004000    0000030c     app_pem4.oem4 (.resetVecs)

.text      0    20004310    00018a5a     
                  20004310    00001b20     generic_task.obj (.text)
                  20005e30    00001180     gateway.a : database.obj (.text)
                  20006fb0    000010fc     rtsv7M4_T_le_eabi.lib : _printfi.obj (.text)
                  200080ac    00000dfc     cli.a : cli_handler.obj (.text)
                  20008ea8    00000bc0     gateway.a : gateway_events.obj (.text)
                  20009a68    00000b94     cli.a : cli.obj (.text)
                  2000a5fc    000009d8     cc26xxdnld.obj (.text)
                  2000afd4    00000940     wifi.obj (.text)
                  2000b914    0000082c     gateway.a : gapbondmgr.obj (.text)
                  2000c140    00000768               : gateway_task.obj (.text)
                  2000c8a8    000006ac               : gateway_api.obj (.text)
                  2000cf54    000005f8     ota.a : OtaHttp.obj (.text)
                  2000d54c    000005ec     simplelink.a : driver.obj (.text:_SlDrvMsgRead)
                  2000db38    000005dc     cc3200.obj (.text)
                  2000e114    000005ac     npi.a : gap_packets.obj (.text)
                  2000e6c0    00000548     otatask.obj (.text)
                  2000ec08    00000544     ti_rtos.a : osi_tirtos.obj (.text)
                  2000f14c    00000530     npi.a : gatt.obj (.text)
                  2000f67c    000004a2           : gap.obj (.text)
                  2000fb1e    00000002     rtsv7M4_T_le_eabi.lib : i_div0.obj (.text)
                  2000fb20    00000430     sysbios.aem4 : BIOS.obj (.text:ti_sysbios_family_arm_m3_Hwi_excDumpRegs__I)
                  2000ff50    0000042c     ota.a : OtaClient.obj (.text)
                  2001037c    000003fc           : OtaApp.obj (.text)
                  20010778    00000374     npi.a : uart_def.obj (.text)
                  20010aec    0000035c     ota.a : CdnClient.obj (.text)
                  20010e48    0000034c     ti.targets.arm.rtsarm.aem4 : System.oem4 (.text:xdc_runtime_System_doPrint__I)
                  20011194    00000334     npi.a : npi_cc3200_if.obj (.text)
                  200114c8    00000334     ota.a : LogClient.obj (.text)
                  200117fc    00000324     rtsv7M4_T_le_eabi.lib : trgdrv.obj (.text)
                  20011b20    00000314     sysbios.aem4 : BIOS.obj (.text:ti_sysbios_knl_Semaphore_pend__E)
                  20011e34    000002d4     gateway.a : gateway_cmds.obj (.text)
                  20012108    00000270     simplelink.a : wlan.obj (.text:sl_WlanProfileAdd)
                  20012378    00000254     sysbios.aem4 : BIOS.obj (.text:ti_sysbios_heaps_HeapMem_free__E)
                  200125cc    00000248     simplelink.a : driver.obj (.text:_SlDrvRxHdrRead)
                  20012814    00000248     gateway.a : ble_central.obj (.text)
                  20012a5c    00000004     app_pem4.oem4 (.text:ti_sysbios_BIOS_RtsGateProxy_enter__E)
                  20012a60    00000248     sysbios.aem4 : BIOS.obj (.text:ti_sysbios_heaps_HeapMem_alloc__E)
                  20012ca8    00000244     simplelink.a : wlan.obj (.text:sl_WlanConnect)
                  20012eec    00000234     uart_if.obj (.text)
                  20013120    0000022c     sysbios.aem4 : BIOS.obj (.text:ti_sysbios_knl_Task_Instance_finalize__E)
                  2001334c    00000004     app_pem4.oem4 (.text:ti_sysbios_BIOS_RtsGateProxy_leave__E)
                  20013350    00000200     sysbios.aem4 : BIOS.obj (.text:ti_sysbios_knl_Task_sleep__E)
                  20013550    000001fc                  : BIOS.obj (.text:ti_sysbios_family_arm_m3_Hwi_excHandlerMax__I)
                  2001374c    000001f4     rtsv7M4_T_le_eabi.lib : ull_div_t2.obj (.text)
                  20013940    000001d0     simplelink.a : driver.obj (.text:_SlDrvReleasePoolObj)
                  20013b10    000001cc                  : driver.obj (.text:_SlDrvMsgWrite)
                  20013cdc    00000004     app_pem4.oem4 (.text:ti_sysbios_family_arm_m3_Hwi_delete)
                  20013ce0    000001c8     sysbios.aem4 : BIOS.obj (.text:ti_sysbios_knl_Task_Instance_init__E)
                  20013ea8    000001b6     rtsv7M4_T_le_eabi.lib : fd_add_t2.obj (.text)
                  2001405e    00000002     app_pem4.oem4 (.text:ti_sysbios_BIOS_nullFunc__I)
                  20014060    0000019c     sysbios.aem4 : BIOS.obj (.text:ti_sysbios_knl_Task_Module_startup__E)
                  200141fc    00000190     simplelink.a : driver.obj (.text:_SlDrvWaitForPoolObj)
                  2001438c    00000190     npi.a : ble_events.obj (.text)
                  2001451c    00000184     flc.a : flc.obj (.text)
                  200146a0    00000180     blefi_gpio_if.obj (.text)
                  20014820    00000174     simplelink.a : driver.obj (.text:_SlDrvDriverCBInit)
                  20014994    00000004     app_pem4.oem4 (.text:ti_sysbios_family_arm_m3_TaskSupport_Module__startupDone__S)
                  20014998    00000174     sysbios.aem4 : BIOS.obj (.text:ti_sysbios_family_arm_m3_Hwi_excBusFault__I)
                  20014b0c    00000170     simplelink.a : driver.obj (.text:_SlFindAndSetActiveObj)
                  20014c7c    00000004     app_pem4.oem4 (.text:ti_sysbios_heaps_HeapMem_Module_GateProxy_enter__E)
                  20014c80    00000164     sysbios.aem4 : BIOS.obj (.text:ti_sysbios_family_arm_m3_Hwi_excUsageFault__I)
                  20014de4    00000160     main.obj (.text)
                  20014f44    00000004     app_pem4.oem4 (.text:ti_sysbios_heaps_HeapMem_Module_GateProxy_leave__E)
                  20014f48    00000158     sysbios.aem4 : BIOS.obj (.text:ti_sysbios_knl_Mailbox_Instance_init__E)
                  200150a0    00000150     simplelink.a : cc_pal.obj (.text:spi_Open)
                  200151f0    00000148     sysbios.aem4 : BIOS.obj (.text:ti_sysbios_family_arm_m3_Hwi_excMemFault__I)
                  20015338    00000140                  : BIOS.obj (.text:ti_sysbios_knl_Semaphore_post__E)
                  20015478    0000013c     simplelink.a : socket.obj (.text:sl_Select)
                  200155b4    00000004     app_pem4.oem4 (.text:ti_sysbios_knl_Clock_TimerProxy_getMaxTicks__E)
                  200155b8    0000013c     sysbios.aem4 : BIOS.obj (.text:ti_sysbios_heaps_HeapMem_Instance_init__E)
                  200156f4    00000138     pinmux.obj (.text)
                  2001582c    00000004     app_pem4.oem4 (.text:ti_sysbios_knl_Mailbox_delete)
                  20015830    00000138     sysbios.aem4 : BIOS.obj (.text:ti_sysbios_family_arm_m3_Hwi_dispatchC__I)
                  20015968    00000138     ti.targets.arm.rtsarm.aem4 : LoggerBuf.oem4 (.text:xdc_runtime_LoggerBuf_write8__E)
                  20015aa0    00000136     rtsv7M4_T_le_eabi.lib : fd_div_t2.obj (.text)
                  20015bd6    00000002     app_pem4.oem4 (.text:xdc_runtime_Startup_reset__I)
                  20015bd8    00000134     driverlib.a : prcm.obj (.text:PRCMCC3200MCUInit)
                  20015d0c    00000004     app_pem4.oem4 (.text:ti_sysbios_knl_Queue_destruct)
                  20015d10    00000134     sysbios.aem4 : BIOS.obj (.text:ti_sysbios_knl_Clock_workFunc__E)
                  20015e44    00000128     simplelink.a : driver.obj (.text:_SlDrvDataReadOp)
                  20015f6c    00000004     app_pem4.oem4 (.text:ti_sysbios_knl_Semaphore_delete)
                  20015f70    0000011c     sysbios.aem4 : BIOS.obj (.text:ti_sysbios_knl_Swi_run__I)
                  2001608c    00000118     ti.targets.arm.rtsarm.aem4 : Error.oem4 (.text:xdc_runtime_Error_policyDefault__E)
                  200161a4    00000114     rtsv7M4_T_le_eabi.lib : strtoul.obj (.text)
                  200162b8    00000108     simplelink.a : socket.obj (.text:sl_Connect)
                  200163c0    00000108                  : socket.obj (.text:sl_Send)
                  200164c8    00000104                  : driver.obj (.text:_SlDrvDataWriteOp)
                  200165cc    00000104                  : netapp.obj (.text:sl_NetAppDnsGetHostByName)
                  200166d0    00000100     ti.targets.arm.rtsarm.aem4 : Core-mem.oem4 (.text:xdc_runtime_Core_createObject__I)
                  200167d0    000000fe     simplelink.a : netapp.obj (.text:_SlDrvNetAppEventHandler)
                  200168ce    000000fc     rtsv7M4_T_le_eabi.lib : fd_mul_t2.obj (.text)
                  200169ca    00000002     --HOLE-- [fill = 0]
                  200169cc    000000f8     ti.targets.arm.rtsarm.aem4 : Startup.oem4 (.text:xdc_runtime_Startup_startMods__I)
                  20016ac4    000000f8     app_pem4.oem4 (.text:xdc_runtime_System_printfExtend__I)
                  20016bbc    000000f4     simplelink.a : fs.obj (.text:sl_FsRead)
                  20016cb0    000000f0     driverlib.a : udma.obj (.text:uDMAChannelTransferSet)
                  20016da0    000000ec     simplelink.a : fs.obj (.text:sl_FsWrite)
                  20016e8c    000000dc                  : cc_pal.obj (.text:spi_Read)
                  20016f68    000000d8                  : driver.obj (.text:_SlDrvClassifyRxMsg)
                  20017040    000000d4     ti.targets.arm.rtsarm.aem4 : LoggerBuf.oem4 (.text:xdc_runtime_LoggerBuf_write4__E)
                  20017114    000000d0     rtsv7M4_T_le_eabi.lib : s_scalbn.obj (.text)
                  200171e4    00000004     app_pem4.oem4 (.text:ti_sysbios_knl_Semaphore_destruct)
                  200171e8    000000d0     sysbios.aem4 : BIOS.obj (.text:ti_sysbios_family_arm_m3_Hwi_Module_startup__E)
                  200172b8    000000d0                  : m3_Hwi_asm.obj (.text:ti_sysbios_family_arm_m3_Hwi_dispatch__I)
                  20017388    000000cc                  : BIOS.obj (.text:ti_sysbios_knl_Task_schedule__I)
                  20017454    000000cc     ti.targets.arm.rtsarm.aem4 : Core-smem.oem4 (.text:xdc_runtime_Core_constructObject__I)
                  20017520    000000c8     simplelink.a : netapp.obj (.text:_sl_HandleAsync_DnsGetHostByService)
                  200175e8    000000c4                  : driver.obj (.text:_SlRemoveFromList)
                  200176ac    000000bc                  : driver.obj (.text:_SlDrvMsgReadCmdCtx)
                  20017768    000000bc                  : device.obj (.text:sl_Start)
                  20017824    00000004     app_pem4.oem4 (.text:ti_sysbios_knl_Task_delete)
                  20017828    000000bc     sysbios.aem4 : BIOS.obj (.text:ti_sysbios_family_arm_m3_Hwi_excDebugMon__I)
                  200178e4    00000004     ti.targets.arm.rtsarm.aem4 : Error.oem4 (.text:xdc_runtime_Error_getSite__E)
                  200178e8    000000bc     sysbios.aem4 : BIOS.obj (.text:ti_sysbios_family_arm_m3_Hwi_excHardFault__I)
                  200179a4    00000004     app_pem4.oem4 (.text:xdc_runtime_LoggerBuf_Module_GateProxy_enter__E)
                  200179a8    000000bc     sysbios.aem4 : BIOS.obj (.text:ti_sysbios_knl_Task_startCore__E)
                  20017a64    000000b8     simplelink.a : driver.obj (.text:_SlAsyncEventGenericHandler)
                  20017b1c    00000004     app_pem4.oem4 (.text:xdc_runtime_LoggerBuf_Module_GateProxy_leave__E)
                  20017b20    000000b4     sysbios.aem4 : BIOS.obj (.text:ti_sysbios_gates_GateMutex_enter__E)
                  20017bd4    00000004     app_pem4.oem4 (.text:xdc_runtime_System_Module_GateProxy_enter__E)
                  20017bd8    000000b4     sysbios.aem4 : BIOS.obj (.text:ti_sysbios_knl_Task_checkStacks__E)
                  20017c8c    00000004     app_pem4.oem4 (.text:xdc_runtime_System_Module_GateProxy_leave__E)
                  20017c90    000000b4     sysbios.aem4 : BIOS.obj (.text:ti_sysbios_knl_Task_yield__E)
                  20017d44    000000b0     smartconfig.obj (.text)
                  20017df4    00000004     ti.targets.arm.rtsarm.aem4 : System.oem4 (.text:xdc_runtime_System_aprintf_va__F)
                  20017df8    000000ac     sysbios.aem4 : BIOS.obj (.text:ti_sysbios_knl_Swi_post__E)
                  20017ea4    000000a8     driverlib.a : interrupt.obj (.text:IntDisable)
                  20017f4c    000000a8                 : interrupt.obj (.text:IntEnable)
                  20017ff4    000000a8     simplelink.a : netcfg.obj (.text:sl_NetCfgGet)
                  2001809c    00000004     ti.targets.arm.rtsarm.aem4 : System.oem4 (.text:xdc_runtime_System_printf_va__F)
                  200180a0    000000a8     sysbios.aem4 : BIOS.obj (.text:ti_sysbios_knl_Task_blockI__E)
                  20018148    000000a8                  : BIOS.obj (.text:ti_sysbios_knl_Task_postInit__I)
                  200181f0    000000a0     driverlib.a : spi.obj (.text:SPIConfigSetExpClk)
                  20018290    000000a0     auto_init.aem4 : auto_init.oem4 (.text)
                  20018330    000000a0     ti.targets.arm.rtsarm.aem4 : Text.oem4 (.text:xdc_runtime_Text_putMod__E)
                  200183d0    0000009c     simplelink.a : driver.obj (.text:_SlDrvMsgReadSpawnCtx)
                  2001846c    0000009c     rtsv7M4_T_le_eabi.lib : memcpy_t2.obj (.text)
                  20018508    0000009c     sysbios.aem4 : BIOS.obj (.text:ti_sysbios_knl_Semaphore_Instance_init__E)
                  200185a4    0000009c     ti.targets.arm.rtsarm.aem4 : LoggerBuf.oem4 (.text:xdc_runtime_LoggerBuf_setFilterLevel__E)
                  20018640    0000009a                                : Text.oem4 (.text:xdc_runtime_Text_putSite__E)
                  200186da    00000002     --HOLE-- [fill = 0]
                  200186dc    00000098     simplelink.a : fs.obj (.text:_sl_GetCreateFsMode)
                  20018774    00000004     --HOLE-- [fill = 0]
                  20018778    00000098     sysbios.aem4 : BIOS.obj (.text:ti_sysbios_knl_Mailbox_post__E)
                  20018810    00000094     driverlib.a : prcm.obj (.text:PRCMPeripheralClockGet)
                  200188a4    00000094     rtsv7M4_T_le_eabi.lib : snprintf.obj (.text)
                  20018938    00000094     sysbios.aem4 : BIOS.obj (.text:ti_sysbios_family_arm_m3_Hwi_Instance_init__E)
                  200189cc    00000004     --HOLE-- [fill = 0]
                  200189d0    00000094                  : BIOS.obj (.text:ti_sysbios_knl_Task_exit__E)
                  20018a64    00000090     simplelink.a : wlan.obj (.text:sl_WlanSmartConfigStart)
                  20018af4    00000004     --HOLE-- [fill = 0]
                  20018af8    00000090     sysbios.aem4 : BIOS.obj (.text:ti_sysbios_knl_Task_unblockI__E)
                  20018b88    0000008c     simplelink.a : cc_pal.obj (.text:SetupDMAReceive)
                  20018c14    0000008c                  : cc_pal.obj (.text:SetupDMASend)
                  20018ca0    0000008c                  : netapp.obj (.text:_sl_HandleAsync_DnsGetHostByName)
                  20018d2c    0000008c                  : netapp.obj (.text:_sl_HandleAsync_PingResponse)
                  20018db8    0000008c                  : cc_pal.obj (.text:spi_Write)
                  20018e44    00000004     --HOLE-- [fill = 0]
                  20018e48    0000008c     sysbios.aem4 : BIOS.obj (.text:ti_sysbios_knl_Mailbox_pend__E)
                  20018ed4    00000088     driverlib.a : prcm.obj (.text:PRCMHibernateIntervalSet)
                  20018f5c    00000088                 : pin.obj (.text:PinConfigSet)
                  20018fe4    00000088     rtsv7M4_T_le_eabi.lib : vsnprintf.obj (.text)
                  2001906c    00000088     simplelink.a : fs.obj (.text:sl_FsClose)
                  200190f4    00000004     --HOLE-- [fill = 0]
                  200190f8    00000088     sysbios.aem4 : BIOS.obj (.text:ti_sysbios_family_arm_m3_Hwi_initNVIC__E)
                  20019180    00000088                  : BIOS.obj (.text:ti_sysbios_knl_Mailbox_Module_startup__E)
                  20019208    00000086     rtsv7M4_T_le_eabi.lib : fd_cmp_t2.obj (.text:__aeabi_cdcmple)
                  2001928e    00000086                           : fd_cmp_t2.obj (.text:__aeabi_cdrcmple)
                  20019314    00000084     simplelink.a : cc_pal.obj (.text:NwpPowerOnPreamble)
                  20019398    00000084     sysbios.aem4 : BIOS.obj (.text:ti_sysbios_family_arm_m3_Hwi_postInit__I)
                  2001941c    00000082     driverlib.a : gpio.obj (.text:GPIOIntTypeSet)
                  2001949e    00000002     --HOLE-- [fill = 0]
                  200194a0    00000080     simplelink.a : driver.obj (.text:_SlDrvCmdOp)
                  20019520    00000080                  : cc_pal.obj (.text:spi_Read_CPU)
                  200195a0    00000080                  : cc_pal.obj (.text:spi_Write_CPU)
                  20019620    0000007c                  : device.obj (.text:_sl_HandleAsync_InitComplete)
                  2001969c    0000007c                  : fs.obj (.text:sl_FsGetInfo)
                  20019718    0000007c     sysbios.aem4 : BIOS.obj (.text:ti_sysbios_family_arm_m3_TimestampProvider_get64__E)
                  20019794    0000007a     rtsv7M4_T_le_eabi.lib : memset_t2.obj (.text)
                  2001980e    00000002     --HOLE-- [fill = 0]
                  20019810    00000078     simplelink.a : socket.obj (.text:_sl_HandleAsync_Connect)
                  20019888    00000078                  : fs.obj (.text:sl_FsOpen)
                  20019900    00000076     driverlib.a : uart.obj (.text:UARTConfigSetExpClk)
                  20019976    00000002     --HOLE-- [fill = 0]
                  20019978    00000074     simplelink.a : socket.obj (.text:sl_Recv)
                  200199ec    00000074     ti.targets.arm.rtsarm.aem4 : LoggerBuf.oem4 (.text:xdc_runtime_LoggerBuf_getFilterLevel__E)
                  20019a60    00000070     sysbios.aem4 : BIOS.obj (.text:ti_sysbios_knl_Mailbox_Instance_finalize__E)
                  20019ad0    0000006d     ti.targets.arm.rtsarm.aem4 : System.oem4 (.text:xdc_runtime_System_formatNum__I)
                  20019b3d    00000003     --HOLE-- [fill = 0]
                  20019b40    0000006c     simplelink.a : driver.obj (.text:_SlDrvCmdSend)
                  20019bac    00000004     --HOLE-- [fill = 0]
                  20019bb0    0000006c     sysbios.aem4 : BIOS.obj (.text:ti_sysbios_knl_Swi_restoreHwi__E)
                  20019c1c    0000006c     ti.targets.arm.rtsarm.aem4 : Error.oem4 (.text:xdc_runtime_Error_print__E)
                  20019c88    0000006c                                : Memory.oem4 (.text:xdc_runtime_Memory_alloc__E)
                  20019cf4    0000006a     rtsv7M4_T_le_eabi.lib : copy_decompress_rle.obj (.text)
                  20019d5e    00000002     --HOLE-- [fill = 0]
                  20019d60    00000068     simplelink.a : netapp.obj (.text:_sl_NetAppSendTokenValue)
                  20019dc8    00000068     rtsv7M4_T_le_eabi.lib : trgmsg.obj (.text)
                  20019e30    00000068     simplelink.a : socket.obj (.text:sl_SetSockOpt)
                  20019e98    00000066     ti.targets.arm.rtsarm.aem4 : Core-mem.oem4 (.text:xdc_runtime_Core_deleteObject__I)
                  20019efe    00000002     --HOLE-- [fill = 0]
                  20019f00    00000064     app_pem4.oem4 (.text:ti_sysbios_family_arm_m3_Hwi_create)
                  20019f64    00000064     app_pem4.oem4 (.text:ti_sysbios_knl_Mailbox_create)
                  20019fc8    00000064     driverlib.a : udma.obj (.text:uDMAChannelAttributeDisable)
                  2001a02c    00000064                 : udma.obj (.text:uDMAChannelAttributeEnable)
                  2001a090    00000060     simplelink.a : socket.obj (.text:_sl_HandleAsync_Accept)
                  2001a0f0    00000060     npi.a : hci.obj (.text)
                  2001a150    00000060     rtsv7M4_T_le_eabi.lib : sprintf.obj (.text)
                  2001a1b0    00000060     simplelink.a : wlan.obj (.text:sl_WlanPolicySet)
                  2001a210    00000060     sysbios.aem4 : BIOS.obj (.text:ti_sysbios_knl_Clock_logTick__E)
                  2001a270    0000005c     rtsv7M4_T_le_eabi.lib : s_frexp.obj (.text)
                  2001a2cc    0000005c     simplelink.a : socket.obj (.text:sl_Socket)
                  2001a328    0000005c     sysbios.aem4 : BIOS.obj (.text:ti_sysbios_knl_Swi_schedule__I)
                  2001a384    0000005c     app_pem4.oem4 (.text:ti_sysbios_knl_Task_create)
                  2001a3e0    0000005c     app_pem4.oem4 (.text:xdc_runtime_LoggerBuf_Object__create__S)
                  2001a43c    0000005b     ti.targets.arm.rtsarm.aem4 : Text.oem4 (.text:xdc_runtime_Text_putLab__E)
                  2001a497    00000001     --HOLE-- [fill = 0]
                  2001a498    00000058     driverlib.a : interrupt.obj (.text:IntPendClear)
                  2001a4f0    00000058                 : prcm.obj (.text:PRCMPeripheralReset)
                  2001a548    00000058     sysbios.aem4 : BIOS.obj (.text:ti_sysbios_family_arm_m3_Timer_setPeriod__E)
                  2001a5a0    00000056     rtsv7M4_T_le_eabi.lib : ltoa.obj (.text)
                  2001a5f6    00000002     --HOLE-- [fill = 0]
                  2001a5f8    00000054     simplelink.a : socket.obj (.text:_sl_HandleAsync_Select)
                  2001a64c    00000054     rtsv7M4_T_le_eabi.lib : exit.obj (.text)
                  2001a6a0    00000054     sysbios.aem4 : BIOS.obj (.text:ti_sysbios_family_arm_m3_Timer_start__E)
                  2001a6f4    00000054     ti.targets.arm.rtsarm.aem4 : Assert.oem4 (.text:xdc_runtime_Assert_raise__I)
                  2001a748    00000050     simplelink.a : device.obj (.text:_sl_HandleAsync_Stop)
                  2001a798    00000050                  : fs.obj (.text:sl_FsDel)
                  2001a7e8    00000050     ti.targets.arm.rtsarm.aem4 : Startup.oem4 (.text:xdc_runtime_Startup_exec__E)
                  2001a838    00000050                                : Text.oem4 (.text:xdc_runtime_Text_visitRope2__I)
                  2001a888    0000004c     driverlib.a : spi.obj (.text:SPIIntEnable)
                  2001a8d4    0000004c     simplelink.a : driver.obj (.text:_SlDrvProtectAsyncRespSetting)
                  2001a920    0000004c                  : driver.obj (.text:_SlDrvRxIrqHandler)
                  2001a96c    0000004c                  : socket.obj (.text:_sl_BuildAddress)
                  2001a9b8    0000004c     rtsv7M4_T_le_eabi.lib : atoi.obj (.text)
                  2001aa04    0000004c                           : atol.obj (.text)
                  2001aa50    0000004c                           : cpy_tbl.obj (.text)
                  2001aa9c    0000004c     sysbios.aem4 : m3_TaskSupport_asm.obj (.text:ti_sysbios_family_arm_m3_TaskSupport_buildTaskStack)
                  2001aae8    0000004c                  : BIOS.obj (.text:ti_sysbios_heaps_HeapMem_getStats__E)
                  2001ab34    00000004     --HOLE-- [fill = 0]
                  2001ab38    0000004c                  : BIOS.obj (.text:ti_sysbios_knl_Swi_runLoop__I)
                  2001ab84    00000004     --HOLE-- [fill = 0]
                  2001ab88    0000004c                  : BIOS.obj (.text:ti_sysbios_knl_Task_allBlockedFunction__I)
                  2001abd4    0000004c     driverlib.a : udma.obj (.text:uDMAChannelAssign)
                  2001ac20    00000048                 : prcm.obj (.text:PRCMHibernateWakeupSourceEnable)
                  2001ac68    00000048                 : spi.obj (.text:SPIIntClear)
                  2001acb0    00000048     simplelink.a : driver.obj (.text:_SlDrvBasicCmd)
                  2001acf8    00000048     rtsv7M4_T_le_eabi.lib : fd_toi_t2.obj (.text)
                  2001ad40    00000048     sysbios.aem4 : BIOS.obj (.text:ti_sysbios_family_arm_m3_Hwi_disableInterrupt__E)
                  2001ad88    00000048                  : BIOS.obj (.text:ti_sysbios_family_arm_m3_Hwi_enableInterrupt__E)
                  2001add0    00000048                  : BIOS.obj (.text:ti_sysbios_family_arm_m3_Hwi_excReserved__I)
                  2001ae18    00000048                  : m3_Hwi_asm_switch.obj (.text:ti_sysbios_family_arm_m3_Hwi_initStacks__E)
                  2001ae60    00000048                  : BIOS.obj (.text:ti_sysbios_family_arm_m3_Timer_initDevice__I)
                  2001aea8    00000046     ti.targets.arm.rtsarm.aem4 : Core-params.oem4 (.text:xdc_runtime_Core_assignParams__I)
                  2001aeee    00000002     --HOLE-- [fill = 0]
                  2001aef0    00000044     driverlib.a : spi.obj (.text:SPIDmaMaskGet)
                  2001af34    00000044     boot.aem4 : boot.oem4 (.text)
                  2001af78    00000044     simplelink.a : cc_pal.obj (.text:cc_SetupTransfer)
                  2001afbc    00000004     --HOLE-- [fill = 0]
                  2001afc0    00000044     sysbios.aem4 : BIOS.obj (.text:ti_sysbios_family_arm_m3_Hwi_getStackInfo__E)
                  2001b004    00000004     --HOLE-- [fill = 0]
                  2001b008    00000044                  : BIOS.obj (.text:ti_sysbios_knl_Mailbox_postInit__I)
                  2001b04c    00000044     ti.targets.arm.rtsarm.aem4 : Error.oem4 (.text:xdc_runtime_Error_setX__E)
                  2001b090    00000044                                : LoggerBuf.oem4 (.text:xdc_runtime_LoggerBuf_filterOutEvent__I)
                  2001b0d4    00000044                                : SysMin.oem4 (.text:xdc_runtime_SysMin_flush__E)
                  2001b118    00000044                                : Text.oem4 (.text:xdc_runtime_Text_xprintf__I)
                  2001b15c    00000042     simplelink.a : socket.obj (.text:sl_Htonl)
                  2001b19e    00000002     --HOLE-- [fill = 0]
                  2001b1a0    00000040     driverlib.a : pin.obj (.text:PinModeSet)
                  2001b1e0    00000040     rtsv7M4_T_le_eabi.lib : u_divt2.obj (.text)
                  2001b220    00000040     sysbios.aem4 : BIOS.obj (.text:ti_sysbios_family_arm_m3_Timer_Module_startup__E)
                  2001b260    0000003e     app_pem4.oem4 (.text:realloc)
                  2001b29e    0000003c     simplelink.a : netapp.obj (.text:CopyPingResultsToReport)
                  2001b2da    00000002     --HOLE-- [fill = 0]
                  2001b2dc    0000003c     driverlib.a : prcm.obj (.text:PRCMPeripheralClkEnable)
                  2001b318    0000003c     simplelink.a : socket.obj (.text:_sl_TruncatePayloadByProtocol)
                  2001b354    0000003c                  : socket.obj (.text:sl_Htons)
                  2001b390    0000003c     sysbios.aem4 : BIOS.obj (.text:ti_sysbios_family_arm_m3_Hwi_excSvCall__I)
                  2001b3cc    00000004     --HOLE-- [fill = 0]
                  2001b3d0    0000003c                  : BIOS.obj (.text:ti_sysbios_heaps_HeapMem_init__I)
                  2001b40c    00000004     --HOLE-- [fill = 0]
                  2001b410    0000003c                  : BIOS.obj (.text:ti_sysbios_knl_Swi_startup__E)
                  2001b44c    0000003c     driverlib.a : udma.obj (.text:uDMAChannelControlSet)
                  2001b488    0000003a     ti.targets.arm.rtsarm.aem4 : LoggerBuf.oem4 (.text:xdc_runtime_LoggerBuf_Instance_init__E)
                  2001b4c2    00000002     --HOLE-- [fill = 0]
                  2001b4c4    00000038     simplelink.a : cc_pal.obj (.text:NwpPowerOff)
                  2001b4fc    00000004     --HOLE-- [fill = 0]
                  2001b500    00000038     sysbios.aem4 : BIOS.obj (.text:ti_sysbios_family_arm_m3_Hwi_excNoIsr__I)
                  2001b538    00000038                  : BIOS.obj (.text:ti_sysbios_knl_Task_processVitalTaskFlag__I)
                  2001b570    00000038     ti.targets.arm.rtsarm.aem4 : SysMin.oem4 (.text:xdc_runtime_SysMin_putch__E)
                  2001b5a8    00000038                                : System.oem4 (.text:xdc_runtime_System_atexit__E)
                  2001b5e0    00000036     driverlib.a : gpio.obj (.text:GPIODirModeSet)
                  2001b616    00000002     --HOLE-- [fill = 0]
                  2001b618    00000034                 : prcm.obj (.text:PRCMPeripheralStatusGet)
                  2001b64c    00000034                 : spi.obj (.text:SPIFIFOLevelSet)
                  2001b680    00000034     rtsv7M4_T_le_eabi.lib : strstr.obj (.text)
                  2001b6b4    00000004     --HOLE-- [fill = 0]
                  2001b6b8    00000034     sysbios.aem4 : BIOS.obj (.text:ti_sysbios_family_arm_m3_Hwi_Instance_finalize__E)
                  2001b6ec    00000004     --HOLE-- [fill = 0]
                  2001b6f0    00000034                  : BIOS.obj (.text:ti_sysbios_family_arm_m3_Hwi_excNmi__I)
                  2001b724    00000004     --HOLE-- [fill = 0]
                  2001b728    00000034                  : BIOS.obj (.text:ti_sysbios_family_arm_m3_Timer_periodicStub__I)
                  2001b75c    00000004     --HOLE-- [fill = 0]
                  2001b760    00000034                  : BIOS.obj (.text:ti_sysbios_hal_Hwi_checkStack)
                  2001b794    00000034     app_pem4.oem4 (.text:ti_sysbios_knl_Semaphore_create)
                  2001b7c8    00000034     ti.targets.arm.rtsarm.aem4 : Core-label.oem4 (.text:xdc_runtime_Core_assignLabel__I)
                  2001b7fc    00000033                                : Text.oem4 (.text:xdc_runtime_Text_printVisFxn__I)
                  2001b82f    00000001     --HOLE-- [fill = 0]
                  2001b830    00000032     sysbios.aem4 : BIOS.obj (.text:ti_sysbios_hal_Hwi_initStack)
                  2001b862    00000006     driverlib.a : utils.obj (.text:UtilsDelay)
                  2001b868    00000032     sysbios.aem4 : BIOS.obj (.text:ti_sysbios_knl_Semaphore_pendTimeout__I)
                  2001b89a    00000030     driverlib.a : pin.obj (.text:PinTypeGPIO)
                  2001b8ca    00000002     --HOLE-- [fill = 0]
                  2001b8cc    00000030                 : uart.obj (.text:UARTDisable)
                  2001b8fc    00000030     simplelink.a : device.obj (.text:_SlDrvDeviceEventHandler)
                  2001b92c    00000030                  : fs.obj (.text:_sl_Strlen)
                  2001b95c    00000030     rtsv7M4_T_le_eabi.lib : strncpy.obj (.text)
                  2001b98c    00000030     simplelink.a : socket.obj (.text:sl_Close)
                  2001b9bc    00000030     app_pem4.oem4 (.text:ti_sysbios_BIOS_atExitFunc__I)
                  2001b9ec    00000004     --HOLE-- [fill = 0]
                  2001b9f0    00000030     sysbios.aem4 : BIOS.obj (.text:ti_sysbios_family_arm_m3_TaskSupport_start__E)
                  2001ba20    00000030     app_pem4.oem4 (.text:ti_sysbios_gates_GateHwi_Object__create__S)
                  2001ba50    00000030     app_pem4.oem4 (.text:ti_sysbios_gates_GateMutex_Object__create__S)
                  2001ba80    00000030     app_pem4.oem4 (.text:ti_sysbios_heaps_HeapMem_Object__create__S)
                  2001bab0    00000030     app_pem4.oem4 (.text:ti_sysbios_knl_Semaphore_construct)
                  2001bae0    00000030     ti.targets.arm.rtsarm.aem4 : SysMin.oem4 (.text:xdc_runtime_SysMin_abort__E)
                  2001bb10    00000030                                : System.oem4 (.text:xdc_runtime_System_processAtExit__E)
                  2001bb40    0000002e     app_pem4.oem4 (.text:malloc)
                  2001bb6e    0000002e     rtsv7M4_T_le_eabi.lib : i_tofd_t2.obj (.text)
                  2001bb9c    0000002c     simplelink.a : cc_pal.obj (.text:DmaSpiSwIntHandler)
                  2001bbc8    0000002c                  : cc_pal.obj (.text:NwpPowerOn)
                  2001bbf4    0000002c     driverlib.a : prcm.obj (.text:PRCMSysResetCauseGet)
                  2001bc20    0000002c     app_pem4.oem4 (.text:ti_sysbios_knl_Clock_doTick__I)
                  2001bc4c    0000002c     app_pem4.oem4 (.text:ti_sysbios_knl_Queue_construct)
                  2001bc78    0000002c     sysbios.aem4 : BIOS.obj (.text:ti_sysbios_knl_Task_restore__E)
                  2001bca4    0000002c     ti.targets.arm.rtsarm.aem4 : Text.oem4 (.text:xdc_runtime_Text_cordText__E)
                  2001bcd0    0000002a                                : System.oem4 (.text:xdc_runtime_System_putchar__I)
                  2001bcfa    00000002     --HOLE-- [fill = 0]
                  2001bcfc    00000028     driverlib.a : prcm.obj (.text:PRCMPeripheralClkDisable)
                  2001bd24    00000028     simplelink.a : socket.obj (.text:SL_FD_ISSET)
                  2001bd4c    00000004     --HOLE-- [fill = 0]
                  2001bd50    00000028     sysbios.aem4 : BIOS.obj (.text:ti_sysbios_knl_Swi_Module_startup__E)
                  2001bd78    00000028     ti.targets.arm.rtsarm.aem4 : LoggerBuf.oem4 (.text:xdc_runtime_LoggerBuf_Module_startup__E)
                  2001bda0    00000026     simplelink.a : cc_pal.obj (.text:NwpRegisterInterruptHandler)
                  2001bdc6    00000026     rtsv7M4_T_le_eabi.lib : strncmp.obj (.text)
                  2001bdec    00000026     ti.targets.arm.rtsarm.aem4 : System.oem4 (.text:xdc_runtime_System_avprintf__E)
                  2001be12    00000024     driverlib.a : uart.obj (.text:UARTEnable)
                  2001be36    00000002     --HOLE-- [fill = 0]
                  2001be38    00000024     simplelink.a : driver.obj (.text:_SlDrvProtectionObjLockWaitForever)
                  2001be5c    00000024     rtsv7M4_T_le_eabi.lib : memmov.obj (.text)
                  2001be80    00000024     app_pem4.oem4 (.text:ti_sysbios_BIOS_errorRaiseHook__I)
                  2001bea4    00000024     app_pem4.oem4 (.text:ti_sysbios_BIOS_registerRTSLock__I)
                  2001bec8    00000024     app_pem4.oem4 (.text:ti_sysbios_BIOS_removeRTSLock__I)
                  2001beec    00000024     app_pem4.oem4 (.text:ti_sysbios_BIOS_startFunc__I)
                  2001bf10    00000024     sysbios.aem4 : BIOS.obj (.text:ti_sysbios_family_arm_m3_Hwi_doTaskRestore__I)
                  2001bf34    00000004     --HOLE-- [fill = 0]
                  2001bf38    00000024                  : BIOS.obj (.text:ti_sysbios_family_arm_m3_Timer_startup__E)
                  2001bf5c    00000024     app_pem4.oem4 (.text:ti_sysbios_gates_GateMutex_Object__delete__S)
                  2001bf80    00000024     sysbios.aem4 : BIOS.obj (.text:ti_sysbios_knl_Clock_Module_startup__E)
                  2001bfa4    00000024     app_pem4.oem4 (.text:ti_sysbios_knl_Semaphore_Object__delete__S)
                  2001bfc8    00000024     ti.targets.arm.rtsarm.aem4 : System.oem4 (.text:xdc_runtime_System_vprintf__E)
                  2001bfec    00000022     driverlib.a : gpio.obj (.text:GPIOIntStatus)
                  2001c00e    00000022     simplelink.a : socket.obj (.text:SL_FD_SET)
                  2001c030    00000022     driverlib.a : spi.obj (.text:SPIReset)
                  2001c052    00000022                 : spi.obj (.text:SPIWordCountSet)
                  2001c074    00000022     rtsv7M4_T_le_eabi.lib : memcmp.obj (.text)
                  2001c096    00000022     app_pem4.oem4 (.text:xdc_runtime_SysMin_output__I)
                  2001c0b8    00000020     driverlib.a : gpio.obj (.text:GPIOPinWrite)
                  2001c0d8    00000020                 : spi.obj (.text:SPIDataGet)
                  2001c0f8    00000020     simplelink.a : driver.obj (.text:_SlDrvProtectionObjUnLock)
                  2001c118    00000020     app_pem4.oem4 (.text:ti_sysbios_BIOS_rtsLock__I)
                  2001c138    00000020     app_pem4.oem4 (.text:ti_sysbios_family_arm_m3_Hwi_Object__delete__S)
                  2001c158    00000020     sysbios.aem4 : m3_Hwi_asm.obj (.text:ti_sysbios_family_arm_m3_Hwi_excHandlerAsm__I)
                  2001c178    00000020                  : BIOS.obj (.text:ti_sysbios_family_arm_m3_Hwi_excHandler__I)
                  2001c198    00000020                  : BIOS.obj (.text:ti_sysbios_family_arm_m3_TimestampProvider_Module_startup__E)
                  2001c1b8    00000020     app_pem4.oem4 (.text:ti_sysbios_gates_GateHwi_Object__delete__S)
                  2001c1d8    00000020     app_pem4.oem4 (.text:ti_sysbios_heaps_HeapMem_Object__delete__S)
                  2001c1f8    00000020     sysbios.aem4 : BIOS.obj (.text:ti_sysbios_knl_Idle_run__E)
                  2001c218    00000020     app_pem4.oem4 (.text:ti_sysbios_knl_Mailbox_Object__delete__S)
                  2001c238    00000020     app_pem4.oem4 (.text:ti_sysbios_knl_Semaphore_Object__destruct__S)
                  2001c258    00000020     app_pem4.oem4 (.text:ti_sysbios_knl_Task_Object__delete__S)
                  2001c278    00000020     app_pem4.oem4 (.text:xdc_runtime_LoggerBuf_Object__delete__S)
                  2001c298    00000020     ti.targets.arm.rtsarm.aem4 : LoggerBuf.oem4 (.text:xdc_runtime_LoggerBuf_reset__E)
                  2001c2b8    00000020                                : Registry.oem4 (.text:xdc_runtime_Registry_findById__E)
                  2001c2d8    00000020                                : SysMin.oem4 (.text:xdc_runtime_SysMin_Module_startup__E)
                  2001c2f8    0000001e     driverlib.a : spi.obj (.text:SPIDataPut)
                  2001c316    0000001e                 : uart.obj (.text:UARTCharPut)
                  2001c334    0000001e     simplelink.a : cc_pal.obj (.text:cc_UDMAChannelSelect)
                  2001c352    0000001e     rtsv7M4_T_le_eabi.lib : strcat.obj (.text)
                  2001c370    0000001e     sysbios.aem4 : m3_Hwi_asm_switch.obj (.text:ti_sysbios_family_xxx_Hwi_switchAndRunFunc)
                  2001c38e    0000001c     driverlib.a : uart.obj (.text:UARTCharGetNonBlocking)
                  2001c3aa    0000001c     simplelink.a : driver.obj (.text:_SlDrvObjLockWaitForever)
                  2001c3c6    0000001c                  : driver.obj (.text:_SlDrvSyncObjWaitForever)
                  2001c3e2    0000001c     rtsv7M4_T_le_eabi.lib : memccpy.obj (.text)
                  2001c3fe    00000002     --HOLE-- [fill = 0]
                  2001c400    0000001c     sysbios.aem4 : BIOS.obj (.text:ti_sysbios_family_arm_m3_Hwi_setPriority__E)
                  2001c41c    00000004     --HOLE-- [fill = 0]
                  2001c420    0000001c                  : BIOS.obj (.text:ti_sysbios_gates_GateMutex_Instance_init__E)
                  2001c43c    0000001c     app_pem4.oem4 (.text:ti_sysbios_knl_Queue_Object__destruct__S)
                  2001c458    0000001c     sysbios.aem4 : BIOS.obj (.text:ti_sysbios_knl_Task_enter__I)
                  2001c474    0000001c     driverlib.a : udma.obj (.text:uDMAChannelEnable)
                  2001c490    0000001c     ti.targets.arm.rtsarm.aem4 : Error.oem4 (.text:xdc_runtime_Error_raiseX__E)
                  2001c4ac    0000001c                                : Memory.oem4 (.text:xdc_runtime_Memory_valloc__E)
                  2001c4c8    0000001c                                : SysMin.oem4 (.text:xdc_runtime_SysMin_exit__E)
                  2001c4e4    0000001c                                : System.oem4 (.text:xdc_runtime_System_abort__E)
                  2001c500    0000001a     driverlib.a : gpio.obj (.text:GPIOIntDisable)
                  2001c51a    0000001a                 : gpio.obj (.text:GPIOIntEnable)
                  2001c534    0000001a                 : pin.obj (.text:PinTypeUART)
                  2001c54e    0000001a                 : spi.obj (.text:SPIDmaEnable)
                  2001c568    0000001a                 : spi.obj (.text:SPIFIFOEnable)
                  2001c582    0000001a     app_pem4.oem4 (.text:ti_sysbios_family_arm_m3_Hwi_Handle__label__S)
                  2001c59c    0000001a     sysbios.aem4 : m3_Hwi_asm.obj (.text:ti_sysbios_family_arm_m3_Hwi_pendSV__I)
                  2001c5b6    0000001a     app_pem4.oem4 (.text:ti_sysbios_gates_GateHwi_Handle__label__S)
                  2001c5d0    0000001a     app_pem4.oem4 (.text:ti_sysbios_gates_GateMutex_Handle__label__S)
                  2001c5ea    0000001a     app_pem4.oem4 (.text:ti_sysbios_heaps_HeapMem_Handle__label__S)
                  2001c604    0000001a     app_pem4.oem4 (.text:ti_sysbios_knl_Swi_Handle__label__S)
                  2001c61e    0000001a     app_pem4.oem4 (.text:ti_sysbios_knl_Task_Handle__label__S)
                  2001c638    0000001a     sysbios.aem4 : BIOS.obj (.text:ti_sysbios_knl_Task_sleepTimeout__I)
                  2001c652    0000001a     app_pem4.oem4 (.text:xdc_runtime_LoggerBuf_Handle__label__S)
                  2001c66c    0000001a     app_pem4.oem4 (.text:xdc_runtime_System_aprintf__E)
                  2001c686    0000001a     app_pem4.oem4 (.text:xdc_runtime_System_printf__E)
                  2001c6a0    00000018     driverlib.a : gpio.obj (.text:GPIOPinRead)
                  2001c6b8    00000018                 : prcm.obj (.text:PRCMHibernateEnter)
                  2001c6d0    00000018                 : spi.obj (.text:SPICSDisable)
                  2001c6e8    00000018                 : spi.obj (.text:SPICSEnable)
                  2001c700    00000018                 : spi.obj (.text:SPIDisable)
                  2001c718    00000018                 : spi.obj (.text:SPIEnable)
                  2001c730    00000018                 : uart.obj (.text:UARTCharsAvail)
                  2001c748    00000018                 : uart.obj (.text:UARTFIFOLevelSet)
                  2001c760    00000018                 : uart.obj (.text:UARTIntDisable)
                  2001c778    00000018                 : uart.obj (.text:UARTIntEnable)
                  2001c790    00000018     simplelink.a : driver.obj (.text:_SlDrvObjUnLock)
                  2001c7a8    00000018                  : driver.obj (.text:_SlDrvSyncObjSignal)
                  2001c7c0    00000018                  : device.obj (.text:_sl_GetStartResponseConvert)
                  2001c7d8    00000018     app_pem4.oem4 (.text:free)
                  2001c7f0    00000018     rtsv7M4_T_le_eabi.lib : args_main.obj (.text)
                  2001c808    00000018                           : strcmp.obj (.text)
                  2001c820    00000018     app_pem4.oem4 (.text:ti_sysbios_BIOS_rtsUnlock__I)
                  2001c838    00000018     app_pem4.oem4 (.text:ti_sysbios_family_arm_m3_Hwi_Module__startupDone__F)
                  2001c850    00000018     app_pem4.oem4 (.text:ti_sysbios_family_arm_m3_Timer_Module__startupDone__F)
                  2001c868    00000018     sysbios.aem4 : BIOS.obj (.text:ti_sysbios_gates_GateMutex_leave__E)
                  2001c880    00000018     ti.targets.arm.rtsarm.aem4 : Error.oem4 (.text:xdc_runtime_Error_check__E)
                  2001c898    00000018                                : System.oem4 (.text:xdc_runtime_System_exit__E)
                  2001c8b0    00000018                                : Text.oem4 (.text:xdc_runtime_Text_ropeText__E)
                  2001c8c8    00000016     driverlib.a : prcm.obj (.text:PRCMHIBRegRead)
                  2001c8de    00000016                 : prcm.obj (.text:PRCMHIBRegWrite)
                  2001c8f4    00000016                 : uart.obj (.text:UARTCharGet)
                  2001c90a    00000016     simplelink.a : driver.obj (.text:_SlDrvMemZero)
                  2001c920    00000016     rtsv7M4_T_le_eabi.lib : strchr.obj (.text)
                  2001c936    00000016     app_pem4.oem4 (.text:ti_sysbios_BIOS_exitFunc__I)
                  2001c94c    00000014     driverlib.a : cpu.obj (.text:CPUcpsie)
                  2001c960    00000014                 : gpio.obj (.text:GPIOIntClear)
                  2001c974    00000014     rtsv7M4_T_le_eabi.lib : _lock.obj (.text)
                  2001c988    00000014                           : strcpy.obj (.text)
                  2001c99c    00000014                           : strlen.obj (.text)
                  2001c9b0    00000014     app_pem4.oem4 (.text:ti_sysbios_family_arm_m3_Hwi_Object__get__S)
                  2001c9c4    00000004     --HOLE-- [fill = 0]
                  2001c9c8    00000014     sysbios.aem4 : BIOS.obj (.text:ti_sysbios_family_arm_m3_Hwi_switchFromBootStack__E)
                  2001c9dc    00000014     app_pem4.oem4 (.text:ti_sysbios_heaps_HeapMem_Object__get__S)
                  2001c9f0    00000014     app_pem4.oem4 (.text:ti_sysbios_knl_Swi_Object__get__S)
                  2001ca04    00000014     app_pem4.oem4 (.text:xdc_runtime_LoggerBuf_Object__get__S)
                  2001ca18    00000012     driverlib.a : uart.obj (.text:UARTIntClear)
                  2001ca2a    00000006     rtsv7M4_T_le_eabi.lib : copy_decompress_rle.obj (.text:decompress:rle24)
                  2001ca30    00000012     sysbios.aem4 : BIOS.obj (.text:ti_sysbios_hal_Hwi_Module_startup__E)
                  2001ca42    00000006     ti.targets.arm.rtsarm.aem4 : System.oem4 (.text:xdc_runtime_System_Module_startup__E)
                  2001ca48    00000012     sysbios.aem4 : BIOS.obj (.text:ti_sysbios_hal_Timer_Module_startup__E)
                  2001ca5a    00000012     ti.targets.arm.rtsarm.aem4 : LoggerBuf.oem4 (.text:xdc_runtime_LoggerBuf_Instance_finalize__E)
                  2001ca6c    00000012                                : LoggerBuf.oem4 (.text:xdc_runtime_LoggerBuf_write1__E)
                  2001ca7e    00000012                                : LoggerBuf.oem4 (.text:xdc_runtime_LoggerBuf_write2__E)
                  2001ca90    00000012     app_pem4.oem4 (.text:xdc_runtime_Startup_exec__I)
                  2001caa2    00000010     simplelink.a : socket.obj (.text:SL_FD_ZERO)
                  2001cab2    00000006     --HOLE-- [fill = 0]
                  2001cab8    00000010     sysbios.aem4 : BIOS.obj (.text:ti_sysbios_BIOS_setThreadType__E)
                  2001cac8    00000010                  : BIOS.obj (.text:ti_sysbios_BIOS_start__E)
                  2001cad8    00000010                  : BIOS.obj (.text:ti_sysbios_family_arm_m3_Hwi_getHandle__E)
                  2001cae8    00000010                  : m3_TaskSupport_asm.obj (.text:ti_sysbios_family_arm_m3_TaskSupport_glue)
                  2001caf8    00000010                  : m3_TaskSupport_asm.obj (.text:ti_sysbios_family_arm_m3_TaskSupport_swap__E)
                  2001cb08    00000010                  : BIOS.obj (.text:ti_sysbios_gates_GateMutex_Instance_finalize__E)
                  2001cb18    00000010     app_pem4.oem4 (.text:ti_sysbios_knl_Mailbox_Object__get__S)
                  2001cb28    00000010     sysbios.aem4 : BIOS.obj (.text:ti_sysbios_knl_Semaphore_Instance_finalize__E)
                  2001cb38    00000010                  : BIOS.obj (.text:ti_sysbios_knl_Swi_disable__E)
                  2001cb48    00000010     app_pem4.oem4 (.text:ti_sysbios_knl_Task_Object__get__S)
                  2001cb58    00000010     sysbios.aem4 : BIOS.obj (.text:ti_sysbios_knl_Task_disable__E)
                  2001cb68    00000010     ti.targets.arm.rtsarm.aem4 : Gate.oem4 (.text:xdc_runtime_Gate_leaveSystem__E)
                  2001cb78    00000010                                : LoggerBuf.oem4 (.text:xdc_runtime_LoggerBuf_write0__E)
                  2001cb88    00000010                                : Memory.oem4 (.text:xdc_runtime_Memory_free__E)
                  2001cb98    00000010                                : SysMin.oem4 (.text:xdc_runtime_SysMin_ready__E)
                  2001cba8    00000010                                : System.oem4 (.text:xdc_runtime_System_vsnprintf__E)
                  2001cbb8    00000010     app_pem4.oem4 (.text:xdc_runtime_Text_visitRope__I)
                  2001cbc8    0000000e     simplelink.a : driver.obj (.text:_SlDrvResetCmdExt)
                  2001cbd6    0000000e     rtsv7M4_T_le_eabi.lib : copy_decompress_none.obj (.text:decompress:none)
                  2001cbe4    00000004     --HOLE-- [fill = 0]
                  2001cbe8    0000000e     sysbios.aem4 : BIOS.obj (.text:ti_sysbios_knl_Idle_loop__E)
                  2001cbf6    00000002     --HOLE-- [fill = 0]
                  2001cbf8    0000000e                  : BIOS.obj (.text:ti_sysbios_knl_Queue_empty__E)
                  2001cc06    00000002     --HOLE-- [fill = 0]
                  2001cc08    0000000c     simplelink.a : cc_pal.obj (.text:NwpMaskInterrupt)
                  2001cc14    0000000c                  : cc_pal.obj (.text:NwpUnMaskInterrupt)
                  2001cc20    0000000c                  : wlan.obj (.text:sl_WlanDisconnect)
                  2001cc2c    0000000c                  : wlan.obj (.text:sl_WlanSmartConfigStop)
                  2001cc38    0000000c     app_pem4.oem4 (.text:ti_sysbios_family_arm_m3_Hwi_Params__init__S)
                  2001cc44    00000004     --HOLE-- [fill = 0]
                  2001cc48    0000000c     sysbios.aem4 : BIOS.obj (.text:ti_sysbios_family_arm_m3_Hwi_disableFxn__E)
                  2001cc54    00000004     --HOLE-- [fill = 0]
                  2001cc58    0000000c                  : BIOS.obj (.text:ti_sysbios_family_arm_m3_TaskSupport_checkStack__E)
                  2001cc64    00000004     --HOLE-- [fill = 0]
                  2001cc68    0000000c                  : BIOS.obj (.text:ti_sysbios_family_arm_m3_TaskSupport_getStackAlignment__E)
                  2001cc74    00000004     --HOLE-- [fill = 0]
                  2001cc78    0000000c                  : BIOS.obj (.text:ti_sysbios_gates_GateHwi_enter__E)
                  2001cc84    0000000c     app_pem4.oem4 (.text:ti_sysbios_knl_Queue_Object__get__S)
                  2001cc90    0000000c     app_pem4.oem4 (.text:ti_sysbios_knl_Semaphore_Params__init__S)
                  2001cc9c    0000000c     app_pem4.oem4 (.text:ti_sysbios_knl_Task_Params__init__S)
                  2001cca8    0000000c     ti.targets.arm.rtsarm.aem4 : Error.oem4 (.text:xdc_runtime_Error_init__E)
                  2001ccb4    0000000c                                : Gate.oem4 (.text:xdc_runtime_Gate_enterSystem__E)
                  2001ccc0    0000000c                                : Memory.oem4 (.text:xdc_runtime_Memory_calloc__E)
                  2001cccc    0000000c                                : Memory.oem4 (.text:xdc_runtime_Memory_getMaxDefaultTypeAlign__E)
                  2001ccd8    0000000a     driverlib.a : interrupt.obj (.text:IntMasterEnable)
                  2001cce2    0000000a     app_pem4.oem4 (.text:xdc_runtime_IHeap_alloc)
                  2001ccec    0000000a     app_pem4.oem4 (.text:xdc_runtime_IHeap_free)
                  2001ccf6    0000000a     ti.targets.arm.rtsarm.aem4 : LoggerBuf.oem4 (.text:xdc_runtime_LoggerBuf_disable__E)
                  2001cd00    0000000a                                : LoggerBuf.oem4 (.text:xdc_runtime_LoggerBuf_enable__E)
                  2001cd0a    00000008     rtsv7M4_T_le_eabi.lib : s_copysign.obj (.text)
                  2001cd12    00000006     --HOLE-- [fill = 0]
                  2001cd18    00000008     sysbios.aem4 : BIOS.obj (.text:ti_sysbios_family_arm_m3_Hwi_doSwiRestore__I)
                  2001cd20    00000008                  : BIOS.obj (.text:ti_sysbios_family_arm_m3_Hwi_startup__E)
                  2001cd28    00000006                  : BIOS.obj (.text:ti_sysbios_family_arm_m3_Hwi_restoreFxn__E)
                  2001cd2e    00000002     --HOLE-- [fill = 0]
                  2001cd30    00000006                  : BIOS.obj (.text:ti_sysbios_gates_GateHwi_leave__E)
                  2001cd36    00000002     --HOLE-- [fill = 0]
                  2001cd38    00000006                  : BIOS.obj (.text:ti_sysbios_heaps_HeapMem_isBlocking__E)
                  2001cd3e    00000002     --HOLE-- [fill = 0]
                  2001cd40    00000006                  : BIOS.obj (.text:ti_sysbios_knl_Queue_Instance_init__E)
                  2001cd46    00000002     --HOLE-- [fill = 0]
                  2001cd48    00000004                  : BIOS.obj (.text:ti_sysbios_family_arm_m3_Timer_getMaxTicks__E)
                  2001cd4c    00000004     --HOLE-- [fill = 0]
                  2001cd50    00000004                  : BIOS.obj (.text:ti_sysbios_gates_GateHwi_query__E)
                  2001cd54    00000004     --HOLE-- [fill = 0]
                  2001cd58    00000004                  : BIOS.obj (.text:ti_sysbios_gates_GateMutex_query__E)
                  2001cd5c    00000004     --HOLE-- [fill = 0]
                  2001cd60    00000004                  : BIOS.obj (.text:ti_sysbios_knl_Task_startup__E)
                  2001cd64    00000004     --HOLE-- [fill = 0]
                  2001cd68    00000002                  : BIOS.obj (.text:ti_sysbios_gates_GateHwi_Instance_init__E)

.const     0    2001cd6c    00002726     
                  2001cd6c    000018cb     app_pem4.oem4 (.const:xdc_runtime_Text_charTab__A)
                  2001e637    00000101     rtsv7M4_T_le_eabi.lib : ctype.obj (.const:.string:_ctypes_)
                  2001e738    00000100     driverlib.a : pin.obj (.const:g_ulPinToPadMap)
                  2001e838    000000b8     app_pem4.oem4 (.const:xdc_runtime_Text_nodeTab__A)
                  2001e8f0    000000b0     simplelink.a : wlan.obj (.const:$P$T0$1)
                  2001e9a0    000000a8     driverlib.a : prcm.obj (.const:PRCM_PeriphRegsList)
                  2001ea48    00000048     app_pem4.oem4 (.const:.string)
                  2001ea90    00000040     cc26xxdnld.obj (.const:$P$T0$1)
                  2001ead0    00000040     cli.a : cli_handler.obj (.const:.string:$P$T0$1)
                  2001eb10    0000003c     simplelink.a : driver.obj (.const:OpcodeTranslateTable)
                  2001eb4c    0000003c     app_pem4.oem4 (.const:ti_sysbios_knl_Task_Object__PARAMS__C)
                  2001eb88    0000003c     app_pem4.oem4 (.const:xdc_runtime_LoggerBuf_Module__FXNS__C)
                  2001ebc4    00000038     simplelink.a : driver.obj (.const:_SlActionLookupTable)
                  2001ebfc    00000034     app_pem4.oem4 (.const:ti_sysbios_knl_Mailbox_Object__PARAMS__C)
                  2001ec30    00000032     generic_task.obj (.const:.string:$P$T2$4)
                  2001ec62    00000002     app_pem4.oem4 (.const:ti_sysbios_family_arm_m3_Hwi_Module__id__C)
                  2001ec64    00000030     app_pem4.oem4 (.const:ti_sysbios_family_arm_m3_Hwi_Object__PARAMS__C)
                  2001ec94    00000030     app_pem4.oem4 (.const:xdc_runtime_Startup_sfxnTab__A)
                  2001ecc4    00000028     app_pem4.oem4 (.const:ti_sysbios_heaps_HeapMem_Module__FXNS__C)
                  2001ecec    00000024     app_pem4.oem4 (.const:ti_sysbios_gates_GateHwi_Module__FXNS__C)
                  2001ed10    00000024     app_pem4.oem4 (.const:ti_sysbios_gates_GateMutex_Module__FXNS__C)
                  2001ed34    00000024     app_pem4.oem4 (.const:ti_sysbios_heaps_HeapMem_Object__PARAMS__C)
                  2001ed58    00000024     app_pem4.oem4 (.const:ti_sysbios_knl_Semaphore_Object__PARAMS__C)
                  2001ed7c    00000024     app_pem4.oem4 (.const:xdc_runtime_LoggerBuf_Object__PARAMS__C)
                  2001eda0    00000020     gateway.a : gateway_events.obj (.const:.string:$P$T1$2)
                  2001edc0    00000020     simplelink.a : driver.obj (.const:RxMsgClassLUT)
                  2001ede0    00000020     app_pem4.oem4 (.const:ti_sysbios_family_arm_m3_Hwi_Object__DESC__C)
                  2001ee00    00000020     app_pem4.oem4 (.const:ti_sysbios_gates_GateHwi_Object__DESC__C)
                  2001ee20    00000020     app_pem4.oem4 (.const:ti_sysbios_gates_GateMutex_Object__DESC__C)
                  2001ee40    00000020     app_pem4.oem4 (.const:ti_sysbios_heaps_HeapMem_Object__DESC__C)
                  2001ee60    00000020     app_pem4.oem4 (.const:ti_sysbios_knl_Mailbox_Object__DESC__C)
                  2001ee80    00000020     app_pem4.oem4 (.const:ti_sysbios_knl_Queue_Object__DESC__C)
                  2001eea0    00000020     app_pem4.oem4 (.const:ti_sysbios_knl_Semaphore_Object__DESC__C)
                  2001eec0    00000020     app_pem4.oem4 (.const:ti_sysbios_knl_Task_Object__DESC__C)
                  2001eee0    00000020     app_pem4.oem4 (.const:xdc_runtime_LoggerBuf_Object__DESC__C)
                  2001ef00    0000001a     generic_task.obj (.const:.string:$P$T3$6)
                  2001ef1a    00000018     npi.a : uart_def.obj (.const:.string:$P$T1$2)
                  2001ef32    00000018     generic_task.obj (.const:.string:$P$T1$3)
                  2001ef4a    00000002     app_pem4.oem4 (.const:ti_sysbios_family_arm_m3_Hwi_Module__loggerDefined__C)
                  2001ef4c    00000018     driverlib.a : interrupt.obj (.const:g_pulDisRegs)
                  2001ef64    00000018                 : interrupt.obj (.const:g_pulEnRegs)
                  2001ef7c    00000018                 : interrupt.obj (.const:g_pulUnpendRegs)
                  2001ef94    00000018                 : spi.obj (.const:g_ulSPIDmaMaskMap)
                  2001efac    00000018     app_pem4.oem4 (.const:ti_sysbios_gates_GateHwi_Object__PARAMS__C)
                  2001efc4    00000018     app_pem4.oem4 (.const:ti_sysbios_gates_GateMutex_Object__PARAMS__C)
                  2001efdc    00000018     app_pem4.oem4 (.const:ti_sysbios_knl_Queue_Object__PARAMS__C)
                  2001eff4    00000018     app_pem4.oem4 (.const:xdc_runtime_Startup_sfxnRts__A)
                  2001f00c    00000015     npi.a : uart_def.obj (.const:.string:$P$T0$1)
                  2001f021    00000001     app_pem4.oem4 (.const:xdc_runtime_Error_policy__C)
                  2001f022    00000002     app_pem4.oem4 (.const:ti_sysbios_family_arm_m3_Timer_Module__id__C)
                  2001f024    00000014     simplelink.a : fs.obj (.const:$P$T0$1)
                  2001f038    00000013     smartconfig.obj (.const:.string:$P$T0$1)
                  2001f04b    00000012     generic_task.obj (.const:.string:$P$T0$2)
                  2001f05d    00000011     wifi.obj (.const:.string:$P$T0$1)
                  2001f06e    00000011     gateway.a : gateway_task.obj (.const:.string:$P$T1$3)
                  2001f07f    00000010     smartconfig.obj (.const:.string:$P$T1$2)
                  2001f08f    00000010     wifi.obj (.const:.string:$P$T3$4)
                  2001f09f    00000010     generic_task.obj (.const:.string:$P$T4$7)
                  2001f0af    00000010     generic_task.obj (.const:.string:$P$T5$8)
                  2001f0bf    00000010     simplelink.a : socket.obj (.const:.string:_SlPayloadByProtocolLUT)
                  2001f0cf    0000000f     gateway.a : gateway_events.obj (.const:.string:$P$T0$1)
                  2001f0de    0000000e     cc3200.obj (.const:.string:$P$T0$1)
                  2001f0ec    0000000e     gateway.a : database.obj (.const:.string:$P$T0$1)
                  2001f0fa    0000000d               : ble_central.obj (.const:.string:$P$T0$1)
                  2001f107    0000000d               : gateway_task.obj (.const:.string:$P$T0$1)
                  2001f114    0000000c     simplelink.a : fs.obj (.const:$P$T1$2)
                  2001f120    0000000c     wifi.obj (.const:$P$T1$2)
                  2001f12c    0000000c     wifi.obj (.const:.string:$P$T2$3)
                  2001f138    0000000c     app_pem4.oem4 (.const:xdc_runtime_Startup_firstFxns__A)
                  2001f144    0000000b     wifi.obj (.const:.string:pcDigits)
                  2001f14f    00000009     cli.a : cli.obj (.const:.string:$P$T0$2)
                  2001f158    00000008     simplelink.a : device.obj (.const:.string:StartResponseLUT)
                  2001f160    00000008                  : driver.obj (.const:g_H2NCnysPattern)
                  2001f168    00000008                  : driver.obj (.const:g_H2NSyncPattern)
                  2001f170    00000008     app_pem4.oem4 (.const:ti_sysbios_family_arm_m3_Hwi_excHookFuncs__A)
                  2001f178    00000008     app_pem4.oem4 (.const:ti_sysbios_knl_Idle_funcList__C)
                  2001f180    00000008     app_pem4.oem4 (.const:xdc_runtime_Startup_firstFxns__C)
                  2001f188    00000008     app_pem4.oem4 (.const:xdc_runtime_Startup_lastFxns__C)
                  2001f190    00000005     gateway.a : database.obj (.const:.string:$P$T1$2)
                  2001f195    00000005               : database.obj (.const:.string:$P$T2$3)
                  2001f19a    00000004     simplelink.a : driver.obj (.const:$P$T0$1)
                  2001f19e    00000004                  : wlan.obj (.const:$P$T1$2)
                  2001f1a2    00000004                  : socket.obj (.const:$P$T2$3)
                  2001f1a6    00000004                  : wlan.obj (.const:$P$T2$3)
                  2001f1aa    00000004                  : fs.obj (.const:_SlFsCloseCmdCtrl)
                  2001f1ae    00000004                  : fs.obj (.const:_SlFsDeleteCmdCtrl)
                  2001f1b2    00000004                  : fs.obj (.const:_SlFsGetInfoCmdCtrl)
                  2001f1b6    00000004                  : fs.obj (.const:_SlFsOpenCmdCtrl)
                  2001f1ba    00000004                  : fs.obj (.const:_SlFsReadCmdCtrl)
                  2001f1be    00000004                  : fs.obj (.const:_SlFsWriteCmdCtrl)
                  2001f1c2    00000004                  : netapp.obj (.const:_SlGetHostByNameCtrl)
                  2001f1c6    00000004                  : netapp.obj (.const:_SlNetAppSendTokenValueCmdCtrl)
                  2001f1ca    00000004                  : netcfg.obj (.const:_SlNetCfgGetCmdCtrl)
                  2001f1ce    00000004                  : wlan.obj (.const:_SlPolicySetCmdCtrl)
                  2001f1d2    00000004                  : socket.obj (.const:_SlRecvCmdCtrl)
                  2001f1d6    00000004                  : socket.obj (.const:_SlSelectCmdCtrl)
                  2001f1da    00000004                  : socket.obj (.const:_SlSendCmdCtrl)
                  2001f1de    00000004                  : socket.obj (.const:_SlSetSockOptCmdCtrl)
                  2001f1e2    00000004                  : wlan.obj (.const:_SlSmartConfigStartCmdCtrl)
                  2001f1e6    00000004                  : socket.obj (.const:_SlSockCloseCmdCtrl)
                  2001f1ea    00000004                  : socket.obj (.const:_SlSockSocketCmdCtrl)
                  2001f1ee    00000002     app_pem4.oem4 (.const:ti_sysbios_family_arm_m3_TimestampProvider_configTimer__C)
                  2001f1f0    00000004     app_pem4.oem4 (.const:ti_sysbios_family_arm_m3_Hwi_E_NMI__C)
                  2001f1f4    00000004     app_pem4.oem4 (.const:ti_sysbios_family_arm_m3_Hwi_E_alreadyDefined__C)
                  2001f1f8    00000004     app_pem4.oem4 (.const:ti_sysbios_family_arm_m3_Hwi_E_busFault__C)
                  2001f1fc    00000004     app_pem4.oem4 (.const:ti_sysbios_family_arm_m3_Hwi_E_debugMon__C)
                  2001f200    00000004     app_pem4.oem4 (.const:ti_sysbios_family_arm_m3_Hwi_E_hardFault__C)
                  2001f204    00000004     app_pem4.oem4 (.const:ti_sysbios_family_arm_m3_Hwi_E_memFault__C)
                  2001f208    00000004     app_pem4.oem4 (.const:ti_sysbios_family_arm_m3_Hwi_E_noIsr__C)
                  2001f20c    00000004     app_pem4.oem4 (.const:ti_sysbios_family_arm_m3_Hwi_E_reserved__C)
                  2001f210    00000004     app_pem4.oem4 (.const:ti_sysbios_family_arm_m3_Hwi_E_svCall__C)
                  2001f214    00000004     app_pem4.oem4 (.const:ti_sysbios_family_arm_m3_Hwi_E_usageFault__C)
                  2001f218    00000004     app_pem4.oem4 (.const:ti_sysbios_family_arm_m3_Hwi_LD_end__C)
                  2001f21c    00000004     app_pem4.oem4 (.const:ti_sysbios_family_arm_m3_Hwi_LM_begin__C)
                  2001f220    00000004     app_pem4.oem4 (.const:ti_sysbios_family_arm_m3_Hwi_Module__diagsEnabled__C)
                  2001f224    00000004     app_pem4.oem4 (.const:ti_sysbios_family_arm_m3_Hwi_Module__diagsIncluded__C)
                  2001f228    00000004     app_pem4.oem4 (.const:ti_sysbios_family_arm_m3_Hwi_Module__diagsMask__C)
                  2001f22c    00000004     app_pem4.oem4 (.const:ti_sysbios_family_arm_m3_Hwi_Module__loggerFxn1__C)
                  2001f230    00000004     app_pem4.oem4 (.const:ti_sysbios_family_arm_m3_Hwi_Module__loggerFxn8__C)
                  2001f234    00000004     app_pem4.oem4 (.const:ti_sysbios_family_arm_m3_Hwi_Module__loggerObj__C)
                  2001f238    00000004     app_pem4.oem4 (.const:ti_sysbios_family_arm_m3_Hwi_NUM_INTERRUPTS__C)
                  2001f23c    00000004     app_pem4.oem4 (.const:ti_sysbios_family_arm_m3_Hwi_Object__count__C)
                  2001f240    00000004     app_pem4.oem4 (.const:ti_sysbios_family_arm_m3_Hwi_ccr__C)
                  2001f244    00000004     app_pem4.oem4 (.const:ti_sysbios_family_arm_m3_Hwi_excHandlerFunc__C)
                  2001f248    00000004     app_pem4.oem4 (.const:ti_sysbios_family_arm_m3_Hwi_excHookFuncs__C)
                  2001f24c    00000004     app_pem4.oem4 (.const:ti_sysbios_family_arm_m3_Hwi_nullIsrFunc__C)
                  2001f250    00000004     app_pem4.oem4 (.const:ti_sysbios_family_arm_m3_Hwi_priGroup__C)
                  2001f254    00000004     app_pem4.oem4 (.const:ti_sysbios_family_arm_m3_TaskSupport_stackAlignment__C)
                  2001f258    00000004     app_pem4.oem4 (.const:ti_sysbios_family_arm_m3_Timer_E_cannotSupport__C)
                  2001f25c    00000004     app_pem4.oem4 (.const:ti_sysbios_family_arm_m3_Timer_startupNeeded__C)
                  2001f260    00000004     app_pem4.oem4 (.const:ti_sysbios_gates_GateMutex_A_badContext__C)
                  2001f264    00000004     app_pem4.oem4 (.const:ti_sysbios_gates_GateMutex_Instance_State_sem__O)
                  2001f268    00000004     app_pem4.oem4 (.const:ti_sysbios_gates_GateMutex_Module__diagsEnabled__C)
                  2001f26c    00000004     app_pem4.oem4 (.const:ti_sysbios_gates_GateMutex_Module__diagsIncluded__C)
                  2001f270    00000004     app_pem4.oem4 (.const:ti_sysbios_gates_GateMutex_Module__diagsMask__C)
                  2001f274    00000004     app_pem4.oem4 (.const:ti_sysbios_hal_Hwi_E_stackOverflow__C)
                  2001f278    00000004     app_pem4.oem4 (.const:ti_sysbios_heaps_HeapMem_A_align__C)
                  2001f27c    00000004     app_pem4.oem4 (.const:ti_sysbios_heaps_HeapMem_A_heapSize__C)
                  2001f280    00000004     app_pem4.oem4 (.const:ti_sysbios_heaps_HeapMem_A_invalidFree__C)
                  2001f284    00000004     app_pem4.oem4 (.const:ti_sysbios_heaps_HeapMem_A_zeroBlock__C)
                  2001f288    00000004     app_pem4.oem4 (.const:ti_sysbios_heaps_HeapMem_E_memory__C)
                  2001f28c    00000004     app_pem4.oem4 (.const:ti_sysbios_heaps_HeapMem_Module__diagsEnabled__C)
                  2001f290    00000004     app_pem4.oem4 (.const:ti_sysbios_heaps_HeapMem_Module__diagsIncluded__C)
                  2001f294    00000004     app_pem4.oem4 (.const:ti_sysbios_heaps_HeapMem_Module__diagsMask__C)
                  2001f298    00000004     app_pem4.oem4 (.const:ti_sysbios_heaps_HeapMem_Module__gateObj__C)
                  2001f29c    00000004     app_pem4.oem4 (.const:ti_sysbios_heaps_HeapMem_Object__count__C)
                  2001f2a0    00000004     app_pem4.oem4 (.const:ti_sysbios_heaps_HeapMem_reqAlign__C)
                  2001f2a4    00000004     app_pem4.oem4 (.const:ti_sysbios_knl_Clock_LM_begin__C)
                  2001f2a8    00000004     app_pem4.oem4 (.const:ti_sysbios_knl_Clock_LM_tick__C)
                  2001f2ac    00000004     app_pem4.oem4 (.const:ti_sysbios_knl_Clock_LW_delayed__C)
                  2001f2b0    00000004     app_pem4.oem4 (.const:ti_sysbios_knl_Clock_Module_State_clockQ__O)
                  2001f2b4    00000004     app_pem4.oem4 (.const:ti_sysbios_knl_Clock_Module__diagsEnabled__C)
                  2001f2b8    00000004     app_pem4.oem4 (.const:ti_sysbios_knl_Clock_Module__diagsIncluded__C)
                  2001f2bc    00000004     app_pem4.oem4 (.const:ti_sysbios_knl_Clock_Module__diagsMask__C)
                  2001f2c0    00000004     app_pem4.oem4 (.const:ti_sysbios_knl_Clock_Module__loggerFxn1__C)
                  2001f2c4    00000004     app_pem4.oem4 (.const:ti_sysbios_knl_Clock_Module__loggerFxn2__C)
                  2001f2c8    00000004     app_pem4.oem4 (.const:ti_sysbios_knl_Clock_Module__loggerObj__C)
                  2001f2cc    00000004     app_pem4.oem4 (.const:ti_sysbios_knl_Clock_tickPeriod__C)
                  2001f2d0    00000004     app_pem4.oem4 (.const:ti_sysbios_knl_Idle_funcList__A)
                  2001f2d4    00000004     app_pem4.oem4 (.const:ti_sysbios_knl_Mailbox_A_invalidBufSize__C)
                  2001f2d8    00000004     app_pem4.oem4 (.const:ti_sysbios_knl_Mailbox_Instance_State_dataQue__O)
                  2001f2dc    00000004     app_pem4.oem4 (.const:ti_sysbios_knl_Mailbox_Instance_State_dataSem__O)
                  2001f2e0    00000004     app_pem4.oem4 (.const:ti_sysbios_knl_Mailbox_Instance_State_freeQue__O)
                  2001f2e4    00000004     app_pem4.oem4 (.const:ti_sysbios_knl_Mailbox_Instance_State_freeSem__O)
                  2001f2e8    00000004     app_pem4.oem4 (.const:ti_sysbios_knl_Mailbox_Module__diagsEnabled__C)
                  2001f2ec    00000004     app_pem4.oem4 (.const:ti_sysbios_knl_Mailbox_Module__diagsIncluded__C)
                  2001f2f0    00000004     app_pem4.oem4 (.const:ti_sysbios_knl_Mailbox_Module__diagsMask__C)
                  2001f2f4    00000004     app_pem4.oem4 (.const:ti_sysbios_knl_Mailbox_Object__count__C)
                  2001f2f8    00000004     app_pem4.oem4 (.const:ti_sysbios_knl_Mailbox_maxTypeAlign__C)
                  2001f2fc    00000004     app_pem4.oem4 (.const:ti_sysbios_knl_Semaphore_A_badContext__C)
                  2001f300    00000004     app_pem4.oem4 (.const:ti_sysbios_knl_Semaphore_A_noEvents__C)
                  2001f304    00000004     app_pem4.oem4 (.const:ti_sysbios_knl_Semaphore_A_overflow__C)
                  2001f308    00000004     app_pem4.oem4 (.const:ti_sysbios_knl_Semaphore_A_pendTaskDisabled__C)
                  2001f30c    00000004     app_pem4.oem4 (.const:ti_sysbios_knl_Semaphore_Instance_State_pendQ__O)
                  2001f310    00000004     app_pem4.oem4 (.const:ti_sysbios_knl_Semaphore_LM_pend__C)
                  2001f314    00000004     app_pem4.oem4 (.const:ti_sysbios_knl_Semaphore_LM_post__C)
                  2001f318    00000004     app_pem4.oem4 (.const:ti_sysbios_knl_Semaphore_Module__diagsEnabled__C)
                  2001f31c    00000004     app_pem4.oem4 (.const:ti_sysbios_knl_Semaphore_Module__diagsIncluded__C)
                  2001f320    00000004     app_pem4.oem4 (.const:ti_sysbios_knl_Semaphore_Module__diagsMask__C)
                  2001f324    00000004     app_pem4.oem4 (.const:ti_sysbios_knl_Semaphore_Module__loggerFxn2__C)
                  2001f328    00000004     app_pem4.oem4 (.const:ti_sysbios_knl_Semaphore_Module__loggerFxn4__C)
                  2001f32c    00000004     app_pem4.oem4 (.const:ti_sysbios_knl_Semaphore_Module__loggerObj__C)
                  2001f330    00000004     app_pem4.oem4 (.const:ti_sysbios_knl_Swi_LD_end__C)
                  2001f334    00000004     app_pem4.oem4 (.const:ti_sysbios_knl_Swi_LM_begin__C)
                  2001f338    00000004     app_pem4.oem4 (.const:ti_sysbios_knl_Swi_LM_post__C)
                  2001f33c    00000004     app_pem4.oem4 (.const:ti_sysbios_knl_Swi_Module__diagsEnabled__C)
                  2001f340    00000004     app_pem4.oem4 (.const:ti_sysbios_knl_Swi_Module__diagsIncluded__C)
                  2001f344    00000004     app_pem4.oem4 (.const:ti_sysbios_knl_Swi_Module__diagsMask__C)
                  2001f348    00000004     app_pem4.oem4 (.const:ti_sysbios_knl_Swi_Module__loggerFxn1__C)
                  2001f34c    00000004     app_pem4.oem4 (.const:ti_sysbios_knl_Swi_Module__loggerFxn4__C)
                  2001f350    00000004     app_pem4.oem4 (.const:ti_sysbios_knl_Swi_Module__loggerObj__C)
                  2001f354    00000004     app_pem4.oem4 (.const:ti_sysbios_knl_Swi_Object__count__C)
                  2001f358    00000004     app_pem4.oem4 (.const:ti_sysbios_knl_Task_A_badPriority__C)
                  2001f35c    00000004     app_pem4.oem4 (.const:ti_sysbios_knl_Task_A_badTaskState__C)
                  2001f360    00000004     app_pem4.oem4 (.const:ti_sysbios_knl_Task_A_badThreadType__C)
                  2001f364    00000004     app_pem4.oem4 (.const:ti_sysbios_knl_Task_A_badTimeout__C)
                  2001f368    00000004     app_pem4.oem4 (.const:ti_sysbios_knl_Task_A_noPendElem__C)
                  2001f36c    00000004     app_pem4.oem4 (.const:ti_sysbios_knl_Task_A_sleepTaskDisabled__C)
                  2001f370    00000004     app_pem4.oem4 (.const:ti_sysbios_knl_Task_E_spOutOfBounds__C)
                  2001f374    00000004     app_pem4.oem4 (.const:ti_sysbios_knl_Task_E_stackOverflow__C)
                  2001f378    00000004     app_pem4.oem4 (.const:ti_sysbios_knl_Task_LD_block__C)
                  2001f37c    00000004     app_pem4.oem4 (.const:ti_sysbios_knl_Task_LD_exit__C)
                  2001f380    00000004     app_pem4.oem4 (.const:ti_sysbios_knl_Task_LD_ready__C)
                  2001f384    00000004     app_pem4.oem4 (.const:ti_sysbios_knl_Task_LM_sleep__C)
                  2001f388    00000004     app_pem4.oem4 (.const:ti_sysbios_knl_Task_LM_switch__C)
                  2001f38c    00000004     app_pem4.oem4 (.const:ti_sysbios_knl_Task_LM_yield__C)
                  2001f390    00000004     app_pem4.oem4 (.const:ti_sysbios_knl_Task_Module_State_inactiveQ__O)
                  2001f394    00000004     app_pem4.oem4 (.const:ti_sysbios_knl_Task_Module__diagsEnabled__C)
                  2001f398    00000004     app_pem4.oem4 (.const:ti_sysbios_knl_Task_Module__diagsIncluded__C)
                  2001f39c    00000004     app_pem4.oem4 (.const:ti_sysbios_knl_Task_Module__diagsMask__C)
                  2001f3a0    00000004     app_pem4.oem4 (.const:ti_sysbios_knl_Task_Module__loggerFxn2__C)
                  2001f3a4    00000004     app_pem4.oem4 (.const:ti_sysbios_knl_Task_Module__loggerFxn4__C)
                  2001f3a8    00000004     app_pem4.oem4 (.const:ti_sysbios_knl_Task_Module__loggerObj__C)
                  2001f3ac    00000004     app_pem4.oem4 (.const:ti_sysbios_knl_Task_Object__count__C)
                  2001f3b0    00000004     app_pem4.oem4 (.const:ti_sysbios_knl_Task_allBlockedFunc__C)
                  2001f3b4    00000004     app_pem4.oem4 (.const:ti_sysbios_knl_Task_defaultStackHeap__C)
                  2001f3b8    00000004     app_pem4.oem4 (.const:ti_sysbios_knl_Task_defaultStackSize__C)
                  2001f3bc    00000004     app_pem4.oem4 (.const:ti_sysbios_knl_Task_numConstructedTasks__C)
                  2001f3c0    00000004     app_pem4.oem4 (.const:xdc_runtime_Assert_E_assertFailed__C)
                  2001f3c4    00000004     app_pem4.oem4 (.const:xdc_runtime_Core_A_initializedParams__C)
                  2001f3c8    00000004     app_pem4.oem4 (.const:xdc_runtime_Core_Module__diagsEnabled__C)
                  2001f3cc    00000004     app_pem4.oem4 (.const:xdc_runtime_Core_Module__diagsIncluded__C)
                  2001f3d0    00000004     app_pem4.oem4 (.const:xdc_runtime_Core_Module__diagsMask__C)
                  2001f3d4    00000004     app_pem4.oem4 (.const:xdc_runtime_Error_E_memory__C)
                  2001f3d8    00000004     app_pem4.oem4 (.const:xdc_runtime_Error_Module__diagsEnabled__C)
                  2001f3dc    00000004     app_pem4.oem4 (.const:xdc_runtime_Error_Module__diagsIncluded__C)
                  2001f3e0    00000004     app_pem4.oem4 (.const:xdc_runtime_Error_Module__diagsMask__C)
                  2001f3e4    00000004     app_pem4.oem4 (.const:xdc_runtime_Error_Module__loggerFxn8__C)
                  2001f3e8    00000004     app_pem4.oem4 (.const:xdc_runtime_Error_Module__loggerObj__C)
                  2001f3ec    00000004     app_pem4.oem4 (.const:xdc_runtime_Error_policyFxn__C)
                  2001f3f0    00000004     app_pem4.oem4 (.const:xdc_runtime_Error_raiseHook__C)
                  2001f3f4    00000004     app_pem4.oem4 (.const:xdc_runtime_IFilterLogger_Interface__BASE__C)
                  2001f3f8    00000004     app_pem4.oem4 (.const:xdc_runtime_IGateProvider_Interface__BASE__C)
                  2001f3fc    00000004     app_pem4.oem4 (.const:xdc_runtime_IHeap_Interface__BASE__C)
                  2001f400    00000004     app_pem4.oem4 (.const:xdc_runtime_ILogger_Interface__BASE__C)
                  2001f404    00000004     app_pem4.oem4 (.const:xdc_runtime_IModule_Interface__BASE__C)
                  2001f408    00000004     app_pem4.oem4 (.const:xdc_runtime_Log_L_error__C)
                  2001f40c    00000004     app_pem4.oem4 (.const:xdc_runtime_LoggerBuf_E_badLevel__C)
                  2001f410    00000004     app_pem4.oem4 (.const:xdc_runtime_LoggerBuf_Module__gateObj__C)
                  2001f414    00000004     app_pem4.oem4 (.const:xdc_runtime_LoggerBuf_Object__count__C)
                  2001f418    00000004     app_pem4.oem4 (.const:xdc_runtime_LoggerBuf_statusLogger__C)
                  2001f41c    00000004     app_pem4.oem4 (.const:xdc_runtime_Memory_defaultHeapInstance__C)
                  2001f420    00000004     app_pem4.oem4 (.const:xdc_runtime_Startup_execImpl__C)
                  2001f424    00000004     app_pem4.oem4 (.const:xdc_runtime_Startup_maxPasses__C)
                  2001f428    00000004     app_pem4.oem4 (.const:xdc_runtime_Startup_sfxnRts__C)
                  2001f42c    00000004     app_pem4.oem4 (.const:xdc_runtime_Startup_sfxnTab__C)
                  2001f430    00000004     app_pem4.oem4 (.const:xdc_runtime_SysMin_bufSize__C)
[...]
2001f338  ti_sysbios_knl_Swi_LM_post__C                               
2001f33c  ti_sysbios_knl_Swi_Module__diagsEnabled__C                  
2001f340  ti_sysbios_knl_Swi_Module__diagsIncluded__C                 
2001f344  ti_sysbios_knl_Swi_Module__diagsMask__C                     
2001f348  ti_sysbios_knl_Swi_Module__loggerFxn1__C                    
2001f34c  ti_sysbios_knl_Swi_Module__loggerFxn4__C                    
2001f350  ti_sysbios_knl_Swi_Module__loggerObj__C                     
2001f354  ti_sysbios_knl_Swi_Object__count__C                         
2001f358  ti_sysbios_knl_Task_A_badPriority__C                        
2001f35c  ti_sysbios_knl_Task_A_badTaskState__C                       
2001f360  ti_sysbios_knl_Task_A_badThreadType__C                      
2001f364  ti_sysbios_knl_Task_A_badTimeout__C                         
2001f368  ti_sysbios_knl_Task_A_noPendElem__C                         
2001f36c  ti_sysbios_knl_Task_A_sleepTaskDisabled__C                  
2001f370  ti_sysbios_knl_Task_E_spOutOfBounds__C                      
2001f374  ti_sysbios_knl_Task_E_stackOverflow__C                      
2001f378  ti_sysbios_knl_Task_LD_block__C                             
2001f37c  ti_sysbios_knl_Task_LD_exit__C                              
2001f380  ti_sysbios_knl_Task_LD_ready__C                             
2001f384  ti_sysbios_knl_Task_LM_sleep__C                             
2001f388  ti_sysbios_knl_Task_LM_switch__C                            
2001f38c  ti_sysbios_knl_Task_LM_yield__C                             
2001f390  ti_sysbios_knl_Task_Module_State_inactiveQ__O               
2001f394  ti_sysbios_knl_Task_Module__diagsEnabled__C                 
2001f398  ti_sysbios_knl_Task_Module__diagsIncluded__C                
2001f39c  ti_sysbios_knl_Task_Module__diagsMask__C                    
2001f3a0  ti_sysbios_knl_Task_Module__loggerFxn2__C                   
2001f3a4  ti_sysbios_knl_Task_Module__loggerFxn4__C                   
2001f3a8  ti_sysbios_knl_Task_Module__loggerObj__C                    
2001f3ac  ti_sysbios_knl_Task_Object__count__C                        
2001f3b0  ti_sysbios_knl_Task_allBlockedFunc__C                       
2001f3b4  ti_sysbios_knl_Task_defaultStackHeap__C                     
2001f3b8  ti_sysbios_knl_Task_defaultStackSize__C                     
2001f3bc  ti_sysbios_knl_Task_numConstructedTasks__C                  
2001f3c0  xdc_runtime_Assert_E_assertFailed__C                        
2001f3c4  xdc_runtime_Core_A_initializedParams__C                     
2001f3c8  xdc_runtime_Core_Module__diagsEnabled__C                    
2001f3cc  xdc_runtime_Core_Module__diagsIncluded__C                   
2001f3d0  xdc_runtime_Core_Module__diagsMask__C                       
2001f3d4  xdc_runtime_Error_E_memory__C                               
2001f3d8  xdc_runtime_Error_Module__diagsEnabled__C                   
2001f3dc  xdc_runtime_Error_Module__diagsIncluded__C                  
2001f3e0  xdc_runtime_Error_Module__diagsMask__C                      
2001f3e4  xdc_runtime_Error_Module__loggerFxn8__C                     
2001f3e8  xdc_runtime_Error_Module__loggerObj__C                      
2001f3ec  xdc_runtime_Error_policyFxn__C                              
2001f3f0  xdc_runtime_Error_raiseHook__C                              
2001f3f4  xdc_runtime_IFilterLogger_Interface__BASE__C                
2001f3f8  xdc_runtime_IGateProvider_Interface__BASE__C                
2001f3fc  xdc_runtime_IHeap_Interface__BASE__C                        
2001f400  xdc_runtime_ILogger_Interface__BASE__C                      
2001f404  xdc_runtime_IModule_Interface__BASE__C                      
2001f408  xdc_runtime_Log_L_error__C                                  
2001f40c  xdc_runtime_LoggerBuf_E_badLevel__C                         
2001f410  xdc_runtime_LoggerBuf_Module__gateObj__C                    
2001f414  xdc_runtime_LoggerBuf_Object__count__C                      
2001f418  xdc_runtime_LoggerBuf_statusLogger__C                       
2001f41c  xdc_runtime_Memory_defaultHeapInstance__C                   
2001f420  xdc_runtime_Startup_execImpl__C                             
2001f424  xdc_runtime_Startup_maxPasses__C                            
2001f428  xdc_runtime_Startup_sfxnRts__C                              
2001f42c  xdc_runtime_Startup_sfxnTab__C                              
2001f430  xdc_runtime_SysMin_bufSize__C                               
2001f434  xdc_runtime_SysMin_outputFunc__C                            
2001f438  xdc_runtime_System_Module__gateObj__C                       
2001f43c  xdc_runtime_System_abortFxn__C                              
2001f440  xdc_runtime_System_exitFxn__C                               
2001f444  xdc_runtime_System_extendFxn__C                             
2001f448  xdc_runtime_System_maxAtexitHandlers__C                     
2001f44c  xdc_runtime_Text_charTab__C                                 
2001f450  xdc_runtime_Text_nameEmpty__C                               
2001f454  xdc_runtime_Text_nameStatic__C                              
2001f458  xdc_runtime_Text_nameUnknown__C                             
2001f45c  xdc_runtime_Text_nodeTab__C                                 
2001f460  xdc_runtime_Text_visitRopeFxn__C                            
2001f464  ti_sysbios_gates_GateMutex_Module__id__C                    
2001f466  ti_sysbios_hal_Hwi_Module__id__C                            
2001f468  ti_sysbios_heaps_HeapMem_Module__id__C                      
2001f46a  ti_sysbios_knl_Clock_Module__id__C                          
2001f46c  ti_sysbios_knl_Clock_Module__loggerDefined__C               
2001f46e  ti_sysbios_knl_Mailbox_Module__id__C                        
2001f470  ti_sysbios_knl_Semaphore_Module__id__C                      
2001f472  ti_sysbios_knl_Semaphore_Module__loggerDefined__C           
2001f474  ti_sysbios_knl_Swi_Module__id__C                            
2001f476  ti_sysbios_knl_Swi_Module__loggerDefined__C                 
2001f478  ti_sysbios_knl_Task_Module__id__C                           
2001f47a  ti_sysbios_knl_Task_Module__loggerDefined__C                
2001f47c  xdc_runtime_Core_Module__id__C                              
2001f47e  xdc_runtime_Error_Module__loggerDefined__C                  
2001f480  xdc_runtime_Error_maxDepth__C                               
2001f482  xdc_runtime_LoggerBuf_Module__id__C                         
2001f484  xdc_runtime_LoggerBuf_filterByLevel__C                      
2001f486  xdc_runtime_Memory_Module__id__C                            
2001f488  xdc_runtime_SysMin_flushAtExit__C                           
2001f48a  xdc_runtime_Text_charCnt__C                                 
2001f48c  xdc_runtime_Text_isLoaded__C                                
2001f48e  xdc_runtime_Text_registryModsLastId__C                      
2001f490  xdc_runtime_Text_unnamedModsLastId__C                       
2001f498  __TI_static_base__                                          
2001f804  __TI_Handler_Table_Base                                     
2001f80c  __TI_CINIT_Base                                             
2001f80c  __TI_Handler_Table_Limit                                    
2001f81c  __TI_CINIT_Limit                                            
2002bf00  ti_sysbios_heaps_HeapMem_Instance_State_0_buf__A            
20035f00  ti_sysbios_knl_Task_Instance_State_0_stack__A               
20036700  g_ucUartAckRxBuffer                                         
20036f00  g_ucUartRxBuffer                                            
20037ca0  g_OtaCheckUpdateResponse                                    
200380ec  xdc_runtime_LoggerBuf_Instance_State_0_entryArr__A          
200384ec  xdc_runtime_SysMin_Module_State_0_outbuf__A                 
20038ce8  g_OtaFileMetadata                                           
200390c0  ti_sysbios_family_arm_m3_Hwi_dispatchTable                  
2003980c  g_StatMem                                                   
20039984  cmd_tbl                                                     
20039ad4  __CIOBUF_                                                   
20039bf4  g_CdnClient                                                 
20039ccc  gw_context                                                  
20039d28  g_ucDinDout                                                 
20039d78  g_OtaApp                                                    
20039dc4  g_OtaApp_statistics                                         
20039e10  gGapPacket                                                  
20039e40  gGattPacket                                                 
20039e70  DeviceRec                                                   
20039e98  g_OtaClient                                                 
20039ebc  g_ucConnectionSSID                                          
20039ee0  attWriteReq                                                 
20039efa  attReadReq                                                  
20039efc  blefiCfgRec                                                 
20039f14  attReadByTypeReq                                            
20039f29  RxIrqCnt                                                    
20039f2a  lock_conn_handle                                            
20039f2c  g_FlcSflashCb                                               
20039f70  gapCentralRoleIRK                                           
20039f80  gapCentralRoleSRK                                           
20039fa8  g_LogClient                                                 
20039fb0  g_macAddressVal                                             
20039fb8  g_ucConnectionBSSID                                         
20039fc0  gapCentralRoleBdAddr                                        
20039fc8  gwRandomKey                                                 
20039fe4  DMAMsgQ                                                     
20039fe8  GC_ApiLockObj                                               
20039fec  ReportLockObj                                               
20039ff0  SimpleLinkSpawnTaskHndl                                     
20039ff4  gIntHdlr                                                    
20039ff8  gNPI_SyncObj                                                
20039ffc  g_GWConSyncObj                                              
2003a000  g_GWGenSyncObj                                              
2003a004  g_GWRespSyncObj                                             
2003a008  g_NetStatSyncObj                                            
2003a00c  g_ReadFds                                                   
2003a010  g_cDummy                                                    
2003a014  pGC_StateCB                                                 
2003a018  pNpiEvtCb                                                   
2003a01c  pcliSyncObj                                                 
2003a020  sGC_AppMsgQueue                                             
2003a024  sGC_StackMsgQueue                                           
2003a028  sMsg                                                        
2003a02c  sblFileHandle                                               
2003a030  simpleLink_mailbox                                          
2003a034  current_state                                               
2003a035  g_ucLED1Pin                                                 
2003a036  g_ucLED2Pin                                                 
2003a037  g_ucLED3Pin                                                 
2003a038  g_ucPacketEvent                                             
2003a039  g_ucPacketLen                                               
2003a03a  g_ucPacketType                                              
2003a03b  lastCmdResponse                                             
2003a03c  ti_sysbios_knl_Swi_Module_State_0_readyQ__A                 
2003a0bc  ti_sysbios_knl_Task_Module_State_0_readyQ__A                
2003a13c  ti_sysbios_knl_Task_Object__table__V                        
2003a188  ti_sysbios_knl_Task_Module__state__V                        
2003a1cc  ti_sysbios_gates_GateMutex_Object__table__V                 
2003a204  ti_sysbios_family_arm_m3_Hwi_Module__state__V               
2003a238  ti_sysbios_family_arm_m3_Timer_Object__table__V             
2003a268  ti_sysbios_knl_Swi_Object__table__V                         
2003a298  ti_sysbios_knl_Clock_Module__state__V                       
2003a2c4  is_blefiCfgReady                                            
2003a2c5  is_blefiCfgupdate                                           
2003a2c8  cfgSize                                                     
2003a2cc  autoScanTimeout                                             
2003a2d4  num_fds_ready                                               
2003a2d8  cloud_connected                                             
2003a2dc  g_ulDestinationIP                                           
2003a2e0  g_uiPortNum                                                 
2003a2e5  g_bleCurrState                                              
2003a2ec  ti_sysbios_BIOS_Module__state__V                            
2003a310  xdc_runtime_LoggerBuf_Object__table__V                      
2003a334  ti_sysbios_knl_Swi_Module__state__V                         
2003a350  ti_sysbios_family_arm_m3_Hwi_Object__table__V               
2003a368  ti_sysbios_heaps_HeapMem_Object__table__V                   
2003a380  uuid_1_handle                                               
2003a382  uuid_1_handle_found                                         
2003a384  uuid_2_handle                                               
2003a386  uuid_2_handle_found                                         
2003a388  uuid_3_handle                                               
2003a38a  uuid_3_handle_found                                         
2003a38c  uuid_4_handle                                               
2003a38e  uuid_4_handle_found                                         
2003a390  uuid_5_handle                                               
2003a392  uuid_5_handle_found                                         
2003a394  uuid_noti_handle                                            
2003a396  uuid_noti_handle_found                                      
2003a397  is_notiEnable                                               
2003a3cf  is_bleStackReady                                            
2003a3d0  xdc_runtime_System_Module_State_0_atexitHandlers__A         
2003a3e0  is_slReady                                                  
2003a3e4  g_ulStatus                                                  
2003a3e8  g_ucConnectedToConfAP                                       
2003a3e9  g_ucProvisioningDone                                        
2003a3ea  g_ucPriority                                                
2003a3eb  g_macAddressLen                                             
2003a3ec  g_macAddressGet                                             
2003a3ed  gOutGoingPacket                                             
2003a3ee  gCC2650Packet                                               
2003a3ef  gAckEvent                                                   
2003a3f0  __TI_cleanup_ptr                                            
2003a3f4  __TI_dtors_ptr                                              
2003a3f8  __TI_enable_exit_profile_output                             
2003a3fc  g_uiLED1Port                                                
2003a400  g_uiLED2Port                                                
2003a404  g_uiLED3Port                                                
2003a408  gNpiReady                                                   
2003a40c  g_uiUartRxBufHead                                           
2003a410  g_ucUartReadLen                                             
2003a411  g_ucUartByteCount                                           
2003a412  g_ucUartReadState                                           
2003a413  g_ucUartPacketState                                         
2003a414  ti_sysbios_family_arm_m3_Timer_Module__state__V             
2003a420  xdc_runtime_SysMin_Module__state__V                         
2003a42c  g_SpiFd                                                     
2003a430  g_pHostIntHdl                                               
2003a434  g_ucDMAEnabled                                              
2003a435  gSblDone                                                    
2003a436  selfEntity                                                  
2003a438  g_pCB                                                       
2003a43c  pPingCallBackFunc                                           
2003a440  gFirstCmdMode                                               
2003a441  g_ucStartUARTSend                                           
2003a442  ti_sysbios_family_arm_m3_Hwi_Module_State_0_excActive__A    
2003a444  _lock                                                       
2003a448  _unlock                                                     
2003a44c  cli_cmd_count                                               
2003a44d  gCLIChar                                                    
2003a454  ti_sysbios_family_arm_m3_Hwi_Module__root__V                
2003a45c  ti_sysbios_gates_GateHwi_Module__root__V                    
2003a464  ti_sysbios_gates_GateMutex_Module__root__V                  
2003a46c  ti_sysbios_heaps_HeapMem_Module__root__V                    
2003a474  ti_sysbios_knl_Mailbox_Module__root__V                      
2003a47c  ti_sysbios_knl_Queue_Module__root__V                        
2003a484  ti_sysbios_knl_Semaphore_Module__root__V                    
2003a48c  ti_sysbios_knl_Task_Module__root__V                         
2003a494  xdc_runtime_LoggerBuf_Module__root__V                       
2003a49c  xdc_runtime_Registry_Module__state__V                       
2003a4a4  xdc_runtime_Startup_Module__state__V                        
2003a4ac  xdc_runtime_System_Module__state__V                         
2003a4b4  gw_wlan_mac                                                 
2003a4ba  xdc_runtime_LoggerBuf_Module__state__V                      
2003a4c0  gapCentralRoleSignCounter                                   
2003a4c4  gapCentralRoleMaxScanRes                                    
2003a4c6  xdc_runtime_Error_Module__state__V                          
2003a4c8  g_uiUartRxBufTail                                           
2003a4cc  g_ConsecutiveNetAccessNetErrors                             
2003a4d0  errno                                                       
2003a4d4  main_func_sp                                                
2003a4d8  ti_sysbios_family_arm_m3_Hwi_Module_State_0_excContext__A   
2003a4dc  ti_sysbios_family_arm_m3_Hwi_Module_State_0_excStack__A     
2003a4e0  ti_sysbios_family_arm_m3_TimestampProvider_Module__state__V 
2003a4e4  ti_sysbios_gates_GateHwi_Object__table__V                   
2003a4e8  ti_sysbios_knl_Task_Module_State_0_idleTask__A              
2003a4ec  xdc_runtime_Memory_Module__state__V                         
2003cdfc  __stack                                                     
2003edfc  __STACK_END                                                 
e000e000  ti_sysbios_family_arm_m3_Hwi_nvic                           
ffffffff  __TI_pprof_out_hndl                                         
ffffffff  __TI_prof_data_size                                         
ffffffff  __TI_prof_data_start                                        
ffffffff  __binit__                                                   
ffffffff  __c_args__                                                  
ffffffff  binit                                                       
UNDEFED   SHT$$INIT_ARRAY$$Base                                       
UNDEFED   SHT$$INIT_ARRAY$$Limit                                      

[1416 symbols]
